Archive member included to satisfy reference by file (symbol)

C:\Users\chama\STM32CubeIDE\ARM_MATH_CM7_testing\CMSIS_4.5_test_v2\libs\libarm_cortexM7lfdp_math.a(arm_mat_mult_f32.o)
                              ./Core/Src/main.o (arm_mat_mult_f32)
C:\Users\chama\STM32CubeIDE\ARM_MATH_CM7_testing\CMSIS_4.5_test_v2\libs\libarm_cortexM7lfdp_math.a(arm_mat_init_f32.o)
                              ./Core/Src/main.o (arm_mat_init_f32)
c:/st/stm32cubeide_1.8.0/stm32cubeide/plugins/com.st.stm32cube.ide.mcu.externaltools.gnu-tools-for-stm32.9-2020-q2-update.win32_2.0.0.202105311346/tools/bin/../lib/gcc/arm-none-eabi/9.3.1/../../../../arm-none-eabi/lib/thumb/v7e-m+dp/hard\libc_nano.a(lib_a-errno.o)
                              ./Core/Src/syscalls.o (__errno)
c:/st/stm32cubeide_1.8.0/stm32cubeide/plugins/com.st.stm32cube.ide.mcu.externaltools.gnu-tools-for-stm32.9-2020-q2-update.win32_2.0.0.202105311346/tools/bin/../lib/gcc/arm-none-eabi/9.3.1/../../../../arm-none-eabi/lib/thumb/v7e-m+dp/hard\libc_nano.a(lib_a-exit.o)
                              c:/st/stm32cubeide_1.8.0/stm32cubeide/plugins/com.st.stm32cube.ide.mcu.externaltools.gnu-tools-for-stm32.9-2020-q2-update.win32_2.0.0.202105311346/tools/bin/../lib/gcc/arm-none-eabi/9.3.1/../../../../arm-none-eabi/lib/thumb/v7e-m+dp/hard/crt0.o (exit)
c:/st/stm32cubeide_1.8.0/stm32cubeide/plugins/com.st.stm32cube.ide.mcu.externaltools.gnu-tools-for-stm32.9-2020-q2-update.win32_2.0.0.202105311346/tools/bin/../lib/gcc/arm-none-eabi/9.3.1/../../../../arm-none-eabi/lib/thumb/v7e-m+dp/hard\libc_nano.a(lib_a-impure.o)
                              c:/st/stm32cubeide_1.8.0/stm32cubeide/plugins/com.st.stm32cube.ide.mcu.externaltools.gnu-tools-for-stm32.9-2020-q2-update.win32_2.0.0.202105311346/tools/bin/../lib/gcc/arm-none-eabi/9.3.1/../../../../arm-none-eabi/lib/thumb/v7e-m+dp/hard\libc_nano.a(lib_a-exit.o) (_global_impure_ptr)
c:/st/stm32cubeide_1.8.0/stm32cubeide/plugins/com.st.stm32cube.ide.mcu.externaltools.gnu-tools-for-stm32.9-2020-q2-update.win32_2.0.0.202105311346/tools/bin/../lib/gcc/arm-none-eabi/9.3.1/../../../../arm-none-eabi/lib/thumb/v7e-m+dp/hard\libc_nano.a(lib_a-init.o)
                              c:/st/stm32cubeide_1.8.0/stm32cubeide/plugins/com.st.stm32cube.ide.mcu.externaltools.gnu-tools-for-stm32.9-2020-q2-update.win32_2.0.0.202105311346/tools/bin/../lib/gcc/arm-none-eabi/9.3.1/../../../../arm-none-eabi/lib/thumb/v7e-m+dp/hard/crt0.o (__libc_init_array)
c:/st/stm32cubeide_1.8.0/stm32cubeide/plugins/com.st.stm32cube.ide.mcu.externaltools.gnu-tools-for-stm32.9-2020-q2-update.win32_2.0.0.202105311346/tools/bin/../lib/gcc/arm-none-eabi/9.3.1/../../../../arm-none-eabi/lib/thumb/v7e-m+dp/hard\libc_nano.a(lib_a-malloc.o)
                              ./Core/Src/main.o (free)
c:/st/stm32cubeide_1.8.0/stm32cubeide/plugins/com.st.stm32cube.ide.mcu.externaltools.gnu-tools-for-stm32.9-2020-q2-update.win32_2.0.0.202105311346/tools/bin/../lib/gcc/arm-none-eabi/9.3.1/../../../../arm-none-eabi/lib/thumb/v7e-m+dp/hard\libc_nano.a(lib_a-memset.o)
                              c:/st/stm32cubeide_1.8.0/stm32cubeide/plugins/com.st.stm32cube.ide.mcu.externaltools.gnu-tools-for-stm32.9-2020-q2-update.win32_2.0.0.202105311346/tools/bin/../lib/gcc/arm-none-eabi/9.3.1/../../../../arm-none-eabi/lib/thumb/v7e-m+dp/hard/crt0.o (memset)
c:/st/stm32cubeide_1.8.0/stm32cubeide/plugins/com.st.stm32cube.ide.mcu.externaltools.gnu-tools-for-stm32.9-2020-q2-update.win32_2.0.0.202105311346/tools/bin/../lib/gcc/arm-none-eabi/9.3.1/../../../../arm-none-eabi/lib/thumb/v7e-m+dp/hard\libc_nano.a(lib_a-nano-freer.o)
                              c:/st/stm32cubeide_1.8.0/stm32cubeide/plugins/com.st.stm32cube.ide.mcu.externaltools.gnu-tools-for-stm32.9-2020-q2-update.win32_2.0.0.202105311346/tools/bin/../lib/gcc/arm-none-eabi/9.3.1/../../../../arm-none-eabi/lib/thumb/v7e-m+dp/hard\libc_nano.a(lib_a-malloc.o) (_free_r)
c:/st/stm32cubeide_1.8.0/stm32cubeide/plugins/com.st.stm32cube.ide.mcu.externaltools.gnu-tools-for-stm32.9-2020-q2-update.win32_2.0.0.202105311346/tools/bin/../lib/gcc/arm-none-eabi/9.3.1/../../../../arm-none-eabi/lib/thumb/v7e-m+dp/hard\libc_nano.a(lib_a-nano-mallocr.o)
                              c:/st/stm32cubeide_1.8.0/stm32cubeide/plugins/com.st.stm32cube.ide.mcu.externaltools.gnu-tools-for-stm32.9-2020-q2-update.win32_2.0.0.202105311346/tools/bin/../lib/gcc/arm-none-eabi/9.3.1/../../../../arm-none-eabi/lib/thumb/v7e-m+dp/hard\libc_nano.a(lib_a-malloc.o) (_malloc_r)
c:/st/stm32cubeide_1.8.0/stm32cubeide/plugins/com.st.stm32cube.ide.mcu.externaltools.gnu-tools-for-stm32.9-2020-q2-update.win32_2.0.0.202105311346/tools/bin/../lib/gcc/arm-none-eabi/9.3.1/../../../../arm-none-eabi/lib/thumb/v7e-m+dp/hard\libc_nano.a(lib_a-sbrkr.o)
[...]
Memory Configuration

Name             Origin             Length             Attributes
ITCMRAM          0x0000000000000000 0x0000000000010000 xrw
FLASH            0x0000000008000000 0x0000000000200000 xr
DTCMRAM1         0x0000000020000000 0x0000000000010000 xrw
DTCMRAM2         0x0000000020010000 0x0000000000010000 xrw
RAM              0x0000000024000000 0x0000000000100000 xrw
RAM_CD           0x0000000030000000 0x0000000000020000 xrw
RAM_SRD          0x0000000038000000 0x0000000000008000 xrw
*default*        0x0000000000000000 0xffffffffffffffff

Linker script and memory map

LOAD c:/st/stm32cubeide_1.8.0/stm32cubeide/plugins/com.st.stm32cube.ide.mcu.externaltools.gnu-tools-for-stm32.9-2020-q2-update.win32_2.0.0.202105311346/tools/bin/../lib/gcc/arm-none-eabi/9.3.1/thumb/v7e-m+dp/hard/crti.o
LOAD c:/st/stm32cubeide_1.8.0/stm32cubeide/plugins/com.st.stm32cube.ide.mcu.externaltools.gnu-tools-for-stm32.9-2020-q2-update.win32_2.0.0.202105311346/tools/bin/../lib/gcc/arm-none-eabi/9.3.1/thumb/v7e-m+dp/hard/crtbegin.o
LOAD c:/st/stm32cubeide_1.8.0/stm32cubeide/plugins/com.st.stm32cube.ide.mcu.externaltools.gnu-tools-for-stm32.9-2020-q2-update.win32_2.0.0.202105311346/tools/bin/../lib/gcc/arm-none-eabi/9.3.1/../../../../arm-none-eabi/lib/thumb/v7e-m+dp/hard/crt0.o
LOAD ./Core/Src/main.o
LOAD ./Core/Src/stm32h7xx_hal_msp.o
LOAD ./Core/Src/stm32h7xx_it.o
LOAD ./Core/Src/syscalls.o
LOAD ./Core/Src/sysmem.o
LOAD ./Core/Src/system_stm32h7xx.o
LOAD ./Core/Startup/startup_stm32h7a3zitxq.o
LOAD ./Drivers/STM32H7xx_HAL_Driver/Src/stm32h7xx_hal.o
LOAD ./Drivers/STM32H7xx_HAL_Driver/Src/stm32h7xx_hal_cortex.o
LOAD ./Drivers/STM32H7xx_HAL_Driver/Src/stm32h7xx_hal_dma.o
LOAD ./Drivers/STM32H7xx_HAL_Driver/Src/stm32h7xx_hal_dma_ex.o
LOAD ./Drivers/STM32H7xx_HAL_Driver/Src/stm32h7xx_hal_exti.o
LOAD ./Drivers/STM32H7xx_HAL_Driver/Src/stm32h7xx_hal_flash.o
LOAD ./Drivers/STM32H7xx_HAL_Driver/Src/stm32h7xx_hal_flash_ex.o
LOAD ./Drivers/STM32H7xx_HAL_Driver/Src/stm32h7xx_hal_gpio.o
LOAD ./Drivers/STM32H7xx_HAL_Driver/Src/stm32h7xx_hal_hsem.o
LOAD ./Drivers/STM32H7xx_HAL_Driver/Src/stm32h7xx_hal_i2c.o
LOAD ./Drivers/STM32H7xx_HAL_Driver/Src/stm32h7xx_hal_i2c_ex.o
LOAD ./Drivers/STM32H7xx_HAL_Driver/Src/stm32h7xx_hal_mdma.o
LOAD ./Drivers/STM32H7xx_HAL_Driver/Src/stm32h7xx_hal_pwr.o
LOAD ./Drivers/STM32H7xx_HAL_Driver/Src/stm32h7xx_hal_pwr_ex.o
LOAD ./Drivers/STM32H7xx_HAL_Driver/Src/stm32h7xx_hal_rcc.o
LOAD ./Drivers/STM32H7xx_HAL_Driver/Src/stm32h7xx_hal_rcc_ex.o
LOAD ./Drivers/STM32H7xx_HAL_Driver/Src/stm32h7xx_hal_tim.o
LOAD ./Drivers/STM32H7xx_HAL_Driver/Src/stm32h7xx_hal_tim_ex.o
LOAD ./Drivers/STM32H7xx_HAL_Driver/Src/stm32h7xx_hal_uart.o
LOAD ./Drivers/STM32H7xx_HAL_Driver/Src/stm32h7xx_hal_uart_ex.o
LOAD C:\Users\chama\STM32CubeIDE\ARM_MATH_CM7_testing\CMSIS_4.5_test_v2\libs\libarm_cortexM7lfdp_math.a
START GROUP
LOAD c:/st/stm32cubeide_1.8.0/stm32cubeide/plugins/com.st.stm32cube.ide.mcu.externaltools.gnu-tools-for-stm32.9-2020-q2-update.win32_2.0.0.202105311346/tools/bin/../lib/gcc/arm-none-eabi/9.3.1/../../../../arm-none-eabi/lib/thumb/v7e-m+dp/hard\libc_nano.a
LOAD c:/st/stm32cubeide_1.8.0/stm32cubeide/plugins/com.st.stm32cube.ide.mcu.externaltools.gnu-tools-for-stm32.9-2020-q2-update.win32_2.0.0.202105311346/tools/bin/../lib/gcc/arm-none-eabi/9.3.1/../../../../arm-none-eabi/lib/thumb/v7e-m+dp/hard\libm.a
END GROUP
START GROUP
LOAD c:/st/stm32cubeide_1.8.0/stm32cubeide/plugins/com.st.stm32cube.ide.mcu.externaltools.gnu-tools-for-stm32.9-2020-q2-update.win32_2.0.0.202105311346/tools/bin/../lib/gcc/arm-none-eabi/9.3.1/thumb/v7e-m+dp/hard\libgcc.a
LOAD c:/st/stm32cubeide_1.8.0/stm32cubeide/plugins/com.st.stm32cube.ide.mcu.externaltools.gnu-tools-for-stm32.9-2020-q2-update.win32_2.0.0.202105311346/tools/bin/../lib/gcc/arm-none-eabi/9.3.1/../../../../arm-none-eabi/lib/thumb/v7e-m+dp/hard\libc_nano.a
END GROUP
START GROUP
LOAD c:/st/stm32cubeide_1.8.0/stm32cubeide/plugins/com.st.stm32cube.ide.mcu.externaltools.gnu-tools-for-stm32.9-2020-q2-update.win32_2.0.0.202105311346/tools/bin/../lib/gcc/arm-none-eabi/9.3.1/thumb/v7e-m+dp/hard\libgcc.a
LOAD c:/st/stm32cubeide_1.8.0/stm32cubeide/plugins/com.st.stm32cube.ide.mcu.externaltools.gnu-tools-for-stm32.9-2020-q2-update.win32_2.0.0.202105311346/tools/bin/../lib/gcc/arm-none-eabi/9.3.1/../../../../arm-none-eabi/lib/thumb/v7e-m+dp/hard\libc_nano.a
LOAD c:/st/stm32cubeide_1.8.0/stm32cubeide/plugins/com.st.stm32cube.ide.mcu.externaltools.gnu-tools-for-stm32.9-2020-q2-update.win32_2.0.0.202105311346/tools/bin/../lib/gcc/arm-none-eabi/9.3.1/../../../../arm-none-eabi/lib/thumb/v7e-m+dp/hard\libnosys.a
END GROUP
START GROUP
LOAD c:/st/stm32cubeide_1.8.0/stm32cubeide/plugins/com.st.stm32cube.ide.mcu.externaltools.gnu-tools-for-stm32.9-2020-q2-update.win32_2.0.0.202105311346/tools/bin/../lib/gcc/arm-none-eabi/9.3.1/thumb/v7e-m+dp/hard\libgcc.a
LOAD c:/st/stm32cubeide_1.8.0/stm32cubeide/plugins/com.st.stm32cube.ide.mcu.externaltools.gnu-tools-for-stm32.9-2020-q2-update.win32_2.0.0.202105311346/tools/bin/../lib/gcc/arm-none-eabi/9.3.1/../../../../arm-none-eabi/lib/thumb/v7e-m+dp/hard\libc_nano.a
LOAD c:/st/stm32cubeide_1.8.0/stm32cubeide/plugins/com.st.stm32cube.ide.mcu.externaltools.gnu-tools-for-stm32.9-2020-q2-update.win32_2.0.0.202105311346/tools/bin/../lib/gcc/arm-none-eabi/9.3.1/../../../../arm-none-eabi/lib/thumb/v7e-m+dp/hard\libnosys.a
END GROUP
LOAD c:/st/stm32cubeide_1.8.0/stm32cubeide/plugins/com.st.stm32cube.ide.mcu.externaltools.gnu-tools-for-stm32.9-2020-q2-update.win32_2.0.0.202105311346/tools/bin/../lib/gcc/arm-none-eabi/9.3.1/thumb/v7e-m+dp/hard/crtend.o
LOAD c:/st/stm32cubeide_1.8.0/stm32cubeide/plugins/com.st.stm32cube.ide.mcu.externaltools.gnu-tools-for-stm32.9-2020-q2-update.win32_2.0.0.202105311346/tools/bin/../lib/gcc/arm-none-eabi/9.3.1/thumb/v7e-m+dp/hard/crtn.o
                0x0000000024100000                _estack = (ORIGIN (RAM) + LENGTH (RAM))
                0x0000000000000200                _Min_Heap_Size = 0x200
                0x0000000000000400                _Min_Stack_Size = 0x400

.isr_vector     0x0000000008000000      0x2ac
                0x0000000008000000                . = ALIGN (0x4)
 *(.isr_vector)
 .isr_vector    0x0000000008000000      0x2ac ./Core/Startup/startup_stm32h7a3zitxq.o
                0x0000000008000000                g_pfnVectors
                0x00000000080002ac                . = ALIGN (0x4)

.text           0x00000000080002ac     0x4e90
                0x00000000080002ac                . = ALIGN (0x4)
 *(.text)
 .text          0x00000000080002ac       0x40 c:/st/stm32cubeide_1.8.0/stm32cubeide/plugins/com.st.stm32cube.ide.mcu.externaltools.gnu-tools-for-stm32.9-2020-q2-update.win32_2.0.0.202105311346/tools/bin/../lib/gcc/arm-none-eabi/9.3.1/thumb/v7e-m+dp/hard/crtbegin.o
 .text          0x00000000080002ec       0x30 c:/st/stm32cubeide_1.8.0/stm32cubeide/plugins/com.st.stm32cube.ide.mcu.externaltools.gnu-tools-for-stm32.9-2020-q2-update.win32_2.0.0.202105311346/tools/bin/../lib/gcc/arm-none-eabi/9.3.1/thumb/v7e-m+dp/hard\libgcc.a(_aeabi_uldivmod.o)
                0x00000000080002ec                __aeabi_uldivmod
 .text          0x000000000800031c      0x2c4 c:/st/stm32cubeide_1.8.0/stm32cubeide/plugins/com.st.stm32cube.ide.mcu.externaltools.gnu-tools-for-stm32.9-2020-q2-update.win32_2.0.0.202105311346/tools/bin/../lib/gcc/arm-none-eabi/9.3.1/thumb/v7e-m+dp/hard\libgcc.a(_udivmoddi4.o)
                0x000000000800031c                __udivmoddi4
 .text          0x00000000080005e0        0x4 c:/st/stm32cubeide_1.8.0/stm32cubeide/plugins/com.st.stm32cube.ide.mcu.externaltools.gnu-tools-for-stm32.9-2020-q2-update.win32_2.0.0.202105311346/tools/bin/../lib/gcc/arm-none-eabi/9.3.1/thumb/v7e-m+dp/hard\libgcc.a(_dvmd_tls.o)
                0x00000000080005e0                __aeabi_idiv0
                0x00000000080005e0                __aeabi_ldiv0
 *(.text*)
 .text.mat_f32_check_equal
                0x00000000080005e4       0x9a ./Core/Src/main.o
                0x00000000080005e4                mat_f32_check_equal
 *fill*         0x000000000800067e        0x2 
 .text.main     0x0000000008000680      0x1a8 ./Core/Src/main.o
                0x0000000008000680                main
 .text.SystemClock_Config
                0x0000000008000828       0xdc ./Core/Src/main.o
                0x0000000008000828                SystemClock_Config
 .text.MX_USART3_UART_Init
                0x0000000008000904       0x98 ./Core/Src/main.o
 .text.MX_USB_OTG_HS_USB_Init
                0x000000000800099c        0xe ./Core/Src/main.o
 *fill*         0x00000000080009aa        0x2 
 .text.MX_GPIO_Init
                0x00000000080009ac      0x234 ./Core/Src/main.o
 .text.Error_Handler
                0x0000000008000be0       0x34 ./Core/Src/main.o
                0x0000000008000be0                Error_Handler
 .text.HAL_MspInit
                0x0000000008000c14       0x34 ./Core/Src/stm32h7xx_hal_msp.o
                0x0000000008000c14                HAL_MspInit
 .text.HAL_UART_MspInit
                0x0000000008000c48       0xcc ./Core/Src/stm32h7xx_hal_msp.o
                0x0000000008000c48                HAL_UART_MspInit
 .text.NMI_Handler
                0x0000000008000d14        0x6 ./Core/Src/stm32h7xx_it.o
                0x0000000008000d14                NMI_Handler
 .text.HardFault_Handler
                0x0000000008000d1a        0x6 ./Core/Src/stm32h7xx_it.o
                0x0000000008000d1a                HardFault_Handler
 .text.MemManage_Handler
                0x0000000008000d20        0x6 ./Core/Src/stm32h7xx_it.o
                0x0000000008000d20                MemManage_Handler
 .text.BusFault_Handler
                0x0000000008000d26        0x6 ./Core/Src/stm32h7xx_it.o
                0x0000000008000d26                BusFault_Handler
 .text.UsageFault_Handler
                0x0000000008000d2c        0x6 ./Core/Src/stm32h7xx_it.o
                0x0000000008000d2c                UsageFault_Handler
 .text.SVC_Handler
                0x0000000008000d32        0xe ./Core/Src/stm32h7xx_it.o
                0x0000000008000d32                SVC_Handler
 .text.DebugMon_Handler
                0x0000000008000d40        0xe ./Core/Src/stm32h7xx_it.o
                0x0000000008000d40                DebugMon_Handler
 .text.PendSV_Handler
                0x0000000008000d4e        0xe ./Core/Src/stm32h7xx_it.o
                0x0000000008000d4e                PendSV_Handler
 .text.SysTick_Handler
                0x0000000008000d5c        0xc ./Core/Src/stm32h7xx_it.o
                0x0000000008000d5c                SysTick_Handler
 .text.SystemInit
                0x0000000008000d68       0xf0 ./Core/Src/system_stm32h7xx.o
                0x0000000008000d68                SystemInit
 .text.Reset_Handler
                0x0000000008000e58       0x50 ./Core/Startup/startup_stm32h7a3zitxq.o
                0x0000000008000e58                Reset_Handler
 .text.Default_Handler
                0x0000000008000ea8        0x2 ./Core/Startup/startup_stm32h7a3zitxq.o
                0x0000000008000ea8                RTC_Alarm_IRQHandler
                0x0000000008000ea8                EXTI2_IRQHandler
                0x0000000008000ea8                TIM8_CC_IRQHandler
                0x0000000008000ea8                UART8_IRQHandler
                0x0000000008000ea8                BDMA2_Channel1_IRQHandler
                0x0000000008000ea8                SPI4_IRQHandler
                0x0000000008000ea8                BDMA2_Channel0_IRQHandler
                0x0000000008000ea8                TIM1_CC_IRQHandler
                0x0000000008000ea8                DMA2_Stream5_IRQHandler
                0x0000000008000ea8                JPEG_IRQHandler
                0x0000000008000ea8                DMA1_Stream5_IRQHandler
                0x0000000008000ea8                EXTI3_IRQHandler
                0x0000000008000ea8                LPTIM4_IRQHandler
                0x0000000008000ea8                TIM8_TRG_COM_TIM14_IRQHandler
                0x0000000008000ea8                LPTIM2_IRQHandler
                0x0000000008000ea8                DFSDM1_FLT1_IRQHandler
                0x0000000008000ea8                DMAMUX2_OVR_IRQHandler
                0x0000000008000ea8                GFXMMU_IRQHandler
                0x0000000008000ea8                TIM8_UP_TIM13_IRQHandler
                0x0000000008000ea8                I2C3_ER_IRQHandler
                0x0000000008000ea8                DFSDM1_FLT2_IRQHandler
                0x0000000008000ea8                USART10_IRQHandler
                0x0000000008000ea8                MDMA_IRQHandler
                0x0000000008000ea8                LPTIM3_IRQHandler
                0x0000000008000ea8                BDMA2_Channel3_IRQHandler
                0x0000000008000ea8                HSEM1_IRQHandler
                0x0000000008000ea8                EXTI0_IRQHandler
                0x0000000008000ea8                I2C2_EV_IRQHandler
                0x0000000008000ea8                DAC2_IRQHandler
                0x0000000008000ea8                DMA1_Stream2_IRQHandler
                0x0000000008000ea8                FPU_IRQHandler
                0x0000000008000ea8                OTG_HS_WKUP_IRQHandler
                0x0000000008000ea8                FDCAN1_IT1_IRQHandler
                0x0000000008000ea8                LTDC_ER_IRQHandler
                0x0000000008000ea8                DMA2_Stream2_IRQHandler
                0x0000000008000ea8                SPI1_IRQHandler
                0x0000000008000ea8                OCTOSPI1_IRQHandler
                0x0000000008000ea8                TIM6_DAC_IRQHandler
                0x0000000008000ea8                BDMA2_Channel6_IRQHandler
                0x0000000008000ea8                DMA2_Stream3_IRQHandler
                0x0000000008000ea8                OCTOSPI2_IRQHandler
                0x0000000008000ea8                SAI2_IRQHandler
                0x0000000008000ea8                BDMA1_IRQHandler
                0x0000000008000ea8                DFSDM1_FLT3_IRQHandler
                0x0000000008000ea8                USART6_IRQHandler
                0x0000000008000ea8                TIM17_IRQHandler
                0x0000000008000ea8                USART3_IRQHandler
                0x0000000008000ea8                LPTIM5_IRQHandler
                0x0000000008000ea8                UART5_IRQHandler
                0x0000000008000ea8                DMA2_Stream0_IRQHandler
                0x0000000008000ea8                TIM4_IRQHandler
                0x0000000008000ea8                I2C1_EV_IRQHandler
                0x0000000008000ea8                DMA1_Stream6_IRQHandler
                0x0000000008000ea8                DMAMUX1_OVR_IRQHandler
                0x0000000008000ea8                DMA1_Stream1_IRQHandler
                0x0000000008000ea8                TIM16_IRQHandler
                0x0000000008000ea8                UART4_IRQHandler
                0x0000000008000ea8                TIM3_IRQHandler
                0x0000000008000ea8                RCC_IRQHandler
                0x0000000008000ea8                UART9_IRQHandler
                0x0000000008000ea8                TIM8_BRK_TIM12_IRQHandler
                0x0000000008000ea8                TIM1_TRG_COM_IRQHandler
                0x0000000008000ea8                Default_Handler
                0x0000000008000ea8                ECC_IRQHandler
                0x0000000008000ea8                BDMA2_Channel2_IRQHandler
                0x0000000008000ea8                CEC_IRQHandler
                0x0000000008000ea8                EXTI15_10_IRQHandler
                0x0000000008000ea8                DFSDM1_FLT4_IRQHandler
                0x0000000008000ea8                ADC_IRQHandler
                0x0000000008000ea8                DMA1_Stream7_IRQHandler
                0x0000000008000ea8                SPI5_IRQHandler
                0x0000000008000ea8                TIM7_IRQHandler
                0x0000000008000ea8                SDMMC1_IRQHandler
                0x0000000008000ea8                TIM5_IRQHandler
                0x0000000008000ea8                DMA2_Stream7_IRQHandler
                0x0000000008000ea8                TIM15_IRQHandler
                0x0000000008000ea8                I2C3_EV_IRQHandler
                0x0000000008000ea8                DFSDM2_IRQHandler
                0x0000000008000ea8                EXTI9_5_IRQHandler
                0x0000000008000ea8                RTC_WKUP_IRQHandler
                0x0000000008000ea8                LTDC_IRQHandler
                0x0000000008000ea8                SPDIF_RX_IRQHandler
                0x0000000008000ea8                PVD_PVM_IRQHandler
                0x0000000008000ea8                SPI2_IRQHandler
                0x0000000008000ea8                OTG_HS_EP1_IN_IRQHandler
                0x0000000008000ea8                DFSDM1_FLT5_IRQHandler
                0x0000000008000ea8                DMA1_Stream0_IRQHandler
                0x0000000008000ea8                CRS_IRQHandler
                0x0000000008000ea8                EXTI4_IRQHandler
                0x0000000008000ea8                DFSDM1_FLT6_IRQHandler
                0x0000000008000ea8                RNG_IRQHandler
                0x0000000008000ea8                FDCAN2_IT1_IRQHandler
                0x0000000008000ea8                COMP_IRQHandler
                0x0000000008000ea8                TIM1_UP_IRQHandler
                0x0000000008000ea8                OTG_HS_EP1_OUT_IRQHandler
                0x0000000008000ea8                WWDG_IRQHandler
                0x0000000008000ea8                SPI6_IRQHandler
                0x0000000008000ea8                MDIOS_IRQHandler
                0x0000000008000ea8                I2C4_EV_IRQHandler
                0x0000000008000ea8                FDCAN2_IT0_IRQHandler
                0x0000000008000ea8                LPUART1_IRQHandler
                0x0000000008000ea8                FDCAN1_IT0_IRQHandler
                0x0000000008000ea8                TIM2_IRQHandler
                0x0000000008000ea8                BDMA2_Channel5_IRQHandler
                0x0000000008000ea8                OTG_HS_IRQHandler
                0x0000000008000ea8                DMA2D_IRQHandler
                0x0000000008000ea8                TIM1_BRK_IRQHandler
                0x0000000008000ea8                EXTI1_IRQHandler
                0x0000000008000ea8                SDMMC2_IRQHandler
                0x0000000008000ea8                DTS_IRQHandler
                0x0000000008000ea8                UART7_IRQHandler
                0x0000000008000ea8                MDIOS_WKUP_IRQHandler
                0x0000000008000ea8                USART2_IRQHandler
                0x0000000008000ea8                DFSDM1_FLT0_IRQHandler
                0x0000000008000ea8                I2C2_ER_IRQHandler
                0x0000000008000ea8                DMA2_Stream1_IRQHandler
                0x0000000008000ea8                DFSDM1_FLT7_IRQHandler
                0x0000000008000ea8                FLASH_IRQHandler
                0x0000000008000ea8                DMA2_Stream4_IRQHandler
                0x0000000008000ea8                USART1_IRQHandler
                0x0000000008000ea8                SPI3_IRQHandler
                0x0000000008000ea8                WAKEUP_PIN_IRQHandler
                0x0000000008000ea8                DMA1_Stream4_IRQHandler
                0x0000000008000ea8                I2C1_ER_IRQHandler
                0x0000000008000ea8                FMC_IRQHandler
                0x0000000008000ea8                BDMA2_Channel7_IRQHandler
                0x0000000008000ea8                FDCAN_CAL_IRQHandler
                0x0000000008000ea8                SWPMI1_IRQHandler
                0x0000000008000ea8                LPTIM1_IRQHandler
                0x0000000008000ea8                DCMI_PSSI_IRQHandler
                0x0000000008000ea8                I2C4_ER_IRQHandler
                0x0000000008000ea8                DMA2_Stream6_IRQHandler
                0x0000000008000ea8                SAI1_IRQHandler
                0x0000000008000ea8                DMA1_Stream3_IRQHandler
                0x0000000008000ea8                RTC_TAMP_STAMP_CSS_LSE_IRQHandler
                0x0000000008000ea8                BDMA2_Channel4_IRQHandler
 *fill*         0x0000000008000eaa        0x2 
 .text.HAL_Init
                0x0000000008000eac       0x78 ./Drivers/STM32H7xx_HAL_Driver/Src/stm32h7xx_hal.o
                0x0000000008000eac                HAL_Init
 .text.HAL_InitTick
                0x0000000008000f24       0x6c ./Drivers/STM32H7xx_HAL_Driver/Src/stm32h7xx_hal.o
                0x0000000008000f24                HAL_InitTick
 .text.HAL_IncTick
                0x0000000008000f90       0x28 ./Drivers/STM32H7xx_HAL_Driver/Src/stm32h7xx_hal.o
                0x0000000008000f90                HAL_IncTick
 .text.HAL_GetTick
                0x0000000008000fb8       0x18 ./Drivers/STM32H7xx_HAL_Driver/Src/stm32h7xx_hal.o
                0x0000000008000fb8                HAL_GetTick
 .text.HAL_Delay
                0x0000000008000fd0       0x48 ./Drivers/STM32H7xx_HAL_Driver/Src/stm32h7xx_hal.o
                0x0000000008000fd0                HAL_Delay
 .text.__NVIC_SetPriorityGrouping
                0x0000000008001018       0x48 ./Drivers/STM32H7xx_HAL_Driver/Src/stm32h7xx_hal_cortex.o
 .text.__NVIC_GetPriorityGrouping
                0x0000000008001060       0x1c ./Drivers/STM32H7xx_HAL_Driver/Src/stm32h7xx_hal_cortex.o
 .text.__NVIC_SetPriority
                0x000000000800107c       0x54 ./Drivers/STM32H7xx_HAL_Driver/Src/stm32h7xx_hal_cortex.o
 .text.NVIC_EncodePriority
                0x00000000080010d0       0x66 ./Drivers/STM32H7xx_HAL_Driver/Src/stm32h7xx_hal_cortex.o
 *fill*         0x0000000008001136        0x2 
 .text.SysTick_Config
                0x0000000008001138       0x44 ./Drivers/STM32H7xx_HAL_Driver/Src/stm32h7xx_hal_cortex.o
 .text.HAL_NVIC_SetPriorityGrouping
                0x000000000800117c       0x16 ./Drivers/STM32H7xx_HAL_Driver/Src/stm32h7xx_hal_cortex.o
                0x000000000800117c                HAL_NVIC_SetPriorityGrouping
 .text.HAL_NVIC_SetPriority
                0x0000000008001192       0x34 ./Drivers/STM32H7xx_HAL_Driver/Src/stm32h7xx_hal_cortex.o
                0x0000000008001192                HAL_NVIC_SetPriority
 .text.HAL_SYSTICK_Config
                0x00000000080011c6       0x18 ./Drivers/STM32H7xx_HAL_Driver/Src/stm32h7xx_hal_cortex.o
                0x00000000080011c6                HAL_SYSTICK_Config
 *fill*         0x00000000080011de        0x2 
 .text.HAL_GPIO_Init
                0x00000000080011e0      0x360 ./Drivers/STM32H7xx_HAL_Driver/Src/stm32h7xx_hal_gpio.o
                0x00000000080011e0                HAL_GPIO_Init
 .text.HAL_GPIO_WritePin
                0x0000000008001540       0x32 ./Drivers/STM32H7xx_HAL_Driver/Src/stm32h7xx_hal_gpio.o
                0x0000000008001540                HAL_GPIO_WritePin
 .text.HAL_GPIO_TogglePin
                0x0000000008001572       0x34 ./Drivers/STM32H7xx_HAL_Driver/Src/stm32h7xx_hal_gpio.o
                0x0000000008001572                HAL_GPIO_TogglePin
 *fill*         0x00000000080015a6        0x2 
 .text.HAL_PWREx_ConfigSupply
                0x00000000080015a8       0xb4 ./Drivers/STM32H7xx_HAL_Driver/Src/stm32h7xx_hal_pwr_ex.o
                0x00000000080015a8                HAL_PWREx_ConfigSupply
 .text.HAL_RCC_OscConfig
                0x000000000800165c      0x808 ./Drivers/STM32H7xx_HAL_Driver/Src/stm32h7xx_hal_rcc.o
                0x000000000800165c                HAL_RCC_OscConfig
 .text.HAL_RCC_ClockConfig
                0x0000000008001e64      0x36c ./Drivers/STM32H7xx_HAL_Driver/Src/stm32h7xx_hal_rcc.o
                0x0000000008001e64                HAL_RCC_ClockConfig
 .text.HAL_RCC_GetSysClockFreq
                0x00000000080021d0      0x2f4 ./Drivers/STM32H7xx_HAL_Driver/Src/stm32h7xx_hal_rcc.o
                0x00000000080021d0                HAL_RCC_GetSysClockFreq
 .text.HAL_RCC_GetHCLKFreq
                0x00000000080024c4       0x60 ./Drivers/STM32H7xx_HAL_Driver/Src/stm32h7xx_hal_rcc.o
                0x00000000080024c4                HAL_RCC_GetHCLKFreq
 .text.HAL_RCC_GetPCLK1Freq
                0x0000000008002524       0x2c ./Drivers/STM32H7xx_HAL_Driver/Src/stm32h7xx_hal_rcc.o
                0x0000000008002524                HAL_RCC_GetPCLK1Freq
 .text.HAL_RCC_GetPCLK2Freq
                0x0000000008002550       0x2c ./Drivers/STM32H7xx_HAL_Driver/Src/stm32h7xx_hal_rcc.o
                0x0000000008002550                HAL_RCC_GetPCLK2Freq
 .text.HAL_RCCEx_PeriphCLKConfig
                0x000000000800257c      0xe18 ./Drivers/STM32H7xx_HAL_Driver/Src/stm32h7xx_hal_rcc_ex.o
                0x000000000800257c                HAL_RCCEx_PeriphCLKConfig
 .text.HAL_RCCEx_GetD3PCLK1Freq
                0x0000000008003394       0x2c ./Drivers/STM32H7xx_HAL_Driver/Src/stm32h7xx_hal_rcc_ex.o
                0x0000000008003394                HAL_RCCEx_GetD3PCLK1Freq
 .text.HAL_RCCEx_GetPLL2ClockFreq
                0x00000000080033c0      0x2a8 ./Drivers/STM32H7xx_HAL_Driver/Src/stm32h7xx_hal_rcc_ex.o
                0x00000000080033c0                HAL_RCCEx_GetPLL2ClockFreq
 .text.HAL_RCCEx_GetPLL3ClockFreq
                0x0000000008003668      0x2a8 ./Drivers/STM32H7xx_HAL_Driver/Src/stm32h7xx_hal_rcc_ex.o
                0x0000000008003668                HAL_RCCEx_GetPLL3ClockFreq
 .text.RCCEx_PLL2_Config
                0x0000000008003910      0x164 ./Drivers/STM32H7xx_HAL_Driver/Src/stm32h7xx_hal_rcc_ex.o
 .text.RCCEx_PLL3_Config
                0x0000000008003a74      0x164 ./Drivers/STM32H7xx_HAL_Driver/Src/stm32h7xx_hal_rcc_ex.o
 .text.HAL_UART_Init
                0x0000000008003bd8       0xa0 ./Drivers/STM32H7xx_HAL_Driver/Src/stm32h7xx_hal_uart.o
                0x0000000008003bd8                HAL_UART_Init
 .text.UART_SetConfig
                0x0000000008003c78      0xcbc ./Drivers/STM32H7xx_HAL_Driver/Src/stm32h7xx_hal_uart.o
                0x0000000008003c78                UART_SetConfig
 .text.UART_AdvFeatureConfig
                0x0000000008004934      0x144 ./Drivers/STM32H7xx_HAL_Driver/Src/stm32h7xx_hal_uart.o
                0x0000000008004934                UART_AdvFeatureConfig
 .text.UART_CheckIdleState
                0x0000000008004a78       0x96 ./Drivers/STM32H7xx_HAL_Driver/Src/stm32h7xx_hal_uart.o
                0x0000000008004a78                UART_CheckIdleState
 .text.UART_WaitOnFlagUntilTimeout
                0x0000000008004b0e      0x190 ./Drivers/STM32H7xx_HAL_Driver/Src/stm32h7xx_hal_uart.o
                0x0000000008004b0e                UART_WaitOnFlagUntilTimeout
 .text.HAL_UARTEx_DisableFifoMode
                0x0000000008004c9e       0x72 ./Drivers/STM32H7xx_HAL_Driver/Src/stm32h7xx_hal_uart_ex.o
                0x0000000008004c9e                HAL_UARTEx_DisableFifoMode
 .text.HAL_UARTEx_SetTxFifoThreshold
                0x0000000008004d10       0x7c ./Drivers/STM32H7xx_HAL_Driver/Src/stm32h7xx_hal_uart_ex.o
                0x0000000008004d10                HAL_UARTEx_SetTxFifoThreshold
 .text.HAL_UARTEx_SetRxFifoThreshold
                0x0000000008004d8c       0x7c ./Drivers/STM32H7xx_HAL_Driver/Src/stm32h7xx_hal_uart_ex.o
                0x0000000008004d8c                HAL_UARTEx_SetRxFifoThreshold
 .text.UARTEx_SetNbDataToProcess
                0x0000000008004e08       0x9c ./Drivers/STM32H7xx_HAL_Driver/Src/stm32h7xx_hal_uart_ex.o
 .text.arm_mat_mult_f32
                0x0000000008004ea4      0x154 C:\Users\chama\STM32CubeIDE\ARM_MATH_CM7_testing\CMSIS_4.5_test_v2\libs\libarm_cortexM7lfdp_math.a(arm_mat_mult_f32.o)
                0x0000000008004ea4                arm_mat_mult_f32
 .text.arm_mat_init_f32
                0x0000000008004ff8        0x8 C:\Users\chama\STM32CubeIDE\ARM_MATH_CM7_testing\CMSIS_4.5_test_v2\libs\libarm_cortexM7lfdp_math.a(arm_mat_init_f32.o)
                0x0000000008004ff8                arm_mat_init_f32
 .text.__libc_init_array
                0x0000000008005000       0x48 c:/st/stm32cubeide_1.8.0/stm32cubeide/plugins/com.st.stm32cube.ide.mcu.externaltools.gnu-tools-for-stm32.9-2020-q2-update.win32_2.0.0.202105311346/tools/bin/../lib/gcc/arm-none-eabi/9.3.1/../../../../arm-none-eabi/lib/thumb/v7e-m+dp/hard\libc_nano.a(lib_a-init.o)
                0x0000000008005000                __libc_init_array
 .text.free     0x0000000008005048       0x10 c:/st/stm32cubeide_1.8.0/stm32cubeide/plugins/com.st.stm32cube.ide.mcu.externaltools.gnu-tools-for-stm32.9-2020-q2-update.win32_2.0.0.202105311346/tools/bin/../lib/gcc/arm-none-eabi/9.3.1/../../../../arm-none-eabi/lib/thumb/v7e-m+dp/hard\libc_nano.a(lib_a-malloc.o)
                0x0000000008005048                free
 .text.memset   0x0000000008005058       0x10 c:/st/stm32cubeide_1.8.0/stm32cubeide/plugins/com.st.stm32cube.ide.mcu.externaltools.gnu-tools-for-stm32.9-2020-q2-update.win32_2.0.0.202105311346/tools/bin/../lib/gcc/arm-none-eabi/9.3.1/../../../../arm-none-eabi/lib/thumb/v7e-m+dp/hard\libc_nano.a(lib_a-memset.o)
                0x0000000008005058                memset
 .text._free_r  0x0000000008005068       0xa0 c:/st/stm32cubeide_1.8.0/stm32cubeide/plugins/com.st.stm32cube.ide.mcu.externaltools.gnu-tools-for-stm32.9-2020-q2-update.win32_2.0.0.202105311346/tools/bin/../lib/gcc/arm-none-eabi/9.3.1/../../../../arm-none-eabi/lib/thumb/v7e-m+dp/hard\libc_nano.a(lib_a-nano-freer.o)
                0x0000000008005068                _free_r
 .text.__malloc_lock
                0x0000000008005108        0xc c:/st/stm32cubeide_1.8.0/stm32cubeide/plugins/com.st.stm32cube.ide.mcu.externaltools.gnu-tools-for-stm32.9-2020-q2-update.win32_2.0.0.202105311346/tools/bin/../lib/gcc/arm-none-eabi/9.3.1/../../../../arm-none-eabi/lib/thumb/v7e-m+dp/hard\libc_nano.a(lib_a-mlock.o)
                0x0000000008005108                __malloc_lock
 .text.__malloc_unlock
                0x0000000008005114        0xc c:/st/stm32cubeide_1.8.0/stm32cubeide/plugins/com.st.stm32cube.ide.mcu.externaltools.gnu-tools-for-stm32.9-2020-q2-update.win32_2.0.0.202105311346/tools/bin/../lib/gcc/arm-none-eabi/9.3.1/../../../../arm-none-eabi/lib/thumb/v7e-m+dp/hard\libc_nano.a(lib_a-mlock.o)
                0x0000000008005114                __malloc_unlock
 .text.__retarget_lock_acquire_recursive
                0x0000000008005120        0x2 c:/st/stm32cubeide_1.8.0/stm32cubeide/plugins/com.st.stm32cube.ide.mcu.externaltools.gnu-tools-for-stm32.9-2020-q2-update.win32_2.0.0.202105311346/tools/bin/../lib/gcc/arm-none-eabi/9.3.1/../../../../arm-none-eabi/lib/thumb/v7e-m+dp/hard\libc_nano.a(lib_a-lock.o)
                0x0000000008005120                __retarget_lock_acquire_recursive
 .text.__retarget_lock_release_recursive
                0x0000000008005122        0x2 c:/st/stm32cubeide_1.8.0/stm32cubeide/plugins/com.st.stm32cube.ide.mcu.externaltools.gnu-tools-for-stm32.9-2020-q2-update.win32_2.0.0.202105311346/tools/bin/../lib/gcc/arm-none-eabi/9.3.1/../../../../arm-none-eabi/lib/thumb/v7e-m+dp/hard\libc_nano.a(lib_a-lock.o)
                0x0000000008005122                __retarget_lock_release_recursive
 *(.glue_7)
 .glue_7        0x0000000008005124        0x0 linker stubs
 *(.glue_7t)
 .glue_7t       0x0000000008005124        0x0 linker stubs
 *(.eh_frame)
 .eh_frame      0x0000000008005124        0x0 c:/st/stm32cubeide_1.8.0/stm32cubeide/plugins/com.st.stm32cube.ide.mcu.externaltools.gnu-tools-for-stm32.9-2020-q2-update.win32_2.0.0.202105311346/tools/bin/../lib/gcc/arm-none-eabi/9.3.1/thumb/v7e-m+dp/hard/crtbegin.o
 *(.init)
 .init          0x0000000008005124        0x4 c:/st/stm32cubeide_1.8.0/stm32cubeide/plugins/com.st.stm32cube.ide.mcu.externaltools.gnu-tools-for-stm32.9-2020-q2-update.win32_2.0.0.202105311346/tools/bin/../lib/gcc/arm-none-eabi/9.3.1/thumb/v7e-m+dp/hard/crti.o
                0x0000000008005124                _init
 .init          0x0000000008005128        0x8 c:/st/stm32cubeide_1.8.0/stm32cubeide/plugins/com.st.stm32cube.ide.mcu.externaltools.gnu-tools-for-stm32.9-2020-q2-update.win32_2.0.0.202105311346/tools/bin/../lib/gcc/arm-none-eabi/9.3.1/thumb/v7e-m+dp/hard/crtn.o
 *(.fini)
 .fini          0x0000000008005130        0x4 c:/st/stm32cubeide_1.8.0/stm32cubeide/plugins/com.st.stm32cube.ide.mcu.externaltools.gnu-tools-for-stm32.9-2020-q2-update.win32_2.0.0.202105311346/tools/bin/../lib/gcc/arm-none-eabi/9.3.1/thumb/v7e-m+dp/hard/crti.o
                0x0000000008005130                _fini
 .fini          0x0000000008005134        0x8 c:/st/stm32cubeide_1.8.0/stm32cubeide/plugins/com.st.stm32cube.ide.mcu.externaltools.gnu-tools-for-stm32.9-2020-q2-update.win32_2.0.0.202105311346/tools/bin/../lib/gcc/arm-none-eabi/9.3.1/thumb/v7e-m+dp/hard/crtn.o
                0x000000000800513c                . = ALIGN (0x4)
                0x000000000800513c                _etext = .

.vfp11_veneer   0x000000000800513c        0x0
 .vfp11_veneer  0x000000000800513c        0x0 linker stubs

.v4_bx          0x000000000800513c        0x0
 .v4_bx         0x000000000800513c        0x0 linker stubs

.iplt           0x000000000800513c        0x0
 .iplt          0x000000000800513c        0x0 c:/st/stm32cubeide_1.8.0/stm32cubeide/plugins/com.st.stm32cube.ide.mcu.externaltools.gnu-tools-for-stm32.9-2020-q2-update.win32_2.0.0.202105311346/tools/bin/../lib/gcc/arm-none-eabi/9.3.1/thumb/v7e-m+dp/hard/crtbegin.o

.rodata         0x000000000800513c       0x8c
                0x000000000800513c                . = ALIGN (0x4)
 *(.rodata)
 .rodata        0x000000000800513c       0x54 ./Core/Src/main.o
 *(.rodata*)
 .rodata.D1CorePrescTable
                0x0000000008005190       0x10 ./Core/Src/system_stm32h7xx.o
                0x0000000008005190                D1CorePrescTable
 .rodata.UARTPrescTable
                0x00000000080051a0       0x18 ./Drivers/STM32H7xx_HAL_Driver/Src/stm32h7xx_hal_uart.o
                0x00000000080051a0                UARTPrescTable
 .rodata.numerator.10317
                0x00000000080051b8        0x8 ./Drivers/STM32H7xx_HAL_Driver/Src/stm32h7xx_hal_uart_ex.o
 .rodata.denominator.10318
                0x00000000080051c0        0x8 ./Drivers/STM32H7xx_HAL_Driver/Src/stm32h7xx_hal_uart_ex.o
                0x00000000080051c8                . = ALIGN (0x4)

.ARM.extab
 *(.ARM.extab* .gnu.linkonce.armextab.*)

.ARM            0x00000000080051c8        0x8
                0x00000000080051c8                __exidx_start = .
 *(.ARM.exidx*)
 .ARM.exidx     0x00000000080051c8        0x8 c:/st/stm32cubeide_1.8.0/stm32cubeide/plugins/com.st.stm32cube.ide.mcu.externaltools.gnu-tools-for-stm32.9-2020-q2-update.win32_2.0.0.202105311346/tools/bin/../lib/gcc/arm-none-eabi/9.3.1/thumb/v7e-m+dp/hard\libgcc.a(_udivmoddi4.o)
                0x00000000080051d0                __exidx_end = .

.rel.dyn        0x00000000080051d0        0x0
 .rel.iplt      0x00000000080051d0        0x0 c:/st/stm32cubeide_1.8.0/stm32cubeide/plugins/com.st.stm32cube.ide.mcu.externaltools.gnu-tools-for-stm32.9-2020-q2-update.win32_2.0.0.202105311346/tools/bin/../lib/gcc/arm-none-eabi/9.3.1/thumb/v7e-m+dp/hard/crtbegin.o

.preinit_array  0x00000000080051d0        0x0
                0x00000000080051d0                PROVIDE (__preinit_array_start = .)
 *(.preinit_array*)
                0x00000000080051d0                PROVIDE (__preinit_array_end = .)

.init_array     0x00000000080051d0        0x4
                0x00000000080051d0                PROVIDE (__init_array_start = .)
 *(SORT_BY_NAME(.init_array.*))
 *(.init_array*)
 .init_array    0x00000000080051d0        0x4 c:/st/stm32cubeide_1.8.0/stm32cubeide/plugins/com.st.stm32cube.ide.mcu.externaltools.gnu-tools-for-stm32.9-2020-q2-update.win32_2.0.0.202105311346/tools/bin/../lib/gcc/arm-none-eabi/9.3.1/thumb/v7e-m+dp/hard/crtbegin.o
                0x00000000080051d4                PROVIDE (__init_array_end = .)

.fini_array     0x00000000080051d4        0x4
                [!provide]                        PROVIDE (__fini_array_start = .)
 *(SORT_BY_NAME(.fini_array.*))
 *(.fini_array*)
 .fini_array    0x00000000080051d4        0x4 c:/st/stm32cubeide_1.8.0/stm32cubeide/plugins/com.st.stm32cube.ide.mcu.externaltools.gnu-tools-for-stm32.9-2020-q2-update.win32_2.0.0.202105311346/tools/bin/../lib/gcc/arm-none-eabi/9.3.1/thumb/v7e-m+dp/hard/crtbegin.o
                [!provide]                        PROVIDE (__fini_array_end = .)
                0x00000000080051d8                _sidata = LOADADDR (.data)

.data           0x0000000024000000       0x74 load address 0x00000000080051d8
                0x0000000024000000                . = ALIGN (0x4)
                0x0000000024000000                _sdata = .
 *(.data)
 *(.data*)
 .data.SystemCoreClock
                0x0000000024000000        0x4 ./Core/Src/system_stm32h7xx.o
                0x0000000024000000                SystemCoreClock
 .data.SystemD2Clock
                0x0000000024000004        0x4 ./Core/Src/system_stm32h7xx.o
                0x0000000024000004                SystemD2Clock
 .data.uwTickPrio
                0x0000000024000008        0x4 ./Drivers/STM32H7xx_HAL_Driver/Src/stm32h7xx_hal.o
                0x0000000024000008                uwTickPrio
 .data.uwTickFreq
                0x000000002400000c        0x1 ./Drivers/STM32H7xx_HAL_Driver/Src/stm32h7xx_hal.o
                0x000000002400000c                uwTickFreq
 *fill*         0x000000002400000d        0x3 
 .data._impure_ptr
                0x0000000024000010        0x4 c:/st/stm32cubeide_1.8.0/stm32cubeide/plugins/com.st.stm32cube.ide.mcu.externaltools.gnu-tools-for-stm32.9-2020-q2-update.win32_2.0.0.202105311346/tools/bin/../lib/gcc/arm-none-eabi/9.3.1/../../../../arm-none-eabi/lib/thumb/v7e-m+dp/hard\libc_nano.a(lib_a-impure.o)
                0x0000000024000010                _impure_ptr
 .data.impure_data
                0x0000000024000014       0x60 c:/st/stm32cubeide_1.8.0/stm32cubeide/plugins/com.st.stm32cube.ide.mcu.externaltools.gnu-tools-for-stm32.9-2020-q2-update.win32_2.0.0.202105311346/tools/bin/../lib/gcc/arm-none-eabi/9.3.1/../../../../arm-none-eabi/lib/thumb/v7e-m+dp/hard\libc_nano.a(lib_a-impure.o)
 *(.RamFunc)
 *(.RamFunc*)
                0x0000000024000074                . = ALIGN (0x4)
                0x0000000024000074                _edata = .

.igot.plt       0x0000000024000074        0x0 load address 0x000000000800524c
 .igot.plt      0x0000000024000074        0x0 c:/st/stm32cubeide_1.8.0/stm32cubeide/plugins/com.st.stm32cube.ide.mcu.externaltools.gnu-tools-for-stm32.9-2020-q2-update.win32_2.0.0.202105311346/tools/bin/../lib/gcc/arm-none-eabi/9.3.1/thumb/v7e-m+dp/hard/crtbegin.o
                0x0000000024000074                . = ALIGN (0x4)

.bss            0x0000000024000074       0xc0 load address 0x000000000800524c
                0x0000000024000074                _sbss = .
                0x0000000024000074                __bss_start__ = _sbss
 *(.bss)
 .bss           0x0000000024000074       0x1c c:/st/stm32cubeide_1.8.0/stm32cubeide/plugins/com.st.stm32cube.ide.mcu.externaltools.gnu-tools-for-stm32.9-2020-q2-update.win32_2.0.0.202105311346/tools/bin/../lib/gcc/arm-none-eabi/9.3.1/thumb/v7e-m+dp/hard/crtbegin.o
 *(.bss*)
 .bss.__malloc_free_list
                0x0000000024000090        0x4 c:/st/stm32cubeide_1.8.0/stm32cubeide/plugins/com.st.stm32cube.ide.mcu.externaltools.gnu-tools-for-stm32.9-2020-q2-update.win32_2.0.0.202105311346/tools/bin/../lib/gcc/arm-none-eabi/9.3.1/../../../../arm-none-eabi/lib/thumb/v7e-m+dp/hard\libc_nano.a(lib_a-nano-mallocr.o)
                0x0000000024000090                __malloc_free_list
 *(COMMON)
 COMMON         0x0000000024000094       0x90 ./Core/Src/main.o
                0x0000000024000094                huart3
 COMMON         0x0000000024000124        0x4 ./Drivers/STM32H7xx_HAL_Driver/Src/stm32h7xx_hal.o
                0x0000000024000124                uwTick
 COMMON         0x0000000024000128        0x9 c:/st/stm32cubeide_1.8.0/stm32cubeide/plugins/com.st.stm32cube.ide.mcu.externaltools.gnu-tools-for-stm32.9-2020-q2-update.win32_2.0.0.202105311346/tools/bin/../lib/gcc/arm-none-eabi/9.3.1/../../../../arm-none-eabi/lib/thumb/v7e-m+dp/hard\libc_nano.a(lib_a-lock.o)
                0x0000000024000128                __lock___atexit_recursive_mutex
                0x0000000024000129                __lock___arc4random_mutex
                0x000000002400012a                __lock___env_recursive_mutex
                0x000000002400012b                __lock___sinit_recursive_mutex
                0x000000002400012c                __lock___malloc_recursive_mutex
                0x000000002400012d                __lock___at_quick_exit_mutex
                0x000000002400012e                __lock___dd_hash_mutex
                0x000000002400012f                __lock___tz_mutex
                0x0000000024000130                __lock___sfp_recursive_mutex
                0x0000000024000134                . = ALIGN (0x4)
 *fill*         0x0000000024000131        0x3 
                0x0000000024000134                _ebss = .
                0x0000000024000134                __bss_end__ = _ebss

._user_heap_stack
                0x0000000024000134      0x604 load address 0x000000000800524c
                0x0000000024000138                . = ALIGN (0x8)
 *fill*         0x0000000024000134        0x4 
                [!provide]                        PROVIDE (end = .)
                0x0000000024000138                PROVIDE (_end = .)
                0x0000000024000338                . = (. + _Min_Heap_Size)
 *fill*         0x0000000024000138      0x200 
                0x0000000024000738                . = (. + _Min_Stack_Size)
 *fill*         0x0000000024000338      0x400 
                0x0000000024000738                . = ALIGN (0x8)

/DISCARD/
 libc.a(*)
 libm.a(*)
 libgcc.a(*)

.ARM.attributes
                0x0000000000000000       0x2e
 *(.ARM.attributes)
 .ARM.attributes
                0x0000000000000000       0x1e c:/st/stm32cubeide_1.8.0/stm32cubeide/plugins/com.st.stm32cube.ide.mcu.externaltools.gnu-tools-for-stm32.9-2020-q2-update.win32_2.0.0.202105311346/tools/bin/../lib/gcc/arm-none-eabi/9.3.1/thumb/v7e-m+dp/hard/crti.o
 .ARM.attributes
                0x000000000000001e       0x32 c:/st/stm32cubeide_1.8.0/stm32cubeide/plugins/com.st.stm32cube.ide.mcu.externaltools.gnu-tools-for-stm32.9-2020-q2-update.win32_2.0.0.202105311346/tools/bin/../lib/gcc/arm-none-eabi/9.3.1/thumb/v7e-m+dp/hard/crtbegin.o
 .ARM.attributes
                0x0000000000000050       0x32 ./Core/Src/main.o
 .ARM.attributes
                0x0000000000000082       0x32 ./Core/Src/stm32h7xx_hal_msp.o
 .ARM.attributes
                0x00000000000000b4       0x32 ./Core/Src/stm32h7xx_it.o
 .ARM.attributes
                0x00000000000000e6       0x32 ./Core/Src/system_stm32h7xx.o
 .ARM.attributes
                0x0000000000000118       0x21 ./Core/Startup/startup_stm32h7a3zitxq.o
 .ARM.attributes
                0x0000000000000139       0x32 ./Drivers/STM32H7xx_HAL_Driver/Src/stm32h7xx_hal.o
 .ARM.attributes
                0x000000000000016b       0x32 ./Drivers/STM32H7xx_HAL_Driver/Src/stm32h7xx_hal_cortex.o
 .ARM.attributes
                0x000000000000019d       0x32 ./Drivers/STM32H7xx_HAL_Driver/Src/stm32h7xx_hal_gpio.o
 .ARM.attributes
                0x00000000000001cf       0x32 ./Drivers/STM32H7xx_HAL_Driver/Src/stm32h7xx_hal_pwr_ex.o
 .ARM.attributes
                0x0000000000000201       0x32 ./Drivers/STM32H7xx_HAL_Driver/Src/stm32h7xx_hal_rcc.o
 .ARM.attributes
                0x0000000000000233       0x32 ./Drivers/STM32H7xx_HAL_Driver/Src/stm32h7xx_hal_rcc_ex.o
 .ARM.attributes
                0x0000000000000265       0x32 ./Drivers/STM32H7xx_HAL_Driver/Src/stm32h7xx_hal_uart.o
 .ARM.attributes
                0x0000000000000297       0x32 ./Drivers/STM32H7xx_HAL_Driver/Src/stm32h7xx_hal_uart_ex.o
 .ARM.attributes
                0x00000000000002c9       0x37 C:\Users\chama\STM32CubeIDE\ARM_MATH_CM7_testing\CMSIS_4.5_test_v2\libs\libarm_cortexM7lfdp_math.a(arm_mat_mult_f32.o)
 .ARM.attributes
                0x0000000000000300       0x37 C:\Users\chama\STM32CubeIDE\ARM_MATH_CM7_testing\CMSIS_4.5_test_v2\libs\libarm_cortexM7lfdp_math.a(arm_mat_init_f32.o)
 .ARM.attributes
                0x0000000000000337       0x30 c:/st/stm32cubeide_1.8.0/stm32cubeide/plugins/com.st.stm32cube.ide.mcu.externaltools.gnu-tools-for-stm32.9-2020-q2-update.win32_2.0.0.202105311346/tools/bin/../lib/gcc/arm-none-eabi/9.3.1/../../../../arm-none-eabi/lib/thumb/v7e-m+dp/hard\libc_nano.a(lib_a-impure.o)
 .ARM.attributes
                0x0000000000000367       0x32 c:/st/stm32cubeide_1.8.0/stm32cubeide/plugins/com.st.stm32cube.ide.mcu.externaltools.gnu-tools-for-stm32.9-2020-q2-update.win32_2.0.0.202105311346/tools/bin/../lib/gcc/arm-none-eabi/9.3.1/../../../../arm-none-eabi/lib/thumb/v7e-m+dp/hard\libc_nano.a(lib_a-init.o)
 .ARM.attributes
                0x0000000000000399       0x32 c:/st/stm32cubeide_1.8.0/stm32cubeide/plugins/com.st.stm32cube.ide.mcu.externaltools.gnu-tools-for-stm32.9-2020-q2-update.win32_2.0.0.202105311346/tools/bin/../lib/gcc/arm-none-eabi/9.3.1/../../../../arm-none-eabi/lib/thumb/v7e-m+dp/hard\libc_nano.a(lib_a-malloc.o)
 .ARM.attributes
                0x00000000000003cb       0x32 c:/st/stm32cubeide_1.8.0/stm32cubeide/plugins/com.st.stm32cube.ide.mcu.externaltools.gnu-tools-for-stm32.9-2020-q2-update.win32_2.0.0.202105311346/tools/bin/../lib/gcc/arm-none-eabi/9.3.1/../../../../arm-none-eabi/lib/thumb/v7e-m+dp/hard\libc_nano.a(lib_a-memset.o)
 .ARM.attributes
                0x00000000000003fd       0x32 c:/st/stm32cubeide_1.8.0/stm32cubeide/plugins/com.st.stm32cube.ide.mcu.externaltools.gnu-tools-for-stm32.9-2020-q2-update.win32_2.0.0.202105311346/tools/bin/../lib/gcc/arm-none-eabi/9.3.1/../../../../arm-none-eabi/lib/thumb/v7e-m+dp/hard\libc_nano.a(lib_a-nano-freer.o)
 .ARM.attributes
                0x000000000000042f       0x32 c:/st/stm32cubeide_1.8.0/stm32cubeide/plugins/com.st.stm32cube.ide.mcu.externaltools.gnu-tools-for-stm32.9-2020-q2-update.win32_2.0.0.202105311346/tools/bin/../lib/gcc/arm-none-eabi/9.3.1/../../../../arm-none-eabi/lib/thumb/v7e-m+dp/hard\libc_nano.a(lib_a-nano-mallocr.o)
 .ARM.attributes
                0x0000000000000461       0x32 c:/st/stm32cubeide_1.8.0/stm32cubeide/plugins/com.st.stm32cube.ide.mcu.externaltools.gnu-tools-for-stm32.9-2020-q2-update.win32_2.0.0.202105311346/tools/bin/../lib/gcc/arm-none-eabi/9.3.1/../../../../arm-none-eabi/lib/thumb/v7e-m+dp/hard\libc_nano.a(lib_a-mlock.o)
 .ARM.attributes
                0x0000000000000493       0x32 c:/st/stm32cubeide_1.8.0/stm32cubeide/plugins/com.st.stm32cube.ide.mcu.externaltools.gnu-tools-for-stm32.9-2020-q2-update.win32_2.0.0.202105311346/tools/bin/../lib/gcc/arm-none-eabi/9.3.1/../../../../arm-none-eabi/lib/thumb/v7e-m+dp/hard\libc_nano.a(lib_a-lock.o)
 .ARM.attributes
                0x00000000000004c5       0x1e c:/st/stm32cubeide_1.8.0/stm32cubeide/plugins/com.st.stm32cube.ide.mcu.externaltools.gnu-tools-for-stm32.9-2020-q2-update.win32_2.0.0.202105311346/tools/bin/../lib/gcc/arm-none-eabi/9.3.1/thumb/v7e-m+dp/hard\libgcc.a(_aeabi_uldivmod.o)
 .ARM.attributes
                0x00000000000004e3       0x32 c:/st/stm32cubeide_1.8.0/stm32cubeide/plugins/com.st.stm32cube.ide.mcu.externaltools.gnu-tools-for-stm32.9-2020-q2-update.win32_2.0.0.202105311346/tools/bin/../lib/gcc/arm-none-eabi/9.3.1/thumb/v7e-m+dp/hard\libgcc.a(_udivmoddi4.o)
 .ARM.attributes
                0x0000000000000515       0x1e c:/st/stm32cubeide_1.8.0/stm32cubeide/plugins/com.st.stm32cube.ide.mcu.externaltools.gnu-tools-for-stm32.9-2020-q2-update.win32_2.0.0.202105311346/tools/bin/../lib/gcc/arm-none-eabi/9.3.1/thumb/v7e-m+dp/hard\libgcc.a(_dvmd_tls.o)
 .ARM.attributes
                0x0000000000000533       0x1e c:/st/stm32cubeide_1.8.0/stm32cubeide/plugins/com.st.stm32cube.ide.mcu.externaltools.gnu-tools-for-stm32.9-2020-q2-update.win32_2.0.0.202105311346/tools/bin/../lib/gcc/arm-none-eabi/9.3.1/thumb/v7e-m+dp/hard/crtn.o
OUTPUT(CMSIS_4.5_test_v2.elf elf32-littlearm)
LOAD linker stubs
LOAD c:/st/stm32cubeide_1.8.0/stm32cubeide/plugins/com.st.stm32cube.ide.mcu.externaltools.gnu-tools-for-stm32.9-2020-q2-update.win32_2.0.0.202105311346/tools/bin/../lib/gcc/arm-none-eabi/9.3.1/../../../../arm-none-eabi/lib/thumb/v7e-m+dp/hard\libc.a
LOAD c:/st/stm32cubeide_1.8.0/stm32cubeide/plugins/com.st.stm32cube.ide.mcu.externaltools.gnu-tools-for-stm32.9-2020-q2-update.win32_2.0.0.202105311346/tools/bin/../lib/gcc/arm-none-eabi/9.3.1/../../../../arm-none-eabi/lib/thumb/v7e-m+dp/hard\libm.a
LOAD c:/st/stm32cubeide_1.8.0/stm32cubeide/plugins/com.st.stm32cube.ide.mcu.externaltools.gnu-tools-for-stm32.9-2020-q2-update.win32_2.0.0.202105311346/tools/bin/../lib/gcc/arm-none-eabi/9.3.1/thumb/v7e-m+dp/hard\libgcc.a

.debug_info     0x0000000000000000    0x170c3
 .debug_info    0x0000000000000000     0x1dbc ./Core/Src/main.o
 .debug_info    0x0000000000001dbc     0x1a91 ./Core/Src/stm32h7xx_hal_msp.o
 .debug_info    0x000000000000384d      0xc21 ./Core/Src/stm32h7xx_it.o
 .debug_info    0x000000000000446e     0x170a ./Core/Src/system_stm32h7xx.o
 .debug_info    0x0000000000005b78       0x22 ./Core/Startup/startup_stm32h7a3zitxq.o
 .debug_info    0x0000000000005b9a     0x1e3c ./Drivers/STM32H7xx_HAL_Driver/Src/stm32h7xx_hal.o
 .debug_info    0x00000000000079d6     0x1bf5 ./Drivers/STM32H7xx_HAL_Driver/Src/stm32h7xx_hal_cortex.o
 .debug_info    0x00000000000095cb     0x16a5 ./Drivers/STM32H7xx_HAL_Driver/Src/stm32h7xx_hal_gpio.o
 .debug_info    0x000000000000ac70     0x1a62 ./Drivers/STM32H7xx_HAL_Driver/Src/stm32h7xx_hal_pwr_ex.o
 .debug_info    0x000000000000c6d2     0x19a3 ./Drivers/STM32H7xx_HAL_Driver/Src/stm32h7xx_hal_rcc.o
 .debug_info    0x000000000000e075     0x1cf0 ./Drivers/STM32H7xx_HAL_Driver/Src/stm32h7xx_hal_rcc_ex.o
 .debug_info    0x000000000000fd65     0x55b2 ./Drivers/STM32H7xx_HAL_Driver/Src/stm32h7xx_hal_uart.o
 .debug_info    0x0000000000015317     0x19a9 ./Drivers/STM32H7xx_HAL_Driver/Src/stm32h7xx_hal_uart_ex.o
 .debug_info    0x0000000000016cc0      0x2b3 C:\Users\chama\STM32CubeIDE\ARM_MATH_CM7_testing\CMSIS_4.5_test_v2\libs\libarm_cortexM7lfdp_math.a(arm_mat_mult_f32.o)
 .debug_info    0x0000000000016f73      0x150 C:\Users\chama\STM32CubeIDE\ARM_MATH_CM7_testing\CMSIS_4.5_test_v2\libs\libarm_cortexM7lfdp_math.a(arm_mat_init_f32.o)

.debug_abbrev   0x0000000000000000     0x25e9
 .debug_abbrev  0x0000000000000000      0x362 ./Core/Src/main.o
 .debug_abbrev  0x0000000000000362      0x267 ./Core/Src/stm32h7xx_hal_msp.o
 .debug_abbrev  0x00000000000005c9      0x1ef ./Core/Src/stm32h7xx_it.o
 .debug_abbrev  0x00000000000007b8      0x262 ./Core/Src/system_stm32h7xx.o
 .debug_abbrev  0x0000000000000a1a       0x12 ./Core/Startup/startup_stm32h7a3zitxq.o
 .debug_abbrev  0x0000000000000a2c      0x31b ./Drivers/STM32H7xx_HAL_Driver/Src/stm32h7xx_hal.o
 .debug_abbrev  0x0000000000000d47      0x409 ./Drivers/STM32H7xx_HAL_Driver/Src/stm32h7xx_hal_cortex.o
 .debug_abbrev  0x0000000000001150      0x2cb ./Drivers/STM32H7xx_HAL_Driver/Src/stm32h7xx_hal_gpio.o
 .debug_abbrev  0x000000000000141b      0x33f ./Drivers/STM32H7xx_HAL_Driver/Src/stm32h7xx_hal_pwr_ex.o
 .debug_abbrev  0x000000000000175a      0x322 ./Drivers/STM32H7xx_HAL_Driver/Src/stm32h7xx_hal_rcc.o
 .debug_abbrev  0x0000000000001a7c      0x32e ./Drivers/STM32H7xx_HAL_Driver/Src/stm32h7xx_hal_rcc_ex.o
 .debug_abbrev  0x0000000000001daa      0x38e ./Drivers/STM32H7xx_HAL_Driver/Src/stm32h7xx_hal_uart.o
 .debug_abbrev  0x0000000000002138      0x33d ./Drivers/STM32H7xx_HAL_Driver/Src/stm32h7xx_hal_uart_ex.o
 .debug_abbrev  0x0000000000002475       0xd1 C:\Users\chama\STM32CubeIDE\ARM_MATH_CM7_testing\CMSIS_4.5_test_v2\libs\libarm_cortexM7lfdp_math.a(arm_mat_mult_f32.o)
 .debug_abbrev  0x0000000000002546       0xa3 C:\Users\chama\STM32CubeIDE\ARM_MATH_CM7_testing\CMSIS_4.5_test_v2\libs\libarm_cortexM7lfdp_math.a(arm_mat_init_f32.o)

.debug_aranges  0x0000000000000000      0xa70
 .debug_aranges
                0x0000000000000000       0x50 ./Core/Src/main.o
 .debug_aranges
                0x0000000000000050       0x30 ./Core/Src/stm32h7xx_hal_msp.o
 .debug_aranges
                0x0000000000000080       0x60 ./Core/Src/stm32h7xx_it.o
 .debug_aranges
                0x00000000000000e0       0x28 ./Core/Src/system_stm32h7xx.o
 .debug_aranges
                0x0000000000000108       0x28 ./Core/Startup/startup_stm32h7a3zitxq.o
 .debug_aranges
                0x0000000000000130      0x1a0 ./Drivers/STM32H7xx_HAL_Driver/Src/stm32h7xx_hal.o
 .debug_aranges
                0x00000000000002d0      0x120 ./Drivers/STM32H7xx_HAL_Driver/Src/stm32h7xx_hal_cortex.o
 .debug_aranges
                0x00000000000003f0       0x58 ./Drivers/STM32H7xx_HAL_Driver/Src/stm32h7xx_hal_gpio.o
 .debug_aranges
                0x0000000000000448      0x188 ./Drivers/STM32H7xx_HAL_Driver/Src/stm32h7xx_hal_pwr_ex.o
 .debug_aranges
                0x00000000000005d0       0x88 ./Drivers/STM32H7xx_HAL_Driver/Src/stm32h7xx_hal_rcc.o
 .debug_aranges
                0x0000000000000658       0xf0 ./Drivers/STM32H7xx_HAL_Driver/Src/stm32h7xx_hal_rcc_ex.o
 .debug_aranges
                0x0000000000000748      0x248 ./Drivers/STM32H7xx_HAL_Driver/Src/stm32h7xx_hal_uart.o
 .debug_aranges
                0x0000000000000990       0xa0 ./Drivers/STM32H7xx_HAL_Driver/Src/stm32h7xx_hal_uart_ex.o
 .debug_aranges
                0x0000000000000a30       0x20 C:\Users\chama\STM32CubeIDE\ARM_MATH_CM7_testing\CMSIS_4.5_test_v2\libs\libarm_cortexM7lfdp_math.a(arm_mat_mult_f32.o)
 .debug_aranges
                0x0000000000000a50       0x20 C:\Users\chama\STM32CubeIDE\ARM_MATH_CM7_testing\CMSIS_4.5_test_v2\libs\libarm_cortexM7lfdp_math.a(arm_mat_init_f32.o)

.debug_ranges   0x0000000000000000      0x9b8
 .debug_ranges  0x0000000000000000       0x40 ./Core/Src/main.o
 .debug_ranges  0x0000000000000040       0x20 ./Core/Src/stm32h7xx_hal_msp.o
 .debug_ranges  0x0000000000000060       0x50 ./Core/Src/stm32h7xx_it.o
 .debug_ranges  0x00000000000000b0       0x18 ./Core/Src/system_stm32h7xx.o
 .debug_ranges  0x00000000000000c8       0x20 ./Core/Startup/startup_stm32h7a3zitxq.o
 .debug_ranges  0x00000000000000e8      0x190 ./Drivers/STM32H7xx_HAL_Driver/Src/stm32h7xx_hal.o
 .debug_ranges  0x0000000000000278      0x110 ./Drivers/STM32H7xx_HAL_Driver/Src/stm32h7xx_hal_cortex.o
 .debug_ranges  0x0000000000000388       0x48 ./Drivers/STM32H7xx_HAL_Driver/Src/stm32h7xx_hal_gpio.o
 .debug_ranges  0x00000000000003d0      0x178 ./Drivers/STM32H7xx_HAL_Driver/Src/stm32h7xx_hal_pwr_ex.o
 .debug_ranges  0x0000000000000548       0x78 ./Drivers/STM32H7xx_HAL_Driver/Src/stm32h7xx_hal_rcc.o
 .debug_ranges  0x00000000000005c0       0xe0 ./Drivers/STM32H7xx_HAL_Driver/Src/stm32h7xx_hal_rcc_ex.o
 .debug_ranges  0x00000000000006a0      0x268 ./Drivers/STM32H7xx_HAL_Driver/Src/stm32h7xx_hal_uart.o
 .debug_ranges  0x0000000000000908       0x90 ./Drivers/STM32H7xx_HAL_Driver/Src/stm32h7xx_hal_uart_ex.o
 .debug_ranges  0x0000000000000998       0x10 C:\Users\chama\STM32CubeIDE\ARM_MATH_CM7_testing\CMSIS_4.5_test_v2\libs\libarm_cortexM7lfdp_math.a(arm_mat_mult_f32.o)
 .debug_ranges  0x00000000000009a8       0x10 C:\Users\chama\STM32CubeIDE\ARM_MATH_CM7_testing\CMSIS_4.5_test_v2\libs\libarm_cortexM7lfdp_math.a(arm_mat_init_f32.o)

.debug_macro    0x0000000000000000    0x2eff7
 .debug_macro   0x0000000000000000      0x3db ./Core/Src/main.o
 .debug_macro   0x00000000000003db      0xac6 ./Core/Src/main.o
 .debug_macro   0x0000000000000ea1      0x232 ./Core/Src/main.o
 .debug_macro   0x00000000000010d3       0x2e ./Core/Src/main.o
 .debug_macro   0x0000000000001101       0x42 ./Core/Src/main.o
 .debug_macro   0x0000000000001143       0x22 ./Core/Src/main.o
 .debug_macro   0x0000000000001165       0x8e ./Core/Src/main.o
 .debug_macro   0x00000000000011f3       0x51 ./Core/Src/main.o
 .debug_macro   0x0000000000001244      0x103 ./Core/Src/main.o
 .debug_macro   0x0000000000001347       0x6a ./Core/Src/main.o
 .debug_macro   0x00000000000013b1      0x1df ./Core/Src/main.o
 .debug_macro   0x0000000000001590       0x1c ./Core/Src/main.o
 .debug_macro   0x00000000000015ac       0x22 ./Core/Src/main.o
 .debug_macro   0x00000000000015ce      0x101 ./Core/Src/main.o
 .debug_macro   0x00000000000016cf     0x1305 ./Core/Src/main.o
 .debug_macro   0x00000000000029d4      0x11f ./Core/Src/main.o
 .debug_macro   0x0000000000002af3       0x27 ./Core/Src/main.o
 .debug_macro   0x0000000000002b1a    0x1e8b9 ./Core/Src/main.o
 .debug_macro   0x00000000000213d3       0x6d ./Core/Src/main.o
 .debug_macro   0x0000000000021440     0x3d25 ./Core/Src/main.o
 .debug_macro   0x0000000000025165      0x174 ./Core/Src/main.o
 .debug_macro   0x00000000000252d9       0x52 ./Core/Src/main.o
 .debug_macro   0x000000000002532b       0x17 ./Core/Src/main.o
 .debug_macro   0x0000000000025342       0x3c ./Core/Src/main.o
 .debug_macro   0x000000000002537e       0x34 ./Core/Src/main.o
 .debug_macro   0x00000000000253b2       0x16 ./Core/Src/main.o
 .debug_macro   0x00000000000253c8       0x43 ./Core/Src/main.o
 .debug_macro   0x000000000002540b       0x34 ./Core/Src/main.o
 .debug_macro   0x000000000002543f       0x10 ./Core/Src/main.o
 .debug_macro   0x000000000002544f       0x58 ./Core/Src/main.o
 .debug_macro   0x00000000000254a7       0x71 ./Core/Src/main.o
 .debug_macro   0x0000000000025518       0x1c ./Core/Src/main.o
 .debug_macro   0x0000000000025534      0x12a ./Core/Src/main.o
 .debug_macro   0x000000000002565e      0x333 ./Core/Src/main.o
 .debug_macro   0x0000000000025991      0x1a9 ./Core/Src/main.o
 .debug_macro   0x0000000000025b3a       0x5d ./Core/Src/main.o
 .debug_macro   0x0000000000025b97     0x24ee ./Core/Src/main.o
 .debug_macro   0x0000000000028085     0x1010 ./Core/Src/main.o
 .debug_macro   0x0000000000029095      0x14d ./Core/Src/main.o
 .debug_macro   0x00000000000291e2      0x114 ./Core/Src/main.o
 .debug_macro   0x00000000000292f6      0x3bf ./Core/Src/main.o
 .debug_macro   0x00000000000296b5       0xac ./Core/Src/main.o
 .debug_macro   0x0000000000029761      0x70a ./Core/Src/main.o
 .debug_macro   0x0000000000029e6b      0x20c ./Core/Src/main.o
 .debug_macro   0x000000000002a077       0x66 ./Core/Src/main.o
 .debug_macro   0x000000000002a0dd      0x3c9 ./Core/Src/main.o
 .debug_macro   0x000000000002a4a6      0x3eb ./Core/Src/main.o
 .debug_macro   0x000000000002a891      0x275 ./Core/Src/main.o
 .debug_macro   0x000000000002ab06      0x6c8 ./Core/Src/main.o
 .debug_macro   0x000000000002b1ce      0x520 ./Core/Src/main.o
 .debug_macro   0x000000000002b6ee       0x58 ./Core/Src/main.o
 .debug_macro   0x000000000002b746       0x4a ./Core/Src/main.o
 .debug_macro   0x000000000002b790      0x22c ./Core/Src/main.o
 .debug_macro   0x000000000002b9bc       0x67 ./Core/Src/main.o
 .debug_macro   0x000000000002ba23       0xa5 ./Core/Src/main.o
 .debug_macro   0x000000000002bac8      0x1bd ./Core/Src/main.o
 .debug_macro   0x000000000002bc85      0x2dc ./Core/Src/main.o
 .debug_macro   0x000000000002bf61       0x35 ./Core/Src/main.o
 .debug_macro   0x000000000002bf96      0x67e ./Core/Src/main.o
 .debug_macro   0x000000000002c614       0xa6 ./Core/Src/main.o
 .debug_macro   0x000000000002c6ba      0x5be ./Core/Src/main.o
 .debug_macro   0x000000000002cc78       0xc4 ./Core/Src/main.o
 .debug_macro   0x000000000002cd3c       0x1c ./Core/Src/main.o
 .debug_macro   0x000000000002cd58       0x35 ./Core/Src/main.o
 .debug_macro   0x000000000002cd8d       0x10 ./Core/Src/main.o
 .debug_macro   0x000000000002cd9d       0x10 ./Core/Src/main.o
 .debug_macro   0x000000000002cdad       0x1c ./Core/Src/main.o
 .debug_macro   0x000000000002cdc9       0x52 ./Core/Src/main.o
 .debug_macro   0x000000000002ce1b       0x22 ./Core/Src/main.o
 .debug_macro   0x000000000002ce3d       0x10 ./Core/Src/main.o
 .debug_macro   0x000000000002ce4d       0x40 ./Core/Src/main.o
 .debug_macro   0x000000000002ce8d       0xd5 ./Core/Src/main.o
 .debug_macro   0x000000000002cf62       0x1c ./Core/Src/main.o
 .debug_macro   0x000000000002cf7e       0x3d ./Core/Src/main.o
 .debug_macro   0x000000000002cfbb       0x16 ./Core/Src/main.o
 .debug_macro   0x000000000002cfd1      0x145 ./Core/Src/main.o
 .debug_macro   0x000000000002d116       0x16 ./Core/Src/main.o
 .debug_macro   0x000000000002d12c       0x16 ./Core/Src/main.o
 .debug_macro   0x000000000002d142       0x29 ./Core/Src/main.o
 .debug_macro   0x000000000002d16b       0x16 ./Core/Src/main.o
 .debug_macro   0x000000000002d181       0x20 ./Core/Src/main.o
 .debug_macro   0x000000000002d1a1       0x12 ./Core/Src/main.o
 .debug_macro   0x000000000002d1b3       0xdd ./Core/Src/main.o
 .debug_macro   0x000000000002d290      0x2a3 ./Core/Src/stm32h7xx_hal_msp.o
 .debug_macro   0x000000000002d533      0x2ad ./Core/Src/stm32h7xx_it.o
 .debug_macro   0x000000000002d7e0      0x294 ./Core/Src/system_stm32h7xx.o
 .debug_macro   0x000000000002da74      0x2be ./Drivers/STM32H7xx_HAL_Driver/Src/stm32h7xx_hal.o
 .debug_macro   0x000000000002dd32      0x294 ./Drivers/STM32H7xx_HAL_Driver/Src/stm32h7xx_hal_cortex.o
 .debug_macro   0x000000000002dfc6      0x29b ./Drivers/STM32H7xx_HAL_Driver/Src/stm32h7xx_hal_gpio.o
 .debug_macro   0x000000000002e261      0x2cd ./Drivers/STM32H7xx_HAL_Driver/Src/stm32h7xx_hal_pwr_ex.o
 .debug_macro   0x000000000002e52e      0x2b8 ./Drivers/STM32H7xx_HAL_Driver/Src/stm32h7xx_hal_rcc.o
 .debug_macro   0x000000000002e7e6      0x2b2 ./Drivers/STM32H7xx_HAL_Driver/Src/stm32h7xx_hal_rcc_ex.o
 .debug_macro   0x000000000002ea98      0x2bf ./Drivers/STM32H7xx_HAL_Driver/Src/stm32h7xx_hal_uart.o
 .debug_macro   0x000000000002ed57      0x2a0 ./Drivers/STM32H7xx_HAL_Driver/Src/stm32h7xx_hal_uart_ex.o

.debug_line     0x0000000000000000     0xdc6c
 .debug_line    0x0000000000000000      0xb95 ./Core/Src/main.o
 .debug_line    0x0000000000000b95      0x889 ./Core/Src/stm32h7xx_hal_msp.o
 .debug_line    0x000000000000141e      0x8ec ./Core/Src/stm32h7xx_it.o
 .debug_line    0x0000000000001d0a      0x9d1 ./Core/Src/system_stm32h7xx.o
 .debug_line    0x00000000000026db       0x89 ./Core/Startup/startup_stm32h7a3zitxq.o
 .debug_line    0x0000000000002764      0xde4 ./Drivers/STM32H7xx_HAL_Driver/Src/stm32h7xx_hal.o
 .debug_line    0x0000000000003548      0xddd ./Drivers/STM32H7xx_HAL_Driver/Src/stm32h7xx_hal_cortex.o
 .debug_line    0x0000000000004325      0xc9a ./Drivers/STM32H7xx_HAL_Driver/Src/stm32h7xx_hal_gpio.o
 .debug_line    0x0000000000004fbf      0xf65 ./Drivers/STM32H7xx_HAL_Driver/Src/stm32h7xx_hal_pwr_ex.o
 .debug_line    0x0000000000005f24     0x12e1 ./Drivers/STM32H7xx_HAL_Driver/Src/stm32h7xx_hal_rcc.o
 .debug_line    0x0000000000007205     0x1a0f ./Drivers/STM32H7xx_HAL_Driver/Src/stm32h7xx_hal_rcc_ex.o
 .debug_line    0x0000000000008c14     0x3ea1 ./Drivers/STM32H7xx_HAL_Driver/Src/stm32h7xx_hal_uart.o
 .debug_line    0x000000000000cab5      0xeb5 ./Drivers/STM32H7xx_HAL_Driver/Src/stm32h7xx_hal_uart_ex.o
 .debug_line    0x000000000000d96a      0x1bf C:\Users\chama\STM32CubeIDE\ARM_MATH_CM7_testing\CMSIS_4.5_test_v2\libs\libarm_cortexM7lfdp_math.a(arm_mat_mult_f32.o)
 .debug_line    0x000000000000db29      0x143 C:\Users\chama\STM32CubeIDE\ARM_MATH_CM7_testing\CMSIS_4.5_test_v2\libs\libarm_cortexM7lfdp_math.a(arm_mat_init_f32.o)

.debug_str      0x0000000000000000   0x133f44
 .debug_str     0x0000000000000000   0x130692 ./Core/Src/main.o
                                     0x130c59 (size before relaxing)
 .debug_str     0x0000000000130692      0x33d ./Core/Src/stm32h7xx_hal_msp.o
                                     0x12f5a5 (size before relaxing)
 .debug_str     0x00000000001309cf       0xbd ./Core/Src/stm32h7xx_it.o
                                     0x12eae7 (size before relaxing)
 .debug_str     0x0000000000130a8c      0x2df ./Core/Src/system_stm32h7xx.o
                                     0x12ec3c (size before relaxing)
 .debug_str     0x0000000000130d6b       0x37 ./Core/Startup/startup_stm32h7a3zitxq.o
                                         0x80 (size before relaxing)
 .debug_str     0x0000000000130da2      0xe17 ./Drivers/STM32H7xx_HAL_Driver/Src/stm32h7xx_hal.o
                                     0x12fa28 (size before relaxing)
 .debug_str     0x0000000000131bb9      0x39f ./Drivers/STM32H7xx_HAL_Driver/Src/stm32h7xx_hal_cortex.o
                                     0x12f53d (size before relaxing)
 .debug_str     0x0000000000131f58      0x12a ./Drivers/STM32H7xx_HAL_Driver/Src/stm32h7xx_hal_gpio.o
                                     0x12ec1a (size before relaxing)
 .debug_str     0x0000000000132082      0x752 ./Drivers/STM32H7xx_HAL_Driver/Src/stm32h7xx_hal_pwr_ex.o
                                     0x12f181 (size before relaxing)
 .debug_str     0x00000000001327d4      0x26c ./Drivers/STM32H7xx_HAL_Driver/Src/stm32h7xx_hal_rcc.o
                                     0x12efcf (size before relaxing)
 .debug_str     0x0000000000132a40      0x63d ./Drivers/STM32H7xx_HAL_Driver/Src/stm32h7xx_hal_rcc_ex.o
                                     0x12f43c (size before relaxing)
 .debug_str     0x000000000013307d      0xa0b ./Drivers/STM32H7xx_HAL_Driver/Src/stm32h7xx_hal_uart.o
                                     0x12f9cd (size before relaxing)
 .debug_str     0x0000000000133a88      0x2e7 ./Drivers/STM32H7xx_HAL_Driver/Src/stm32h7xx_hal_uart_ex.o
                                     0x12efd4 (size before relaxing)
 .debug_str     0x0000000000133d6f      0x195 C:\Users\chama\STM32CubeIDE\ARM_MATH_CM7_testing\CMSIS_4.5_test_v2\libs\libarm_cortexM7lfdp_math.a(arm_mat_mult_f32.o)
                                        0x323 (size before relaxing)
 .debug_str     0x0000000000133f04       0x40 C:\Users\chama\STM32CubeIDE\ARM_MATH_CM7_testing\CMSIS_4.5_test_v2\libs\libarm_cortexM7lfdp_math.a(arm_mat_init_f32.o)
                                        0x24b (size before relaxing)

.comment        0x0000000000000000       0xc3
 .comment       0x0000000000000000       0x53 ./Core/Src/main.o
                                         0x54 (size before relaxing)
 .comment       0x0000000000000053       0x54 ./Core/Src/stm32h7xx_hal_msp.o
 .comment       0x0000000000000053       0x54 ./Core/Src/stm32h7xx_it.o
 .comment       0x0000000000000053       0x54 ./Core/Src/system_stm32h7xx.o
 .comment       0x0000000000000053       0x54 ./Drivers/STM32H7xx_HAL_Driver/Src/stm32h7xx_hal.o
 .comment       0x0000000000000053       0x54 ./Drivers/STM32H7xx_HAL_Driver/Src/stm32h7xx_hal_cortex.o
 .comment       0x0000000000000053       0x54 ./Drivers/STM32H7xx_HAL_Driver/Src/stm32h7xx_hal_gpio.o
 .comment       0x0000000000000053       0x54 ./Drivers/STM32H7xx_HAL_Driver/Src/stm32h7xx_hal_pwr_ex.o
 .comment       0x0000000000000053       0x54 ./Drivers/STM32H7xx_HAL_Driver/Src/stm32h7xx_hal_rcc.o
 .comment       0x0000000000000053       0x54 ./Drivers/STM32H7xx_HAL_Driver/Src/stm32h7xx_hal_rcc_ex.o
 .comment       0x0000000000000053       0x54 ./Drivers/STM32H7xx_HAL_Driver/Src/stm32h7xx_hal_uart.o
 .comment       0x0000000000000053       0x54 ./Drivers/STM32H7xx_HAL_Driver/Src/stm32h7xx_hal_uart_ex.o
 .comment       0x0000000000000053       0x70 C:\Users\chama\STM32CubeIDE\ARM_MATH_CM7_testing\CMSIS_4.5_test_v2\libs\libarm_cortexM7lfdp_math.a(arm_mat_mult_f32.o)
                                         0x71 (size before relaxing)
 .comment       0x00000000000000c3       0x71 C:\Users\chama\STM32CubeIDE\ARM_MATH_CM7_testing\CMSIS_4.5_test_v2\libs\libarm_cortexM7lfdp_math.a(arm_mat_init_f32.o)

.debug_frame    0x0000000000000000     0x2b64
 .debug_frame   0x0000000000000000      0x100 ./Core/Src/main.o
 .debug_frame   0x0000000000000100       0x84 ./Core/Src/stm32h7xx_hal_msp.o
 .debug_frame   0x0000000000000184      0x104 ./Core/Src/stm32h7xx_it.o
 .debug_frame   0x0000000000000288       0x58 ./Core/Src/system_stm32h7xx.o
 .debug_frame   0x00000000000002e0      0x6a8 ./Drivers/STM32H7xx_HAL_Driver/Src/stm32h7xx_hal.o
 .debug_frame   0x0000000000000988      0x4b8 ./Drivers/STM32H7xx_HAL_Driver/Src/stm32h7xx_hal_cortex.o
 .debug_frame   0x0000000000000e40      0x14c ./Drivers/STM32H7xx_HAL_Driver/Src/stm32h7xx_hal_gpio.o
 .debug_frame   0x0000000000000f8c      0x660 ./Drivers/STM32H7xx_HAL_Driver/Src/stm32h7xx_hal_pwr_ex.o
 .debug_frame   0x00000000000015ec      0x1fc ./Drivers/STM32H7xx_HAL_Driver/Src/stm32h7xx_hal_rcc.o
 .debug_frame   0x00000000000017e8      0x3cc ./Drivers/STM32H7xx_HAL_Driver/Src/stm32h7xx_hal_rcc_ex.o
 .debug_frame   0x0000000000001bb4      0xa8c ./Drivers/STM32H7xx_HAL_Driver/Src/stm32h7xx_hal_uart.o
 .debug_frame   0x0000000000002640      0x29c ./Drivers/STM32H7xx_HAL_Driver/Src/stm32h7xx_hal_uart_ex.o
 .debug_frame   0x00000000000028dc       0x44 C:\Users\chama\STM32CubeIDE\ARM_MATH_CM7_testing\CMSIS_4.5_test_v2\libs\libarm_cortexM7lfdp_math.a(arm_mat_mult_f32.o)
 .debug_frame   0x0000000000002920       0x20 C:\Users\chama\STM32CubeIDE\ARM_MATH_CM7_testing\CMSIS_4.5_test_v2\libs\libarm_cortexM7lfdp_math.a(arm_mat_init_f32.o)
 .debug_frame   0x0000000000002940       0x2c c:/st/stm32cubeide_1.8.0/stm32cubeide/plugins/com.st.stm32cube.ide.mcu.externaltools.gnu-tools-for-stm32.9-2020-q2-update.win32_2.0.0.202105311346/tools/bin/../lib/gcc/arm-none-eabi/9.3.1/../../../../arm-none-eabi/lib/thumb/v7e-m+dp/hard\libc_nano.a(lib_a-init.o)
 .debug_frame   0x000000000000296c       0x30 c:/st/stm32cubeide_1.8.0/stm32cubeide/plugins/com.st.stm32cube.ide.mcu.externaltools.gnu-tools-for-stm32.9-2020-q2-update.win32_2.0.0.202105311346/tools/bin/../lib/gcc/arm-none-eabi/9.3.1/../../../../arm-none-eabi/lib/thumb/v7e-m+dp/hard\libc_nano.a(lib_a-malloc.o)
 .debug_frame   0x000000000000299c       0x20 c:/st/stm32cubeide_1.8.0/stm32cubeide/plugins/com.st.stm32cube.ide.mcu.externaltools.gnu-tools-for-stm32.9-2020-q2-update.win32_2.0.0.202105311346/tools/bin/../lib/gcc/arm-none-eabi/9.3.1/../../../../arm-none-eabi/lib/thumb/v7e-m+dp/hard\libc_nano.a(lib_a-memset.o)
 .debug_frame   0x00000000000029bc       0x38 c:/st/stm32cubeide_1.8.0/stm32cubeide/plugins/com.st.stm32cube.ide.mcu.externaltools.gnu-tools-for-stm32.9-2020-q2-update.win32_2.0.0.202105311346/tools/bin/../lib/gcc/arm-none-eabi/9.3.1/../../../../arm-none-eabi/lib/thumb/v7e-m+dp/hard\libc_nano.a(lib_a-nano-freer.o)
 .debug_frame   0x00000000000029f4       0x30 c:/st/stm32cubeide_1.8.0/stm32cubeide/plugins/com.st.stm32cube.ide.mcu.externaltools.gnu-tools-for-stm32.9-2020-q2-update.win32_2.0.0.202105311346/tools/bin/../lib/gcc/arm-none-eabi/9.3.1/../../../../arm-none-eabi/lib/thumb/v7e-m+dp/hard\libc_nano.a(lib_a-nano-mallocr.o)
 .debug_frame   0x0000000000002a24       0x30 c:/st/stm32cubeide_1.8.0/stm32cubeide/plugins/com.st.stm32cube.ide.mcu.externaltools.gnu-tools-for-stm32.9-2020-q2-update.win32_2.0.0.202105311346/tools/bin/../lib/gcc/arm-none-eabi/9.3.1/../../../../arm-none-eabi/lib/thumb/v7e-m+dp/hard\libc_nano.a(lib_a-mlock.o)
 .debug_frame   0x0000000000002a54       0xb0 c:/st/stm32cubeide_1.8.0/stm32cubeide/plugins/com.st.stm32cube.ide.mcu.externaltools.gnu-tools-for-stm32.9-2020-q2-update.win32_2.0.0.202105311346/tools/bin/../lib/gcc/arm-none-eabi/9.3.1/../../../../arm-none-eabi/lib/thumb/v7e-m+dp/hard\libc_nano.a(lib_a-lock.o)
 .debug_frame   0x0000000000002b04       0x2c c:/st/stm32cubeide_1.8.0/stm32cubeide/plugins/com.st.stm32cube.ide.mcu.externaltools.gnu-tools-for-stm32.9-2020-q2-update.win32_2.0.0.202105311346/tools/bin/../lib/gcc/arm-none-eabi/9.3.1/thumb/v7e-m+dp/hard\libgcc.a(_aeabi_uldivmod.o)
 .debug_frame   0x0000000000002b30       0x34 c:/st/stm32cubeide_1.8.0/stm32cubeide/plugins/com.st.stm32cube.ide.mcu.externaltools.gnu-tools-for-stm32.9-2020-q2-update.win32_2.0.0.202105311346/tools/bin/../lib/gcc/arm-none-eabi/9.3.1/thumb/v7e-m+dp/hard\libgcc.a(_udivmoddi4.o)

.debug_loc      0x0000000000000000      0x4ae
 .debug_loc     0x0000000000000000      0x4ae C:\Users\chama\STM32CubeIDE\ARM_MATH_CM7_testing\CMSIS_4.5_test_v2\libs\libarm_cortexM7lfdp_math.a(arm_mat_mult_f32.o)
