Archive member included to satisfy reference by file (symbol)

C:\Users\chama\STM32CubeIDE\ARM_MATH_CM7_testing\CMSIS_4.5_test_v2\libs\libarm_cortexM7lfdp_math.a(arm_mean_f32.o)
                              ./Core/Src/main.o (arm_mean_f32)
C:\Users\chama\STM32CubeIDE\ARM_MATH_CM7_testing\CMSIS_4.5_test_v2\libs\libarm_cortexM7lfdp_math.a(arm_mat_trans_f32.o)
                              ./Core/Src/main.o (arm_mat_trans_f32)
C:\Users\chama\STM32CubeIDE\ARM_MATH_CM7_testing\CMSIS_4.5_test_v2\libs\libarm_cortexM7lfdp_math.a(arm_mat_scale_f32.o)
                              ./Core/Src/main.o (arm_mat_scale_f32)
C:\Users\chama\STM32CubeIDE\ARM_MATH_CM7_testing\CMSIS_4.5_test_v2\libs\libarm_cortexM7lfdp_math.a(arm_mat_mult_f32.o)
                              ./Core/Src/main.o (arm_mat_mult_f32)
C:\Users\chama\STM32CubeIDE\ARM_MATH_CM7_testing\CMSIS_4.5_test_v2\libs\libarm_cortexM7lfdp_math.a(arm_mat_init_f32.o)
                              ./Core/Src/main.o (arm_mat_init_f32)
C:\Users\chama\STM32CubeIDE\ARM_MATH_CM7_testing\CMSIS_4.5_test_v2\libs\libarm_cortexM7lfdp_math.a(arm_offset_f32.o)
                              ./Core/Src/main.o (arm_offset_f32)
c:/st/stm32cubeide_1.8.0/stm32cubeide/plugins/com.st.stm32cube.ide.mcu.externaltools.gnu-tools-for-stm32.9-2020-q2-update.win32_2.0.0.202105311346/tools/bin/../lib/gcc/arm-none-eabi/9.3.1/../../../../arm-none-eabi/lib/thumb/v7e-m+dp/hard\libc_nano.a(lib_a-errno.o)
                              ./Core/Src/syscalls.o (__errno)
c:/st/stm32cubeide_1.8.0/stm32cubeide/plugins/com.st.stm32cube.ide.mcu.externaltools.gnu-tools-for-stm32.9-2020-q2-update.win32_2.0.0.202105311346/tools/bin/../lib/gcc/arm-none-eabi/9.3.1/../../../../arm-none-eabi/lib/thumb/v7e-m+dp/hard\libc_nano.a(lib_a-exit.o)
                              c:/st/stm32cubeide_1.8.0/stm32cubeide/plugins/com.st.stm32cube.ide.mcu.externaltools.gnu-tools-for-stm32.9-2020-q2-update.win32_2.0.0.202105311346/tools/bin/../lib/gcc/arm-none-eabi/9.3.1/../../../../arm-none-eabi/lib/thumb/v7e-m+dp/hard/crt0.o (exit)
c:/st/stm32cubeide_1.8.0/stm32cubeide/plugins/com.st.stm32cube.ide.mcu.externaltools.gnu-tools-for-stm32.9-2020-q2-update.win32_2.0.0.202105311346/tools/bin/../lib/gcc/arm-none-eabi/9.3.1/../../../../arm-none-eabi/lib/thumb/v7e-m+dp/hard\libc_nano.a(lib_a-impure.o)
                              c:/st/stm32cubeide_1.8.0/stm32cubeide/plugins/com.st.stm32cube.ide.mcu.externaltools.gnu-tools-for-stm32.9-2020-q2-update.win32_2.0.0.202105311346/tools/bin/../lib/gcc/arm-none-eabi/9.3.1/../../../../arm-none-eabi/lib/thumb/v7e-m+dp/hard\libc_nano.a(lib_a-exit.o) (_global_impure_ptr)
c:/st/stm32cubeide_1.8.0/stm32cubeide/plugins/com.st.stm32cube.ide.mcu.externaltools.gnu-tools-for-stm32.9-2020-q2-update.win32_2.0.0.202105311346/tools/bin/../lib/gcc/arm-none-eabi/9.3.1/../../../../arm-none-eabi/lib/thumb/v7e-m+dp/hard\libc_nano.a(lib_a-init.o)
                              c:/st/stm32cubeide_1.8.0/stm32cubeide/plugins/com.st.stm32cube.ide.mcu.externaltools.gnu-tools-for-stm32.9-2020-q2-update.win32_2.0.0.202105311346/tools/bin/../lib/gcc/arm-none-eabi/9.3.1/../../../../arm-none-eabi/lib/thumb/v7e-m+dp/hard/crt0.o (__libc_init_array)
c:/st/stm32cubeide_1.8.0/stm32cubeide/plugins/com.st.stm32cube.ide.mcu.externaltools.gnu-tools-for-stm32.9-2020-q2-update.win32_2.0.0.202105311346/tools/bin/../lib/gcc/arm-none-eabi/9.3.1/../../../../arm-none-eabi/lib/thumb/v7e-m+dp/hard\libc_nano.a(lib_a-malloc.o)
                              ./Core/Src/main.o (free)
c:/st/stm32cubeide_1.8.0/stm32cubeide/plugins/com.st.stm32cube.ide.mcu.externaltools.gnu-tools-for-stm32.9-2020-q2-update.win32_2.0.0.202105311346/tools/bin/../lib/gcc/arm-none-eabi/9.3.1/../../../../arm-none-eabi/lib/thumb/v7e-m+dp/hard\libc_nano.a(lib_a-memcpy-stub.o)
                              ./Core/Src/main.o (memcpy)
c:/st/stm32cubeide_1.8.0/stm32cubeide/plugins/com.st.stm32cube.ide.mcu.externaltools.gnu-tools-for-stm32.9-2020-q2-update.win32_2.0.0.202105311346/tools/bin/../lib/gcc/arm-none-eabi/9.3.1/../../../../arm-none-eabi/lib/thumb/v7e-m+dp/hard\libc_nano.a(lib_a-memset.o)
                              c:/st/stm32cubeide_1.8.0/stm32cubeide/plugins/com.st.stm32cube.ide.mcu.externaltools.gnu-tools-for-stm32.9-2020-q2-update.win32_2.0.0.202105311346/tools/bin/../lib/gcc/arm-none-eabi/9.3.1/../../../../arm-none-eabi/lib/thumb/v7e-m+dp/hard/crt0.o (memset)
c:/st/stm32cubeide_1.8.0/stm32cubeide/plugins/com.st.stm32cube.ide.mcu.externaltools.gnu-tools-for-stm32.9-2020-q2-update.win32_2.0.0.202105311346/tools/bin/../lib/gcc/arm-none-eabi/9.3.1/../../../../arm-none-eabi/lib/thumb/v7e-m+dp/hard\libc_nano.a(lib_a-nano-freer.o)
                              c:/st/stm32cubeide_1.8.0/stm32cubeide/plugins/com.st.stm32cube.ide.mcu.externaltools.gnu-tools-for-stm32.9-2020-q2-update.win32_2.0.0.202105311346/tools/bin/../lib/gcc/arm-none-eabi/9.3.1/../../../../arm-none-eabi/lib/thumb/v7e-m+dp/hard\libc_nano.a(lib_a-malloc.o) (_free_r)
[...]
Memory Configuration

Name             Origin             Length             Attributes
ITCMRAM          0x0000000000000000 0x0000000000010000 xrw
FLASH            0x0000000008000000 0x0000000000200000 xr
DTCMRAM1         0x0000000020000000 0x0000000000010000 xrw
DTCMRAM2         0x0000000020010000 0x0000000000010000 xrw
RAM              0x0000000024000000 0x0000000000100000 xrw
RAM_CD           0x0000000030000000 0x0000000000020000 xrw
RAM_SRD          0x0000000038000000 0x0000000000008000 xrw
*default*        0x0000000000000000 0xffffffffffffffff

Linker script and memory map

LOAD c:/st/stm32cubeide_1.8.0/stm32cubeide/plugins/com.st.stm32cube.ide.mcu.externaltools.gnu-tools-for-stm32.9-2020-q2-update.win32_2.0.0.202105311346/tools/bin/../lib/gcc/arm-none-eabi/9.3.1/thumb/v7e-m+dp/hard/crti.o
LOAD c:/st/stm32cubeide_1.8.0/stm32cubeide/plugins/com.st.stm32cube.ide.mcu.externaltools.gnu-tools-for-stm32.9-2020-q2-update.win32_2.0.0.202105311346/tools/bin/../lib/gcc/arm-none-eabi/9.3.1/thumb/v7e-m+dp/hard/crtbegin.o
LOAD c:/st/stm32cubeide_1.8.0/stm32cubeide/plugins/com.st.stm32cube.ide.mcu.externaltools.gnu-tools-for-stm32.9-2020-q2-update.win32_2.0.0.202105311346/tools/bin/../lib/gcc/arm-none-eabi/9.3.1/../../../../arm-none-eabi/lib/thumb/v7e-m+dp/hard/crt0.o
LOAD ./Core/Src/main.o
LOAD ./Core/Src/stm32h7xx_hal_msp.o
LOAD ./Core/Src/stm32h7xx_it.o
LOAD ./Core/Src/syscalls.o
LOAD ./Core/Src/sysmem.o
LOAD ./Core/Src/system_stm32h7xx.o
LOAD ./Core/Startup/startup_stm32h7a3zitxq.o
LOAD ./Drivers/STM32H7xx_HAL_Driver/Src/stm32h7xx_hal.o
LOAD ./Drivers/STM32H7xx_HAL_Driver/Src/stm32h7xx_hal_cortex.o
LOAD ./Drivers/STM32H7xx_HAL_Driver/Src/stm32h7xx_hal_dma.o
LOAD ./Drivers/STM32H7xx_HAL_Driver/Src/stm32h7xx_hal_dma_ex.o
LOAD ./Drivers/STM32H7xx_HAL_Driver/Src/stm32h7xx_hal_exti.o
LOAD ./Drivers/STM32H7xx_HAL_Driver/Src/stm32h7xx_hal_flash.o
LOAD ./Drivers/STM32H7xx_HAL_Driver/Src/stm32h7xx_hal_flash_ex.o
LOAD ./Drivers/STM32H7xx_HAL_Driver/Src/stm32h7xx_hal_gpio.o
LOAD ./Drivers/STM32H7xx_HAL_Driver/Src/stm32h7xx_hal_hsem.o
LOAD ./Drivers/STM32H7xx_HAL_Driver/Src/stm32h7xx_hal_i2c.o
LOAD ./Drivers/STM32H7xx_HAL_Driver/Src/stm32h7xx_hal_i2c_ex.o
LOAD ./Drivers/STM32H7xx_HAL_Driver/Src/stm32h7xx_hal_mdma.o
LOAD ./Drivers/STM32H7xx_HAL_Driver/Src/stm32h7xx_hal_pwr.o
LOAD ./Drivers/STM32H7xx_HAL_Driver/Src/stm32h7xx_hal_pwr_ex.o
LOAD ./Drivers/STM32H7xx_HAL_Driver/Src/stm32h7xx_hal_rcc.o
LOAD ./Drivers/STM32H7xx_HAL_Driver/Src/stm32h7xx_hal_rcc_ex.o
LOAD ./Drivers/STM32H7xx_HAL_Driver/Src/stm32h7xx_hal_tim.o
LOAD ./Drivers/STM32H7xx_HAL_Driver/Src/stm32h7xx_hal_tim_ex.o
LOAD ./Drivers/STM32H7xx_HAL_Driver/Src/stm32h7xx_hal_uart.o
LOAD ./Drivers/STM32H7xx_HAL_Driver/Src/stm32h7xx_hal_uart_ex.o
LOAD C:\Users\chama\STM32CubeIDE\ARM_MATH_CM7_testing\CMSIS_4.5_test_v2\libs\libarm_cortexM7lfdp_math.a
START GROUP
LOAD c:/st/stm32cubeide_1.8.0/stm32cubeide/plugins/com.st.stm32cube.ide.mcu.externaltools.gnu-tools-for-stm32.9-2020-q2-update.win32_2.0.0.202105311346/tools/bin/../lib/gcc/arm-none-eabi/9.3.1/../../../../arm-none-eabi/lib/thumb/v7e-m+dp/hard\libc_nano.a
LOAD c:/st/stm32cubeide_1.8.0/stm32cubeide/plugins/com.st.stm32cube.ide.mcu.externaltools.gnu-tools-for-stm32.9-2020-q2-update.win32_2.0.0.202105311346/tools/bin/../lib/gcc/arm-none-eabi/9.3.1/../../../../arm-none-eabi/lib/thumb/v7e-m+dp/hard\libm.a
END GROUP
START GROUP
LOAD c:/st/stm32cubeide_1.8.0/stm32cubeide/plugins/com.st.stm32cube.ide.mcu.externaltools.gnu-tools-for-stm32.9-2020-q2-update.win32_2.0.0.202105311346/tools/bin/../lib/gcc/arm-none-eabi/9.3.1/thumb/v7e-m+dp/hard\libgcc.a
LOAD c:/st/stm32cubeide_1.8.0/stm32cubeide/plugins/com.st.stm32cube.ide.mcu.externaltools.gnu-tools-for-stm32.9-2020-q2-update.win32_2.0.0.202105311346/tools/bin/../lib/gcc/arm-none-eabi/9.3.1/../../../../arm-none-eabi/lib/thumb/v7e-m+dp/hard\libc_nano.a
END GROUP
START GROUP
LOAD c:/st/stm32cubeide_1.8.0/stm32cubeide/plugins/com.st.stm32cube.ide.mcu.externaltools.gnu-tools-for-stm32.9-2020-q2-update.win32_2.0.0.202105311346/tools/bin/../lib/gcc/arm-none-eabi/9.3.1/thumb/v7e-m+dp/hard\libgcc.a
LOAD c:/st/stm32cubeide_1.8.0/stm32cubeide/plugins/com.st.stm32cube.ide.mcu.externaltools.gnu-tools-for-stm32.9-2020-q2-update.win32_2.0.0.202105311346/tools/bin/../lib/gcc/arm-none-eabi/9.3.1/../../../../arm-none-eabi/lib/thumb/v7e-m+dp/hard\libc_nano.a
LOAD c:/st/stm32cubeide_1.8.0/stm32cubeide/plugins/com.st.stm32cube.ide.mcu.externaltools.gnu-tools-for-stm32.9-2020-q2-update.win32_2.0.0.202105311346/tools/bin/../lib/gcc/arm-none-eabi/9.3.1/../../../../arm-none-eabi/lib/thumb/v7e-m+dp/hard\libnosys.a
END GROUP
START GROUP
LOAD c:/st/stm32cubeide_1.8.0/stm32cubeide/plugins/com.st.stm32cube.ide.mcu.externaltools.gnu-tools-for-stm32.9-2020-q2-update.win32_2.0.0.202105311346/tools/bin/../lib/gcc/arm-none-eabi/9.3.1/thumb/v7e-m+dp/hard\libgcc.a
LOAD c:/st/stm32cubeide_1.8.0/stm32cubeide/plugins/com.st.stm32cube.ide.mcu.externaltools.gnu-tools-for-stm32.9-2020-q2-update.win32_2.0.0.202105311346/tools/bin/../lib/gcc/arm-none-eabi/9.3.1/../../../../arm-none-eabi/lib/thumb/v7e-m+dp/hard\libc_nano.a
LOAD c:/st/stm32cubeide_1.8.0/stm32cubeide/plugins/com.st.stm32cube.ide.mcu.externaltools.gnu-tools-for-stm32.9-2020-q2-update.win32_2.0.0.202105311346/tools/bin/../lib/gcc/arm-none-eabi/9.3.1/../../../../arm-none-eabi/lib/thumb/v7e-m+dp/hard\libnosys.a
END GROUP
LOAD c:/st/stm32cubeide_1.8.0/stm32cubeide/plugins/com.st.stm32cube.ide.mcu.externaltools.gnu-tools-for-stm32.9-2020-q2-update.win32_2.0.0.202105311346/tools/bin/../lib/gcc/arm-none-eabi/9.3.1/thumb/v7e-m+dp/hard/crtend.o
LOAD c:/st/stm32cubeide_1.8.0/stm32cubeide/plugins/com.st.stm32cube.ide.mcu.externaltools.gnu-tools-for-stm32.9-2020-q2-update.win32_2.0.0.202105311346/tools/bin/../lib/gcc/arm-none-eabi/9.3.1/thumb/v7e-m+dp/hard/crtn.o
                0x0000000024100000                _estack = (ORIGIN (RAM) + LENGTH (RAM))
                0x0000000000000200                _Min_Heap_Size = 0x200
                0x0000000000000400                _Min_Stack_Size = 0x400

.isr_vector     0x0000000008000000      0x2ac
                0x0000000008000000                . = ALIGN (0x4)
 *(.isr_vector)
 .isr_vector    0x0000000008000000      0x2ac ./Core/Startup/startup_stm32h7a3zitxq.o
                0x0000000008000000                g_pfnVectors
                0x00000000080002ac                . = ALIGN (0x4)

.text           0x00000000080002ac     0x52c4
                0x00000000080002ac                . = ALIGN (0x4)
 *(.text)
 .text          0x00000000080002ac       0x40 c:/st/stm32cubeide_1.8.0/stm32cubeide/plugins/com.st.stm32cube.ide.mcu.externaltools.gnu-tools-for-stm32.9-2020-q2-update.win32_2.0.0.202105311346/tools/bin/../lib/gcc/arm-none-eabi/9.3.1/thumb/v7e-m+dp/hard/crtbegin.o
 .text          0x00000000080002ec       0x30 c:/st/stm32cubeide_1.8.0/stm32cubeide/plugins/com.st.stm32cube.ide.mcu.externaltools.gnu-tools-for-stm32.9-2020-q2-update.win32_2.0.0.202105311346/tools/bin/../lib/gcc/arm-none-eabi/9.3.1/thumb/v7e-m+dp/hard\libgcc.a(_aeabi_uldivmod.o)
                0x00000000080002ec                __aeabi_uldivmod
 .text          0x000000000800031c      0x2c4 c:/st/stm32cubeide_1.8.0/stm32cubeide/plugins/com.st.stm32cube.ide.mcu.externaltools.gnu-tools-for-stm32.9-2020-q2-update.win32_2.0.0.202105311346/tools/bin/../lib/gcc/arm-none-eabi/9.3.1/thumb/v7e-m+dp/hard\libgcc.a(_udivmoddi4.o)
                0x000000000800031c                __udivmoddi4
 .text          0x00000000080005e0        0x4 c:/st/stm32cubeide_1.8.0/stm32cubeide/plugins/com.st.stm32cube.ide.mcu.externaltools.gnu-tools-for-stm32.9-2020-q2-update.win32_2.0.0.202105311346/tools/bin/../lib/gcc/arm-none-eabi/9.3.1/thumb/v7e-m+dp/hard\libgcc.a(_dvmd_tls.o)
                0x00000000080005e0                __aeabi_idiv0
                0x00000000080005e0                __aeabi_ldiv0
 *(.text*)
 .text.mat_f32_check_equal
                0x00000000080005e4       0x94 ./Core/Src/main.o
                0x00000000080005e4                mat_f32_check_equal
 .text.vec_f32_demean
                0x0000000008000678       0x3c ./Core/Src/main.o
                0x0000000008000678                vec_f32_demean
 .text.create_data_matrix_f32
                0x00000000080006b4       0x8e ./Core/Src/main.o
                0x00000000080006b4                create_data_matrix_f32
 .text.create_covariance_matrix_f32
                0x0000000008000742       0xd2 ./Core/Src/main.o
                0x0000000008000742                create_covariance_matrix_f32
 .text.create_covariance_matrix_f32_test_3_arrays
                0x0000000008000814       0xd0 ./Core/Src/main.o
                0x0000000008000814                create_covariance_matrix_f32_test_3_arrays
 .text.main     0x00000000080008e4      0x1e8 ./Core/Src/main.o
                0x00000000080008e4                main
 .text.SystemClock_Config
                0x0000000008000acc       0xdc ./Core/Src/main.o
                0x0000000008000acc                SystemClock_Config
 .text.MX_USART3_UART_Init
                0x0000000008000ba8       0x98 ./Core/Src/main.o
 .text.MX_USB_OTG_HS_USB_Init
                0x0000000008000c40        0xe ./Core/Src/main.o
 *fill*         0x0000000008000c4e        0x2 
 .text.MX_GPIO_Init
                0x0000000008000c50      0x234 ./Core/Src/main.o
 .text.Error_Handler
                0x0000000008000e84       0x34 ./Core/Src/main.o
                0x0000000008000e84                Error_Handler
 .text.HAL_MspInit
                0x0000000008000eb8       0x34 ./Core/Src/stm32h7xx_hal_msp.o
                0x0000000008000eb8                HAL_MspInit
 .text.HAL_UART_MspInit
                0x0000000008000eec       0xcc ./Core/Src/stm32h7xx_hal_msp.o
                0x0000000008000eec                HAL_UART_MspInit
 .text.NMI_Handler
                0x0000000008000fb8        0x6 ./Core/Src/stm32h7xx_it.o
                0x0000000008000fb8                NMI_Handler
 .text.HardFault_Handler
                0x0000000008000fbe        0x6 ./Core/Src/stm32h7xx_it.o
                0x0000000008000fbe                HardFault_Handler
 .text.MemManage_Handler
                0x0000000008000fc4        0x6 ./Core/Src/stm32h7xx_it.o
                0x0000000008000fc4                MemManage_Handler
 .text.BusFault_Handler
                0x0000000008000fca        0x6 ./Core/Src/stm32h7xx_it.o
                0x0000000008000fca                BusFault_Handler
 .text.UsageFault_Handler
                0x0000000008000fd0        0x6 ./Core/Src/stm32h7xx_it.o
                0x0000000008000fd0                UsageFault_Handler
 .text.SVC_Handler
                0x0000000008000fd6        0xe ./Core/Src/stm32h7xx_it.o
                0x0000000008000fd6                SVC_Handler
 .text.DebugMon_Handler
                0x0000000008000fe4        0xe ./Core/Src/stm32h7xx_it.o
                0x0000000008000fe4                DebugMon_Handler
 .text.PendSV_Handler
                0x0000000008000ff2        0xe ./Core/Src/stm32h7xx_it.o
                0x0000000008000ff2                PendSV_Handler
 .text.SysTick_Handler
                0x0000000008001000        0xc ./Core/Src/stm32h7xx_it.o
                0x0000000008001000                SysTick_Handler
 .text.SystemInit
                0x000000000800100c       0xf0 ./Core/Src/system_stm32h7xx.o
                0x000000000800100c                SystemInit
 .text.Reset_Handler
                0x00000000080010fc       0x50 ./Core/Startup/startup_stm32h7a3zitxq.o
                0x00000000080010fc                Reset_Handler
 .text.Default_Handler
                0x000000000800114c        0x2 ./Core/Startup/startup_stm32h7a3zitxq.o
                0x000000000800114c                RTC_Alarm_IRQHandler
                0x000000000800114c                EXTI2_IRQHandler
                0x000000000800114c                TIM8_CC_IRQHandler
                0x000000000800114c                UART8_IRQHandler
                0x000000000800114c                BDMA2_Channel1_IRQHandler
                0x000000000800114c                SPI4_IRQHandler
                0x000000000800114c                BDMA2_Channel0_IRQHandler
                0x000000000800114c                TIM1_CC_IRQHandler
                0x000000000800114c                DMA2_Stream5_IRQHandler
                0x000000000800114c                JPEG_IRQHandler
                0x000000000800114c                DMA1_Stream5_IRQHandler
                0x000000000800114c                EXTI3_IRQHandler
                0x000000000800114c                LPTIM4_IRQHandler
                0x000000000800114c                TIM8_TRG_COM_TIM14_IRQHandler
                0x000000000800114c                LPTIM2_IRQHandler
                0x000000000800114c                DFSDM1_FLT1_IRQHandler
                0x000000000800114c                DMAMUX2_OVR_IRQHandler
                0x000000000800114c                GFXMMU_IRQHandler
                0x000000000800114c                TIM8_UP_TIM13_IRQHandler
                0x000000000800114c                I2C3_ER_IRQHandler
                0x000000000800114c                DFSDM1_FLT2_IRQHandler
                0x000000000800114c                USART10_IRQHandler
                0x000000000800114c                MDMA_IRQHandler
                0x000000000800114c                LPTIM3_IRQHandler
                0x000000000800114c                BDMA2_Channel3_IRQHandler
                0x000000000800114c                HSEM1_IRQHandler
                0x000000000800114c                EXTI0_IRQHandler
                0x000000000800114c                I2C2_EV_IRQHandler
                0x000000000800114c                DAC2_IRQHandler
                0x000000000800114c                DMA1_Stream2_IRQHandler
                0x000000000800114c                FPU_IRQHandler
                0x000000000800114c                OTG_HS_WKUP_IRQHandler
                0x000000000800114c                FDCAN1_IT1_IRQHandler
                0x000000000800114c                LTDC_ER_IRQHandler
                0x000000000800114c                DMA2_Stream2_IRQHandler
                0x000000000800114c                SPI1_IRQHandler
                0x000000000800114c                OCTOSPI1_IRQHandler
                0x000000000800114c                TIM6_DAC_IRQHandler
                0x000000000800114c                BDMA2_Channel6_IRQHandler
                0x000000000800114c                DMA2_Stream3_IRQHandler
                0x000000000800114c                OCTOSPI2_IRQHandler
                0x000000000800114c                SAI2_IRQHandler
                0x000000000800114c                BDMA1_IRQHandler
                0x000000000800114c                DFSDM1_FLT3_IRQHandler
                0x000000000800114c                USART6_IRQHandler
                0x000000000800114c                TIM17_IRQHandler
                0x000000000800114c                USART3_IRQHandler
                0x000000000800114c                LPTIM5_IRQHandler
                0x000000000800114c                UART5_IRQHandler
                0x000000000800114c                DMA2_Stream0_IRQHandler
                0x000000000800114c                TIM4_IRQHandler
                0x000000000800114c                I2C1_EV_IRQHandler
                0x000000000800114c                DMA1_Stream6_IRQHandler
                0x000000000800114c                DMAMUX1_OVR_IRQHandler
                0x000000000800114c                DMA1_Stream1_IRQHandler
                0x000000000800114c                TIM16_IRQHandler
                0x000000000800114c                UART4_IRQHandler
                0x000000000800114c                TIM3_IRQHandler
                0x000000000800114c                RCC_IRQHandler
                0x000000000800114c                UART9_IRQHandler
                0x000000000800114c                TIM8_BRK_TIM12_IRQHandler
                0x000000000800114c                TIM1_TRG_COM_IRQHandler
                0x000000000800114c                Default_Handler
                0x000000000800114c                ECC_IRQHandler
                0x000000000800114c                BDMA2_Channel2_IRQHandler
                0x000000000800114c                CEC_IRQHandler
                0x000000000800114c                EXTI15_10_IRQHandler
                0x000000000800114c                DFSDM1_FLT4_IRQHandler
                0x000000000800114c                ADC_IRQHandler
                0x000000000800114c                DMA1_Stream7_IRQHandler
                0x000000000800114c                SPI5_IRQHandler
                0x000000000800114c                TIM7_IRQHandler
                0x000000000800114c                SDMMC1_IRQHandler
                0x000000000800114c                TIM5_IRQHandler
                0x000000000800114c                DMA2_Stream7_IRQHandler
                0x000000000800114c                TIM15_IRQHandler
                0x000000000800114c                I2C3_EV_IRQHandler
                0x000000000800114c                DFSDM2_IRQHandler
                0x000000000800114c                EXTI9_5_IRQHandler
                0x000000000800114c                RTC_WKUP_IRQHandler
                0x000000000800114c                LTDC_IRQHandler
                0x000000000800114c                SPDIF_RX_IRQHandler
                0x000000000800114c                PVD_PVM_IRQHandler
                0x000000000800114c                SPI2_IRQHandler
                0x000000000800114c                OTG_HS_EP1_IN_IRQHandler
                0x000000000800114c                DFSDM1_FLT5_IRQHandler
                0x000000000800114c                DMA1_Stream0_IRQHandler
                0x000000000800114c                CRS_IRQHandler
                0x000000000800114c                EXTI4_IRQHandler
                0x000000000800114c                DFSDM1_FLT6_IRQHandler
                0x000000000800114c                RNG_IRQHandler
                0x000000000800114c                FDCAN2_IT1_IRQHandler
                0x000000000800114c                COMP_IRQHandler
                0x000000000800114c                TIM1_UP_IRQHandler
                0x000000000800114c                OTG_HS_EP1_OUT_IRQHandler
                0x000000000800114c                WWDG_IRQHandler
                0x000000000800114c                SPI6_IRQHandler
                0x000000000800114c                MDIOS_IRQHandler
                0x000000000800114c                I2C4_EV_IRQHandler
                0x000000000800114c                FDCAN2_IT0_IRQHandler
                0x000000000800114c                LPUART1_IRQHandler
                0x000000000800114c                FDCAN1_IT0_IRQHandler
                0x000000000800114c                TIM2_IRQHandler
                0x000000000800114c                BDMA2_Channel5_IRQHandler
                0x000000000800114c                OTG_HS_IRQHandler
                0x000000000800114c                DMA2D_IRQHandler
                0x000000000800114c                TIM1_BRK_IRQHandler
                0x000000000800114c                EXTI1_IRQHandler
                0x000000000800114c                SDMMC2_IRQHandler
                0x000000000800114c                DTS_IRQHandler
                0x000000000800114c                UART7_IRQHandler
                0x000000000800114c                MDIOS_WKUP_IRQHandler
                0x000000000800114c                USART2_IRQHandler
                0x000000000800114c                DFSDM1_FLT0_IRQHandler
                0x000000000800114c                I2C2_ER_IRQHandler
                0x000000000800114c                DMA2_Stream1_IRQHandler
                0x000000000800114c                DFSDM1_FLT7_IRQHandler
                0x000000000800114c                FLASH_IRQHandler
                0x000000000800114c                DMA2_Stream4_IRQHandler
                0x000000000800114c                USART1_IRQHandler
                0x000000000800114c                SPI3_IRQHandler
                0x000000000800114c                WAKEUP_PIN_IRQHandler
                0x000000000800114c                DMA1_Stream4_IRQHandler
                0x000000000800114c                I2C1_ER_IRQHandler
                0x000000000800114c                FMC_IRQHandler
                0x000000000800114c                BDMA2_Channel7_IRQHandler
                0x000000000800114c                FDCAN_CAL_IRQHandler
                0x000000000800114c                SWPMI1_IRQHandler
                0x000000000800114c                LPTIM1_IRQHandler
                0x000000000800114c                DCMI_PSSI_IRQHandler
                0x000000000800114c                I2C4_ER_IRQHandler
                0x000000000800114c                DMA2_Stream6_IRQHandler
                0x000000000800114c                SAI1_IRQHandler
                0x000000000800114c                DMA1_Stream3_IRQHandler
                0x000000000800114c                RTC_TAMP_STAMP_CSS_LSE_IRQHandler
                0x000000000800114c                BDMA2_Channel4_IRQHandler
 *fill*         0x000000000800114e        0x2 
 .text.HAL_Init
                0x0000000008001150       0x78 ./Drivers/STM32H7xx_HAL_Driver/Src/stm32h7xx_hal.o
                0x0000000008001150                HAL_Init
 .text.HAL_InitTick
                0x00000000080011c8       0x6c ./Drivers/STM32H7xx_HAL_Driver/Src/stm32h7xx_hal.o
                0x00000000080011c8                HAL_InitTick
 .text.HAL_IncTick
                0x0000000008001234       0x28 ./Drivers/STM32H7xx_HAL_Driver/Src/stm32h7xx_hal.o
                0x0000000008001234                HAL_IncTick
 .text.HAL_GetTick
                0x000000000800125c       0x18 ./Drivers/STM32H7xx_HAL_Driver/Src/stm32h7xx_hal.o
                0x000000000800125c                HAL_GetTick
 .text.HAL_Delay
                0x0000000008001274       0x48 ./Drivers/STM32H7xx_HAL_Driver/Src/stm32h7xx_hal.o
                0x0000000008001274                HAL_Delay
 .text.__NVIC_SetPriorityGrouping
                0x00000000080012bc       0x48 ./Drivers/STM32H7xx_HAL_Driver/Src/stm32h7xx_hal_cortex.o
 .text.__NVIC_GetPriorityGrouping
                0x0000000008001304       0x1c ./Drivers/STM32H7xx_HAL_Driver/Src/stm32h7xx_hal_cortex.o
 .text.__NVIC_SetPriority
                0x0000000008001320       0x54 ./Drivers/STM32H7xx_HAL_Driver/Src/stm32h7xx_hal_cortex.o
 .text.NVIC_EncodePriority
                0x0000000008001374       0x66 ./Drivers/STM32H7xx_HAL_Driver/Src/stm32h7xx_hal_cortex.o
 *fill*         0x00000000080013da        0x2 
 .text.SysTick_Config
                0x00000000080013dc       0x44 ./Drivers/STM32H7xx_HAL_Driver/Src/stm32h7xx_hal_cortex.o
 .text.HAL_NVIC_SetPriorityGrouping
                0x0000000008001420       0x16 ./Drivers/STM32H7xx_HAL_Driver/Src/stm32h7xx_hal_cortex.o
                0x0000000008001420                HAL_NVIC_SetPriorityGrouping
 .text.HAL_NVIC_SetPriority
                0x0000000008001436       0x34 ./Drivers/STM32H7xx_HAL_Driver/Src/stm32h7xx_hal_cortex.o
                0x0000000008001436                HAL_NVIC_SetPriority
 .text.HAL_SYSTICK_Config
                0x000000000800146a       0x18 ./Drivers/STM32H7xx_HAL_Driver/Src/stm32h7xx_hal_cortex.o
                0x000000000800146a                HAL_SYSTICK_Config
 *fill*         0x0000000008001482        0x2 
 .text.HAL_GPIO_Init
                0x0000000008001484      0x360 ./Drivers/STM32H7xx_HAL_Driver/Src/stm32h7xx_hal_gpio.o
                0x0000000008001484                HAL_GPIO_Init
 .text.HAL_GPIO_WritePin
                0x00000000080017e4       0x32 ./Drivers/STM32H7xx_HAL_Driver/Src/stm32h7xx_hal_gpio.o
                0x00000000080017e4                HAL_GPIO_WritePin
 .text.HAL_GPIO_TogglePin
                0x0000000008001816       0x34 ./Drivers/STM32H7xx_HAL_Driver/Src/stm32h7xx_hal_gpio.o
                0x0000000008001816                HAL_GPIO_TogglePin
 *fill*         0x000000000800184a        0x2 
 .text.HAL_PWREx_ConfigSupply
                0x000000000800184c       0xb4 ./Drivers/STM32H7xx_HAL_Driver/Src/stm32h7xx_hal_pwr_ex.o
                0x000000000800184c                HAL_PWREx_ConfigSupply
 .text.HAL_RCC_OscConfig
                0x0000000008001900      0x808 ./Drivers/STM32H7xx_HAL_Driver/Src/stm32h7xx_hal_rcc.o
                0x0000000008001900                HAL_RCC_OscConfig
 .text.HAL_RCC_ClockConfig
                0x0000000008002108      0x36c ./Drivers/STM32H7xx_HAL_Driver/Src/stm32h7xx_hal_rcc.o
                0x0000000008002108                HAL_RCC_ClockConfig
 .text.HAL_RCC_GetSysClockFreq
                0x0000000008002474      0x2f4 ./Drivers/STM32H7xx_HAL_Driver/Src/stm32h7xx_hal_rcc.o
                0x0000000008002474                HAL_RCC_GetSysClockFreq
 .text.HAL_RCC_GetHCLKFreq
                0x0000000008002768       0x60 ./Drivers/STM32H7xx_HAL_Driver/Src/stm32h7xx_hal_rcc.o
                0x0000000008002768                HAL_RCC_GetHCLKFreq
 .text.HAL_RCC_GetPCLK1Freq
                0x00000000080027c8       0x2c ./Drivers/STM32H7xx_HAL_Driver/Src/stm32h7xx_hal_rcc.o
                0x00000000080027c8                HAL_RCC_GetPCLK1Freq
 .text.HAL_RCC_GetPCLK2Freq
                0x00000000080027f4       0x2c ./Drivers/STM32H7xx_HAL_Driver/Src/stm32h7xx_hal_rcc.o
                0x00000000080027f4                HAL_RCC_GetPCLK2Freq
 .text.HAL_RCCEx_PeriphCLKConfig
                0x0000000008002820      0xe18 ./Drivers/STM32H7xx_HAL_Driver/Src/stm32h7xx_hal_rcc_ex.o
                0x0000000008002820                HAL_RCCEx_PeriphCLKConfig
 .text.HAL_RCCEx_GetD3PCLK1Freq
                0x0000000008003638       0x2c ./Drivers/STM32H7xx_HAL_Driver/Src/stm32h7xx_hal_rcc_ex.o
                0x0000000008003638                HAL_RCCEx_GetD3PCLK1Freq
 .text.HAL_RCCEx_GetPLL2ClockFreq
                0x0000000008003664      0x2a8 ./Drivers/STM32H7xx_HAL_Driver/Src/stm32h7xx_hal_rcc_ex.o
                0x0000000008003664                HAL_RCCEx_GetPLL2ClockFreq
 .text.HAL_RCCEx_GetPLL3ClockFreq
                0x000000000800390c      0x2a8 ./Drivers/STM32H7xx_HAL_Driver/Src/stm32h7xx_hal_rcc_ex.o
                0x000000000800390c                HAL_RCCEx_GetPLL3ClockFreq
 .text.RCCEx_PLL2_Config
                0x0000000008003bb4      0x164 ./Drivers/STM32H7xx_HAL_Driver/Src/stm32h7xx_hal_rcc_ex.o
 .text.RCCEx_PLL3_Config
                0x0000000008003d18      0x164 ./Drivers/STM32H7xx_HAL_Driver/Src/stm32h7xx_hal_rcc_ex.o
 .text.HAL_UART_Init
                0x0000000008003e7c       0xa0 ./Drivers/STM32H7xx_HAL_Driver/Src/stm32h7xx_hal_uart.o
                0x0000000008003e7c                HAL_UART_Init
 .text.UART_SetConfig
                0x0000000008003f1c      0xcbc ./Drivers/STM32H7xx_HAL_Driver/Src/stm32h7xx_hal_uart.o
                0x0000000008003f1c                UART_SetConfig
 .text.UART_AdvFeatureConfig
                0x0000000008004bd8      0x144 ./Drivers/STM32H7xx_HAL_Driver/Src/stm32h7xx_hal_uart.o
                0x0000000008004bd8                UART_AdvFeatureConfig
 .text.UART_CheckIdleState
                0x0000000008004d1c       0x96 ./Drivers/STM32H7xx_HAL_Driver/Src/stm32h7xx_hal_uart.o
                0x0000000008004d1c                UART_CheckIdleState
 .text.UART_WaitOnFlagUntilTimeout
                0x0000000008004db2      0x190 ./Drivers/STM32H7xx_HAL_Driver/Src/stm32h7xx_hal_uart.o
                0x0000000008004db2                UART_WaitOnFlagUntilTimeout
 .text.HAL_UARTEx_DisableFifoMode
                0x0000000008004f42       0x72 ./Drivers/STM32H7xx_HAL_Driver/Src/stm32h7xx_hal_uart_ex.o
                0x0000000008004f42                HAL_UARTEx_DisableFifoMode
 .text.HAL_UARTEx_SetTxFifoThreshold
                0x0000000008004fb4       0x7c ./Drivers/STM32H7xx_HAL_Driver/Src/stm32h7xx_hal_uart_ex.o
                0x0000000008004fb4                HAL_UARTEx_SetTxFifoThreshold
 .text.HAL_UARTEx_SetRxFifoThreshold
                0x0000000008005030       0x7c ./Drivers/STM32H7xx_HAL_Driver/Src/stm32h7xx_hal_uart_ex.o
                0x0000000008005030                HAL_UARTEx_SetRxFifoThreshold
 .text.UARTEx_SetNbDataToProcess
                0x00000000080050ac       0x9c ./Drivers/STM32H7xx_HAL_Driver/Src/stm32h7xx_hal_uart_ex.o
 .text.arm_mean_f32
                0x0000000008005148       0x6c C:\Users\chama\STM32CubeIDE\ARM_MATH_CM7_testing\CMSIS_4.5_test_v2\libs\libarm_cortexM7lfdp_math.a(arm_mean_f32.o)
                0x0000000008005148                arm_mean_f32
 .text.arm_mat_trans_f32
                0x00000000080051b4       0xdc C:\Users\chama\STM32CubeIDE\ARM_MATH_CM7_testing\CMSIS_4.5_test_v2\libs\libarm_cortexM7lfdp_math.a(arm_mat_trans_f32.o)
                0x00000000080051b4                arm_mat_trans_f32
 .text.arm_mat_scale_f32
                0x0000000008005290       0x8c C:\Users\chama\STM32CubeIDE\ARM_MATH_CM7_testing\CMSIS_4.5_test_v2\libs\libarm_cortexM7lfdp_math.a(arm_mat_scale_f32.o)
                0x0000000008005290                arm_mat_scale_f32
 .text.arm_mat_mult_f32
                0x000000000800531c      0x154 C:\Users\chama\STM32CubeIDE\ARM_MATH_CM7_testing\CMSIS_4.5_test_v2\libs\libarm_cortexM7lfdp_math.a(arm_mat_mult_f32.o)
                0x000000000800531c                arm_mat_mult_f32
 .text.arm_mat_init_f32
                0x0000000008005470        0x8 C:\Users\chama\STM32CubeIDE\ARM_MATH_CM7_testing\CMSIS_4.5_test_v2\libs\libarm_cortexM7lfdp_math.a(arm_mat_init_f32.o)
                0x0000000008005470                arm_mat_init_f32
 .text.arm_offset_f32
                0x0000000008005478       0x6c C:\Users\chama\STM32CubeIDE\ARM_MATH_CM7_testing\CMSIS_4.5_test_v2\libs\libarm_cortexM7lfdp_math.a(arm_offset_f32.o)
                0x0000000008005478                arm_offset_f32
 .text.__libc_init_array
                0x00000000080054e4       0x48 c:/st/stm32cubeide_1.8.0/stm32cubeide/plugins/com.st.stm32cube.ide.mcu.externaltools.gnu-tools-for-stm32.9-2020-q2-update.win32_2.0.0.202105311346/tools/bin/../lib/gcc/arm-none-eabi/9.3.1/../../../../arm-none-eabi/lib/thumb/v7e-m+dp/hard\libc_nano.a(lib_a-init.o)
                0x00000000080054e4                __libc_init_array
 .text.memcpy   0x000000000800552c       0x1c c:/st/stm32cubeide_1.8.0/stm32cubeide/plugins/com.st.stm32cube.ide.mcu.externaltools.gnu-tools-for-stm32.9-2020-q2-update.win32_2.0.0.202105311346/tools/bin/../lib/gcc/arm-none-eabi/9.3.1/../../../../arm-none-eabi/lib/thumb/v7e-m+dp/hard\libc_nano.a(lib_a-memcpy-stub.o)
                0x000000000800552c                memcpy
 .text.memset   0x0000000008005548       0x10 c:/st/stm32cubeide_1.8.0/stm32cubeide/plugins/com.st.stm32cube.ide.mcu.externaltools.gnu-tools-for-stm32.9-2020-q2-update.win32_2.0.0.202105311346/tools/bin/../lib/gcc/arm-none-eabi/9.3.1/../../../../arm-none-eabi/lib/thumb/v7e-m+dp/hard\libc_nano.a(lib_a-memset.o)
                0x0000000008005548                memset
 *(.glue_7)
 .glue_7        0x0000000008005558        0x0 linker stubs
 *(.glue_7t)
 .glue_7t       0x0000000008005558        0x0 linker stubs
 *(.eh_frame)
 .eh_frame      0x0000000008005558        0x0 c:/st/stm32cubeide_1.8.0/stm32cubeide/plugins/com.st.stm32cube.ide.mcu.externaltools.gnu-tools-for-stm32.9-2020-q2-update.win32_2.0.0.202105311346/tools/bin/../lib/gcc/arm-none-eabi/9.3.1/thumb/v7e-m+dp/hard/crtbegin.o
 *(.init)
 .init          0x0000000008005558        0x4 c:/st/stm32cubeide_1.8.0/stm32cubeide/plugins/com.st.stm32cube.ide.mcu.externaltools.gnu-tools-for-stm32.9-2020-q2-update.win32_2.0.0.202105311346/tools/bin/../lib/gcc/arm-none-eabi/9.3.1/thumb/v7e-m+dp/hard/crti.o
                0x0000000008005558                _init
 .init          0x000000000800555c        0x8 c:/st/stm32cubeide_1.8.0/stm32cubeide/plugins/com.st.stm32cube.ide.mcu.externaltools.gnu-tools-for-stm32.9-2020-q2-update.win32_2.0.0.202105311346/tools/bin/../lib/gcc/arm-none-eabi/9.3.1/thumb/v7e-m+dp/hard/crtn.o
 *(.fini)
 .fini          0x0000000008005564        0x4 c:/st/stm32cubeide_1.8.0/stm32cubeide/plugins/com.st.stm32cube.ide.mcu.externaltools.gnu-tools-for-stm32.9-2020-q2-update.win32_2.0.0.202105311346/tools/bin/../lib/gcc/arm-none-eabi/9.3.1/thumb/v7e-m+dp/hard/crti.o
                0x0000000008005564                _fini
 .fini          0x0000000008005568        0x8 c:/st/stm32cubeide_1.8.0/stm32cubeide/plugins/com.st.stm32cube.ide.mcu.externaltools.gnu-tools-for-stm32.9-2020-q2-update.win32_2.0.0.202105311346/tools/bin/../lib/gcc/arm-none-eabi/9.3.1/thumb/v7e-m+dp/hard/crtn.o
                0x0000000008005570                . = ALIGN (0x4)
                0x0000000008005570                _etext = .

.vfp11_veneer   0x0000000008005570        0x0
 .vfp11_veneer  0x0000000008005570        0x0 linker stubs

.v4_bx          0x0000000008005570        0x0
 .v4_bx         0x0000000008005570        0x0 linker stubs

.iplt           0x0000000008005570        0x0
 .iplt          0x0000000008005570        0x0 c:/st/stm32cubeide_1.8.0/stm32cubeide/plugins/com.st.stm32cube.ide.mcu.externaltools.gnu-tools-for-stm32.9-2020-q2-update.win32_2.0.0.202105311346/tools/bin/../lib/gcc/arm-none-eabi/9.3.1/thumb/v7e-m+dp/hard/crtbegin.o

.rodata         0x0000000008005570      0x1bc
                0x0000000008005570                . = ALIGN (0x4)
 *(.rodata)
 .rodata        0x0000000008005570      0x184 ./Core/Src/main.o
 *(.rodata*)
 .rodata.D1CorePrescTable
                0x00000000080056f4       0x10 ./Core/Src/system_stm32h7xx.o
                0x00000000080056f4                D1CorePrescTable
 .rodata.UARTPrescTable
                0x0000000008005704       0x18 ./Drivers/STM32H7xx_HAL_Driver/Src/stm32h7xx_hal_uart.o
                0x0000000008005704                UARTPrescTable
 .rodata.numerator.10317
                0x000000000800571c        0x8 ./Drivers/STM32H7xx_HAL_Driver/Src/stm32h7xx_hal_uart_ex.o
 .rodata.denominator.10318
                0x0000000008005724        0x8 ./Drivers/STM32H7xx_HAL_Driver/Src/stm32h7xx_hal_uart_ex.o
                0x000000000800572c                . = ALIGN (0x4)

.ARM.extab
 *(.ARM.extab* .gnu.linkonce.armextab.*)

.ARM            0x000000000800572c        0x8
                0x000000000800572c                __exidx_start = .
 *(.ARM.exidx*)
 .ARM.exidx     0x000000000800572c        0x8 c:/st/stm32cubeide_1.8.0/stm32cubeide/plugins/com.st.stm32cube.ide.mcu.externaltools.gnu-tools-for-stm32.9-2020-q2-update.win32_2.0.0.202105311346/tools/bin/../lib/gcc/arm-none-eabi/9.3.1/thumb/v7e-m+dp/hard\libgcc.a(_udivmoddi4.o)
                0x0000000008005734                __exidx_end = .

.rel.dyn        0x0000000008005734        0x0
 .rel.iplt      0x0000000008005734        0x0 c:/st/stm32cubeide_1.8.0/stm32cubeide/plugins/com.st.stm32cube.ide.mcu.externaltools.gnu-tools-for-stm32.9-2020-q2-update.win32_2.0.0.202105311346/tools/bin/../lib/gcc/arm-none-eabi/9.3.1/thumb/v7e-m+dp/hard/crtbegin.o

.preinit_array  0x0000000008005734        0x0
                0x0000000008005734                PROVIDE (__preinit_array_start = .)
 *(.preinit_array*)
                0x0000000008005734                PROVIDE (__preinit_array_end = .)

.init_array     0x0000000008005734        0x4
                0x0000000008005734                PROVIDE (__init_array_start = .)
 *(SORT_BY_NAME(.init_array.*))
 *(.init_array*)
 .init_array    0x0000000008005734        0x4 c:/st/stm32cubeide_1.8.0/stm32cubeide/plugins/com.st.stm32cube.ide.mcu.externaltools.gnu-tools-for-stm32.9-2020-q2-update.win32_2.0.0.202105311346/tools/bin/../lib/gcc/arm-none-eabi/9.3.1/thumb/v7e-m+dp/hard/crtbegin.o
                0x0000000008005738                PROVIDE (__init_array_end = .)

.fini_array     0x0000000008005738        0x4
                [!provide]                        PROVIDE (__fini_array_start = .)
 *(SORT_BY_NAME(.fini_array.*))
 *(.fini_array*)
 .fini_array    0x0000000008005738        0x4 c:/st/stm32cubeide_1.8.0/stm32cubeide/plugins/com.st.stm32cube.ide.mcu.externaltools.gnu-tools-for-stm32.9-2020-q2-update.win32_2.0.0.202105311346/tools/bin/../lib/gcc/arm-none-eabi/9.3.1/thumb/v7e-m+dp/hard/crtbegin.o
                [!provide]                        PROVIDE (__fini_array_end = .)
                0x000000000800573c                _sidata = LOADADDR (.data)

.data           0x0000000024000000       0x10 load address 0x000000000800573c
                0x0000000024000000                . = ALIGN (0x4)
                0x0000000024000000                _sdata = .
 *(.data)
 *(.data*)
 .data.SystemCoreClock
                0x0000000024000000        0x4 ./Core/Src/system_stm32h7xx.o
                0x0000000024000000                SystemCoreClock
 .data.SystemD2Clock
                0x0000000024000004        0x4 ./Core/Src/system_stm32h7xx.o
                0x0000000024000004                SystemD2Clock
 .data.uwTickPrio
                0x0000000024000008        0x4 ./Drivers/STM32H7xx_HAL_Driver/Src/stm32h7xx_hal.o
                0x0000000024000008                uwTickPrio
 .data.uwTickFreq
                0x000000002400000c        0x1 ./Drivers/STM32H7xx_HAL_Driver/Src/stm32h7xx_hal.o
                0x000000002400000c                uwTickFreq
 *(.RamFunc)
 *(.RamFunc*)
                0x0000000024000010                . = ALIGN (0x4)
 *fill*         0x000000002400000d        0x3 
                0x0000000024000010                _edata = .

.igot.plt       0x0000000024000010        0x0 load address 0x000000000800574c
 .igot.plt      0x0000000024000010        0x0 c:/st/stm32cubeide_1.8.0/stm32cubeide/plugins/com.st.stm32cube.ide.mcu.externaltools.gnu-tools-for-stm32.9-2020-q2-update.win32_2.0.0.202105311346/tools/bin/../lib/gcc/arm-none-eabi/9.3.1/thumb/v7e-m+dp/hard/crtbegin.o
                0x0000000024000010                . = ALIGN (0x4)

.bss            0x0000000024000010       0xb0 load address 0x000000000800574c
                0x0000000024000010                _sbss = .
                0x0000000024000010                __bss_start__ = _sbss
 *(.bss)
 .bss           0x0000000024000010       0x1c c:/st/stm32cubeide_1.8.0/stm32cubeide/plugins/com.st.stm32cube.ide.mcu.externaltools.gnu-tools-for-stm32.9-2020-q2-update.win32_2.0.0.202105311346/tools/bin/../lib/gcc/arm-none-eabi/9.3.1/thumb/v7e-m+dp/hard/crtbegin.o
 *(.bss*)
 *(COMMON)
 COMMON         0x000000002400002c       0x90 ./Core/Src/main.o
                0x000000002400002c                huart3
 COMMON         0x00000000240000bc        0x4 ./Drivers/STM32H7xx_HAL_Driver/Src/stm32h7xx_hal.o
                0x00000000240000bc                uwTick
                0x00000000240000c0                . = ALIGN (0x4)
                0x00000000240000c0                _ebss = .
                0x00000000240000c0                __bss_end__ = _ebss

._user_heap_stack
                0x00000000240000c0      0x600 load address 0x000000000800574c
                0x00000000240000c0                . = ALIGN (0x8)
                [!provide]                        PROVIDE (end = .)
                0x00000000240000c0                PROVIDE (_end = .)
                0x00000000240002c0                . = (. + _Min_Heap_Size)
 *fill*         0x00000000240000c0      0x200 
                0x00000000240006c0                . = (. + _Min_Stack_Size)
 *fill*         0x00000000240002c0      0x400 
                0x00000000240006c0                . = ALIGN (0x8)

/DISCARD/
 libc.a(*)
 libm.a(*)
 libgcc.a(*)

.ARM.attributes
                0x0000000000000000       0x2e
 *(.ARM.attributes)
 .ARM.attributes
                0x0000000000000000       0x1e c:/st/stm32cubeide_1.8.0/stm32cubeide/plugins/com.st.stm32cube.ide.mcu.externaltools.gnu-tools-for-stm32.9-2020-q2-update.win32_2.0.0.202105311346/tools/bin/../lib/gcc/arm-none-eabi/9.3.1/thumb/v7e-m+dp/hard/crti.o
 .ARM.attributes
                0x000000000000001e       0x32 c:/st/stm32cubeide_1.8.0/stm32cubeide/plugins/com.st.stm32cube.ide.mcu.externaltools.gnu-tools-for-stm32.9-2020-q2-update.win32_2.0.0.202105311346/tools/bin/../lib/gcc/arm-none-eabi/9.3.1/thumb/v7e-m+dp/hard/crtbegin.o
 .ARM.attributes
                0x0000000000000050       0x32 ./Core/Src/main.o
 .ARM.attributes
                0x0000000000000082       0x32 ./Core/Src/stm32h7xx_hal_msp.o
 .ARM.attributes
                0x00000000000000b4       0x32 ./Core/Src/stm32h7xx_it.o
 .ARM.attributes
                0x00000000000000e6       0x32 ./Core/Src/system_stm32h7xx.o
 .ARM.attributes
                0x0000000000000118       0x21 ./Core/Startup/startup_stm32h7a3zitxq.o
 .ARM.attributes
                0x0000000000000139       0x32 ./Drivers/STM32H7xx_HAL_Driver/Src/stm32h7xx_hal.o
 .ARM.attributes
                0x000000000000016b       0x32 ./Drivers/STM32H7xx_HAL_Driver/Src/stm32h7xx_hal_cortex.o
 .ARM.attributes
                0x000000000000019d       0x32 ./Drivers/STM32H7xx_HAL_Driver/Src/stm32h7xx_hal_gpio.o
 .ARM.attributes
                0x00000000000001cf       0x32 ./Drivers/STM32H7xx_HAL_Driver/Src/stm32h7xx_hal_pwr_ex.o
 .ARM.attributes
                0x0000000000000201       0x32 ./Drivers/STM32H7xx_HAL_Driver/Src/stm32h7xx_hal_rcc.o
 .ARM.attributes
                0x0000000000000233       0x32 ./Drivers/STM32H7xx_HAL_Driver/Src/stm32h7xx_hal_rcc_ex.o
 .ARM.attributes
                0x0000000000000265       0x32 ./Drivers/STM32H7xx_HAL_Driver/Src/stm32h7xx_hal_uart.o
 .ARM.attributes
                0x0000000000000297       0x32 ./Drivers/STM32H7xx_HAL_Driver/Src/stm32h7xx_hal_uart_ex.o
 .ARM.attributes
                0x00000000000002c9       0x37 C:\Users\chama\STM32CubeIDE\ARM_MATH_CM7_testing\CMSIS_4.5_test_v2\libs\libarm_cortexM7lfdp_math.a(arm_mean_f32.o)
 .ARM.attributes
                0x0000000000000300       0x37 C:\Users\chama\STM32CubeIDE\ARM_MATH_CM7_testing\CMSIS_4.5_test_v2\libs\libarm_cortexM7lfdp_math.a(arm_mat_trans_f32.o)
 .ARM.attributes
                0x0000000000000337       0x37 C:\Users\chama\STM32CubeIDE\ARM_MATH_CM7_testing\CMSIS_4.5_test_v2\libs\libarm_cortexM7lfdp_math.a(arm_mat_scale_f32.o)
 .ARM.attributes
                0x000000000000036e       0x37 C:\Users\chama\STM32CubeIDE\ARM_MATH_CM7_testing\CMSIS_4.5_test_v2\libs\libarm_cortexM7lfdp_math.a(arm_mat_mult_f32.o)
 .ARM.attributes
                0x00000000000003a5       0x37 C:\Users\chama\STM32CubeIDE\ARM_MATH_CM7_testing\CMSIS_4.5_test_v2\libs\libarm_cortexM7lfdp_math.a(arm_mat_init_f32.o)
 .ARM.attributes
                0x00000000000003dc       0x37 C:\Users\chama\STM32CubeIDE\ARM_MATH_CM7_testing\CMSIS_4.5_test_v2\libs\libarm_cortexM7lfdp_math.a(arm_offset_f32.o)
 .ARM.attributes
                0x0000000000000413       0x32 c:/st/stm32cubeide_1.8.0/stm32cubeide/plugins/com.st.stm32cube.ide.mcu.externaltools.gnu-tools-for-stm32.9-2020-q2-update.win32_2.0.0.202105311346/tools/bin/../lib/gcc/arm-none-eabi/9.3.1/../../../../arm-none-eabi/lib/thumb/v7e-m+dp/hard\libc_nano.a(lib_a-init.o)
 .ARM.attributes
                0x0000000000000445       0x32 c:/st/stm32cubeide_1.8.0/stm32cubeide/plugins/com.st.stm32cube.ide.mcu.externaltools.gnu-tools-for-stm32.9-2020-q2-update.win32_2.0.0.202105311346/tools/bin/../lib/gcc/arm-none-eabi/9.3.1/../../../../arm-none-eabi/lib/thumb/v7e-m+dp/hard\libc_nano.a(lib_a-memcpy-stub.o)
 .ARM.attributes
                0x0000000000000477       0x32 c:/st/stm32cubeide_1.8.0/stm32cubeide/plugins/com.st.stm32cube.ide.mcu.externaltools.gnu-tools-for-stm32.9-2020-q2-update.win32_2.0.0.202105311346/tools/bin/../lib/gcc/arm-none-eabi/9.3.1/../../../../arm-none-eabi/lib/thumb/v7e-m+dp/hard\libc_nano.a(lib_a-memset.o)
 .ARM.attributes
                0x00000000000004a9       0x1e c:/st/stm32cubeide_1.8.0/stm32cubeide/plugins/com.st.stm32cube.ide.mcu.externaltools.gnu-tools-for-stm32.9-2020-q2-update.win32_2.0.0.202105311346/tools/bin/../lib/gcc/arm-none-eabi/9.3.1/thumb/v7e-m+dp/hard\libgcc.a(_aeabi_uldivmod.o)
 .ARM.attributes
                0x00000000000004c7       0x32 c:/st/stm32cubeide_1.8.0/stm32cubeide/plugins/com.st.stm32cube.ide.mcu.externaltools.gnu-tools-for-stm32.9-2020-q2-update.win32_2.0.0.202105311346/tools/bin/../lib/gcc/arm-none-eabi/9.3.1/thumb/v7e-m+dp/hard\libgcc.a(_udivmoddi4.o)
 .ARM.attributes
                0x00000000000004f9       0x1e c:/st/stm32cubeide_1.8.0/stm32cubeide/plugins/com.st.stm32cube.ide.mcu.externaltools.gnu-tools-for-stm32.9-2020-q2-update.win32_2.0.0.202105311346/tools/bin/../lib/gcc/arm-none-eabi/9.3.1/thumb/v7e-m+dp/hard\libgcc.a(_dvmd_tls.o)
 .ARM.attributes
                0x0000000000000517       0x1e c:/st/stm32cubeide_1.8.0/stm32cubeide/plugins/com.st.stm32cube.ide.mcu.externaltools.gnu-tools-for-stm32.9-2020-q2-update.win32_2.0.0.202105311346/tools/bin/../lib/gcc/arm-none-eabi/9.3.1/thumb/v7e-m+dp/hard/crtn.o
OUTPUT(CMSIS_4.5_test_v2.elf elf32-littlearm)
LOAD linker stubs
LOAD c:/st/stm32cubeide_1.8.0/stm32cubeide/plugins/com.st.stm32cube.ide.mcu.externaltools.gnu-tools-for-stm32.9-2020-q2-update.win32_2.0.0.202105311346/tools/bin/../lib/gcc/arm-none-eabi/9.3.1/../../../../arm-none-eabi/lib/thumb/v7e-m+dp/hard\libc.a
LOAD c:/st/stm32cubeide_1.8.0/stm32cubeide/plugins/com.st.stm32cube.ide.mcu.externaltools.gnu-tools-for-stm32.9-2020-q2-update.win32_2.0.0.202105311346/tools/bin/../lib/gcc/arm-none-eabi/9.3.1/../../../../arm-none-eabi/lib/thumb/v7e-m+dp/hard\libm.a
LOAD c:/st/stm32cubeide_1.8.0/stm32cubeide/plugins/com.st.stm32cube.ide.mcu.externaltools.gnu-tools-for-stm32.9-2020-q2-update.win32_2.0.0.202105311346/tools/bin/../lib/gcc/arm-none-eabi/9.3.1/thumb/v7e-m+dp/hard\libgcc.a

.debug_info     0x0000000000000000    0x17d4b
 .debug_info    0x0000000000000000     0x231c ./Core/Src/main.o
 .debug_info    0x000000000000231c     0x1a91 ./Core/Src/stm32h7xx_hal_msp.o
 .debug_info    0x0000000000003dad      0xc21 ./Core/Src/stm32h7xx_it.o
 .debug_info    0x00000000000049ce     0x170a ./Core/Src/system_stm32h7xx.o
 .debug_info    0x00000000000060d8       0x22 ./Core/Startup/startup_stm32h7a3zitxq.o
 .debug_info    0x00000000000060fa     0x1e3c ./Drivers/STM32H7xx_HAL_Driver/Src/stm32h7xx_hal.o
 .debug_info    0x0000000000007f36     0x1bf5 ./Drivers/STM32H7xx_HAL_Driver/Src/stm32h7xx_hal_cortex.o
 .debug_info    0x0000000000009b2b     0x16a5 ./Drivers/STM32H7xx_HAL_Driver/Src/stm32h7xx_hal_gpio.o
 .debug_info    0x000000000000b1d0     0x1a62 ./Drivers/STM32H7xx_HAL_Driver/Src/stm32h7xx_hal_pwr_ex.o
 .debug_info    0x000000000000cc32     0x19a3 ./Drivers/STM32H7xx_HAL_Driver/Src/stm32h7xx_hal_rcc.o
 .debug_info    0x000000000000e5d5     0x1cf0 ./Drivers/STM32H7xx_HAL_Driver/Src/stm32h7xx_hal_rcc_ex.o
 .debug_info    0x00000000000102c5     0x55b2 ./Drivers/STM32H7xx_HAL_Driver/Src/stm32h7xx_hal_uart.o
 .debug_info    0x0000000000015877     0x19a9 ./Drivers/STM32H7xx_HAL_Driver/Src/stm32h7xx_hal_uart_ex.o
 .debug_info    0x0000000000017220      0x155 C:\Users\chama\STM32CubeIDE\ARM_MATH_CM7_testing\CMSIS_4.5_test_v2\libs\libarm_cortexM7lfdp_math.a(arm_mean_f32.o)
 .debug_info    0x0000000000017375      0x20c C:\Users\chama\STM32CubeIDE\ARM_MATH_CM7_testing\CMSIS_4.5_test_v2\libs\libarm_cortexM7lfdp_math.a(arm_mat_trans_f32.o)
 .debug_info    0x0000000000017581      0x26f C:\Users\chama\STM32CubeIDE\ARM_MATH_CM7_testing\CMSIS_4.5_test_v2\libs\libarm_cortexM7lfdp_math.a(arm_mat_scale_f32.o)
 .debug_info    0x00000000000177f0      0x2b3 C:\Users\chama\STM32CubeIDE\ARM_MATH_CM7_testing\CMSIS_4.5_test_v2\libs\libarm_cortexM7lfdp_math.a(arm_mat_mult_f32.o)
 .debug_info    0x0000000000017aa3      0x150 C:\Users\chama\STM32CubeIDE\ARM_MATH_CM7_testing\CMSIS_4.5_test_v2\libs\libarm_cortexM7lfdp_math.a(arm_mat_init_f32.o)
 .debug_info    0x0000000000017bf3      0x158 C:\Users\chama\STM32CubeIDE\ARM_MATH_CM7_testing\CMSIS_4.5_test_v2\libs\libarm_cortexM7lfdp_math.a(arm_offset_f32.o)

.debug_abbrev   0x0000000000000000     0x295d
 .debug_abbrev  0x0000000000000000      0x3c3 ./Core/Src/main.o
 .debug_abbrev  0x00000000000003c3      0x267 ./Core/Src/stm32h7xx_hal_msp.o
 .debug_abbrev  0x000000000000062a      0x1ef ./Core/Src/stm32h7xx_it.o
 .debug_abbrev  0x0000000000000819      0x262 ./Core/Src/system_stm32h7xx.o
 .debug_abbrev  0x0000000000000a7b       0x12 ./Core/Startup/startup_stm32h7a3zitxq.o
 .debug_abbrev  0x0000000000000a8d      0x31b ./Drivers/STM32H7xx_HAL_Driver/Src/stm32h7xx_hal.o
 .debug_abbrev  0x0000000000000da8      0x409 ./Drivers/STM32H7xx_HAL_Driver/Src/stm32h7xx_hal_cortex.o
 .debug_abbrev  0x00000000000011b1      0x2cb ./Drivers/STM32H7xx_HAL_Driver/Src/stm32h7xx_hal_gpio.o
 .debug_abbrev  0x000000000000147c      0x33f ./Drivers/STM32H7xx_HAL_Driver/Src/stm32h7xx_hal_pwr_ex.o
 .debug_abbrev  0x00000000000017bb      0x322 ./Drivers/STM32H7xx_HAL_Driver/Src/stm32h7xx_hal_rcc.o
 .debug_abbrev  0x0000000000001add      0x32e ./Drivers/STM32H7xx_HAL_Driver/Src/stm32h7xx_hal_rcc_ex.o
 .debug_abbrev  0x0000000000001e0b      0x38e ./Drivers/STM32H7xx_HAL_Driver/Src/stm32h7xx_hal_uart.o
 .debug_abbrev  0x0000000000002199      0x33d ./Drivers/STM32H7xx_HAL_Driver/Src/stm32h7xx_hal_uart_ex.o
 .debug_abbrev  0x00000000000024d6       0xa3 C:\Users\chama\STM32CubeIDE\ARM_MATH_CM7_testing\CMSIS_4.5_test_v2\libs\libarm_cortexM7lfdp_math.a(arm_mean_f32.o)
 .debug_abbrev  0x0000000000002579       0xe0 C:\Users\chama\STM32CubeIDE\ARM_MATH_CM7_testing\CMSIS_4.5_test_v2\libs\libarm_cortexM7lfdp_math.a(arm_mat_trans_f32.o)
 .debug_abbrev  0x0000000000002659       0xed C:\Users\chama\STM32CubeIDE\ARM_MATH_CM7_testing\CMSIS_4.5_test_v2\libs\libarm_cortexM7lfdp_math.a(arm_mat_scale_f32.o)
 .debug_abbrev  0x0000000000002746       0xd1 C:\Users\chama\STM32CubeIDE\ARM_MATH_CM7_testing\CMSIS_4.5_test_v2\libs\libarm_cortexM7lfdp_math.a(arm_mat_mult_f32.o)
 .debug_abbrev  0x0000000000002817       0xa3 C:\Users\chama\STM32CubeIDE\ARM_MATH_CM7_testing\CMSIS_4.5_test_v2\libs\libarm_cortexM7lfdp_math.a(arm_mat_init_f32.o)
 .debug_abbrev  0x00000000000028ba       0xa3 C:\Users\chama\STM32CubeIDE\ARM_MATH_CM7_testing\CMSIS_4.5_test_v2\libs\libarm_cortexM7lfdp_math.a(arm_offset_f32.o)

.debug_aranges  0x0000000000000000      0xb28
 .debug_aranges
                0x0000000000000000       0x88 ./Core/Src/main.o
 .debug_aranges
                0x0000000000000088       0x30 ./Core/Src/stm32h7xx_hal_msp.o
 .debug_aranges
                0x00000000000000b8       0x60 ./Core/Src/stm32h7xx_it.o
 .debug_aranges
                0x0000000000000118       0x28 ./Core/Src/system_stm32h7xx.o
 .debug_aranges
                0x0000000000000140       0x28 ./Core/Startup/startup_stm32h7a3zitxq.o
 .debug_aranges
                0x0000000000000168      0x1a0 ./Drivers/STM32H7xx_HAL_Driver/Src/stm32h7xx_hal.o
 .debug_aranges
                0x0000000000000308      0x120 ./Drivers/STM32H7xx_HAL_Driver/Src/stm32h7xx_hal_cortex.o
 .debug_aranges
                0x0000000000000428       0x58 ./Drivers/STM32H7xx_HAL_Driver/Src/stm32h7xx_hal_gpio.o
 .debug_aranges
                0x0000000000000480      0x188 ./Drivers/STM32H7xx_HAL_Driver/Src/stm32h7xx_hal_pwr_ex.o
 .debug_aranges
                0x0000000000000608       0x88 ./Drivers/STM32H7xx_HAL_Driver/Src/stm32h7xx_hal_rcc.o
 .debug_aranges
                0x0000000000000690       0xf0 ./Drivers/STM32H7xx_HAL_Driver/Src/stm32h7xx_hal_rcc_ex.o
 .debug_aranges
                0x0000000000000780      0x248 ./Drivers/STM32H7xx_HAL_Driver/Src/stm32h7xx_hal_uart.o
 .debug_aranges
                0x00000000000009c8       0xa0 ./Drivers/STM32H7xx_HAL_Driver/Src/stm32h7xx_hal_uart_ex.o
 .debug_aranges
                0x0000000000000a68       0x20 C:\Users\chama\STM32CubeIDE\ARM_MATH_CM7_testing\CMSIS_4.5_test_v2\libs\libarm_cortexM7lfdp_math.a(arm_mean_f32.o)
 .debug_aranges
                0x0000000000000a88       0x20 C:\Users\chama\STM32CubeIDE\ARM_MATH_CM7_testing\CMSIS_4.5_test_v2\libs\libarm_cortexM7lfdp_math.a(arm_mat_trans_f32.o)
 .debug_aranges
                0x0000000000000aa8       0x20 C:\Users\chama\STM32CubeIDE\ARM_MATH_CM7_testing\CMSIS_4.5_test_v2\libs\libarm_cortexM7lfdp_math.a(arm_mat_scale_f32.o)
 .debug_aranges
                0x0000000000000ac8       0x20 C:\Users\chama\STM32CubeIDE\ARM_MATH_CM7_testing\CMSIS_4.5_test_v2\libs\libarm_cortexM7lfdp_math.a(arm_mat_mult_f32.o)
 .debug_aranges
                0x0000000000000ae8       0x20 C:\Users\chama\STM32CubeIDE\ARM_MATH_CM7_testing\CMSIS_4.5_test_v2\libs\libarm_cortexM7lfdp_math.a(arm_mat_init_f32.o)
 .debug_aranges
                0x0000000000000b08       0x20 C:\Users\chama\STM32CubeIDE\ARM_MATH_CM7_testing\CMSIS_4.5_test_v2\libs\libarm_cortexM7lfdp_math.a(arm_offset_f32.o)

.debug_ranges   0x0000000000000000      0xa30
 .debug_ranges  0x0000000000000000       0x78 ./Core/Src/main.o
 .debug_ranges  0x0000000000000078       0x20 ./Core/Src/stm32h7xx_hal_msp.o
 .debug_ranges  0x0000000000000098       0x50 ./Core/Src/stm32h7xx_it.o
 .debug_ranges  0x00000000000000e8       0x18 ./Core/Src/system_stm32h7xx.o
 .debug_ranges  0x0000000000000100       0x20 ./Core/Startup/startup_stm32h7a3zitxq.o
 .debug_ranges  0x0000000000000120      0x190 ./Drivers/STM32H7xx_HAL_Driver/Src/stm32h7xx_hal.o
 .debug_ranges  0x00000000000002b0      0x110 ./Drivers/STM32H7xx_HAL_Driver/Src/stm32h7xx_hal_cortex.o
 .debug_ranges  0x00000000000003c0       0x48 ./Drivers/STM32H7xx_HAL_Driver/Src/stm32h7xx_hal_gpio.o
 .debug_ranges  0x0000000000000408      0x178 ./Drivers/STM32H7xx_HAL_Driver/Src/stm32h7xx_hal_pwr_ex.o
 .debug_ranges  0x0000000000000580       0x78 ./Drivers/STM32H7xx_HAL_Driver/Src/stm32h7xx_hal_rcc.o
 .debug_ranges  0x00000000000005f8       0xe0 ./Drivers/STM32H7xx_HAL_Driver/Src/stm32h7xx_hal_rcc_ex.o
 .debug_ranges  0x00000000000006d8      0x268 ./Drivers/STM32H7xx_HAL_Driver/Src/stm32h7xx_hal_uart.o
 .debug_ranges  0x0000000000000940       0x90 ./Drivers/STM32H7xx_HAL_Driver/Src/stm32h7xx_hal_uart_ex.o
 .debug_ranges  0x00000000000009d0       0x10 C:\Users\chama\STM32CubeIDE\ARM_MATH_CM7_testing\CMSIS_4.5_test_v2\libs\libarm_cortexM7lfdp_math.a(arm_mean_f32.o)
 .debug_ranges  0x00000000000009e0       0x10 C:\Users\chama\STM32CubeIDE\ARM_MATH_CM7_testing\CMSIS_4.5_test_v2\libs\libarm_cortexM7lfdp_math.a(arm_mat_trans_f32.o)
 .debug_ranges  0x00000000000009f0       0x10 C:\Users\chama\STM32CubeIDE\ARM_MATH_CM7_testing\CMSIS_4.5_test_v2\libs\libarm_cortexM7lfdp_math.a(arm_mat_scale_f32.o)
 .debug_ranges  0x0000000000000a00       0x10 C:\Users\chama\STM32CubeIDE\ARM_MATH_CM7_testing\CMSIS_4.5_test_v2\libs\libarm_cortexM7lfdp_math.a(arm_mat_mult_f32.o)
 .debug_ranges  0x0000000000000a10       0x10 C:\Users\chama\STM32CubeIDE\ARM_MATH_CM7_testing\CMSIS_4.5_test_v2\libs\libarm_cortexM7lfdp_math.a(arm_mat_init_f32.o)
 .debug_ranges  0x0000000000000a20       0x10 C:\Users\chama\STM32CubeIDE\ARM_MATH_CM7_testing\CMSIS_4.5_test_v2\libs\libarm_cortexM7lfdp_math.a(arm_offset_f32.o)

.debug_macro    0x0000000000000000    0x2f064
 .debug_macro   0x0000000000000000      0x3fc ./Core/Src/main.o
 .debug_macro   0x00000000000003fc      0xac6 ./Core/Src/main.o
 .debug_macro   0x0000000000000ec2      0x232 ./Core/Src/main.o
 .debug_macro   0x00000000000010f4       0x2e ./Core/Src/main.o
 .debug_macro   0x0000000000001122       0x42 ./Core/Src/main.o
 .debug_macro   0x0000000000001164       0x22 ./Core/Src/main.o
 .debug_macro   0x0000000000001186       0x8e ./Core/Src/main.o
 .debug_macro   0x0000000000001214       0x51 ./Core/Src/main.o
 .debug_macro   0x0000000000001265      0x103 ./Core/Src/main.o
 .debug_macro   0x0000000000001368       0x6a ./Core/Src/main.o
 .debug_macro   0x00000000000013d2      0x1df ./Core/Src/main.o
 .debug_macro   0x00000000000015b1       0x1c ./Core/Src/main.o
 .debug_macro   0x00000000000015cd       0x22 ./Core/Src/main.o
 .debug_macro   0x00000000000015ef      0x101 ./Core/Src/main.o
 .debug_macro   0x00000000000016f0     0x1305 ./Core/Src/main.o
 .debug_macro   0x00000000000029f5      0x11f ./Core/Src/main.o
 .debug_macro   0x0000000000002b14       0x27 ./Core/Src/main.o
 .debug_macro   0x0000000000002b3b    0x1e8b9 ./Core/Src/main.o
 .debug_macro   0x00000000000213f4       0x6d ./Core/Src/main.o
 .debug_macro   0x0000000000021461     0x3d25 ./Core/Src/main.o
 .debug_macro   0x0000000000025186      0x174 ./Core/Src/main.o
 .debug_macro   0x00000000000252fa       0x52 ./Core/Src/main.o
 .debug_macro   0x000000000002534c       0x17 ./Core/Src/main.o
 .debug_macro   0x0000000000025363       0x3c ./Core/Src/main.o
 .debug_macro   0x000000000002539f       0x34 ./Core/Src/main.o
 .debug_macro   0x00000000000253d3       0x16 ./Core/Src/main.o
 .debug_macro   0x00000000000253e9       0x43 ./Core/Src/main.o
 .debug_macro   0x000000000002542c       0x34 ./Core/Src/main.o
 .debug_macro   0x0000000000025460       0x10 ./Core/Src/main.o
 .debug_macro   0x0000000000025470       0x58 ./Core/Src/main.o
 .debug_macro   0x00000000000254c8       0x71 ./Core/Src/main.o
 .debug_macro   0x0000000000025539       0x1c ./Core/Src/main.o
 .debug_macro   0x0000000000025555      0x12a ./Core/Src/main.o
 .debug_macro   0x000000000002567f      0x333 ./Core/Src/main.o
 .debug_macro   0x00000000000259b2      0x1a9 ./Core/Src/main.o
 .debug_macro   0x0000000000025b5b       0x5d ./Core/Src/main.o
 .debug_macro   0x0000000000025bb8     0x24ee ./Core/Src/main.o
 .debug_macro   0x00000000000280a6     0x1010 ./Core/Src/main.o
 .debug_macro   0x00000000000290b6      0x14d ./Core/Src/main.o
 .debug_macro   0x0000000000029203      0x114 ./Core/Src/main.o
 .debug_macro   0x0000000000029317      0x3bf ./Core/Src/main.o
 .debug_macro   0x00000000000296d6       0xac ./Core/Src/main.o
 .debug_macro   0x0000000000029782      0x70a ./Core/Src/main.o
 .debug_macro   0x0000000000029e8c      0x20c ./Core/Src/main.o
 .debug_macro   0x000000000002a098       0x66 ./Core/Src/main.o
 .debug_macro   0x000000000002a0fe      0x3c9 ./Core/Src/main.o
 .debug_macro   0x000000000002a4c7      0x3eb ./Core/Src/main.o
 .debug_macro   0x000000000002a8b2      0x275 ./Core/Src/main.o
 .debug_macro   0x000000000002ab27      0x6c8 ./Core/Src/main.o
 .debug_macro   0x000000000002b1ef      0x520 ./Core/Src/main.o
 .debug_macro   0x000000000002b70f       0x58 ./Core/Src/main.o
 .debug_macro   0x000000000002b767       0x4a ./Core/Src/main.o
 .debug_macro   0x000000000002b7b1      0x22c ./Core/Src/main.o
 .debug_macro   0x000000000002b9dd       0x67 ./Core/Src/main.o
 .debug_macro   0x000000000002ba44       0xa5 ./Core/Src/main.o
 .debug_macro   0x000000000002bae9      0x1bd ./Core/Src/main.o
 .debug_macro   0x000000000002bca6      0x2dc ./Core/Src/main.o
 .debug_macro   0x000000000002bf82       0x35 ./Core/Src/main.o
 .debug_macro   0x000000000002bfb7      0x67e ./Core/Src/main.o
 .debug_macro   0x000000000002c635       0xa6 ./Core/Src/main.o
 .debug_macro   0x000000000002c6db      0x5be ./Core/Src/main.o
 .debug_macro   0x000000000002cc99       0xc4 ./Core/Src/main.o
 .debug_macro   0x000000000002cd5d       0x1c ./Core/Src/main.o
 .debug_macro   0x000000000002cd79       0x35 ./Core/Src/main.o
 .debug_macro   0x000000000002cdae       0x10 ./Core/Src/main.o
 .debug_macro   0x000000000002cdbe       0x10 ./Core/Src/main.o
 .debug_macro   0x000000000002cdce       0x1c ./Core/Src/main.o
 .debug_macro   0x000000000002cdea       0x52 ./Core/Src/main.o
 .debug_macro   0x000000000002ce3c       0x22 ./Core/Src/main.o
 .debug_macro   0x000000000002ce5e       0x10 ./Core/Src/main.o
 .debug_macro   0x000000000002ce6e       0x40 ./Core/Src/main.o
 .debug_macro   0x000000000002ceae       0xd5 ./Core/Src/main.o
 .debug_macro   0x000000000002cf83       0x1c ./Core/Src/main.o
 .debug_macro   0x000000000002cf9f       0x3d ./Core/Src/main.o
 .debug_macro   0x000000000002cfdc       0x16 ./Core/Src/main.o
 .debug_macro   0x000000000002cff2      0x145 ./Core/Src/main.o
 .debug_macro   0x000000000002d137       0x16 ./Core/Src/main.o
 .debug_macro   0x000000000002d14d       0x16 ./Core/Src/main.o
 .debug_macro   0x000000000002d163       0x29 ./Core/Src/main.o
 .debug_macro   0x000000000002d18c       0x4c ./Core/Src/main.o
 .debug_macro   0x000000000002d1d8       0x16 ./Core/Src/main.o
 .debug_macro   0x000000000002d1ee       0x20 ./Core/Src/main.o
 .debug_macro   0x000000000002d20e       0x12 ./Core/Src/main.o
 .debug_macro   0x000000000002d220       0xdd ./Core/Src/main.o
 .debug_macro   0x000000000002d2fd      0x2a3 ./Core/Src/stm32h7xx_hal_msp.o
 .debug_macro   0x000000000002d5a0      0x2ad ./Core/Src/stm32h7xx_it.o
 .debug_macro   0x000000000002d84d      0x294 ./Core/Src/system_stm32h7xx.o
 .debug_macro   0x000000000002dae1      0x2be ./Drivers/STM32H7xx_HAL_Driver/Src/stm32h7xx_hal.o
 .debug_macro   0x000000000002dd9f      0x294 ./Drivers/STM32H7xx_HAL_Driver/Src/stm32h7xx_hal_cortex.o
 .debug_macro   0x000000000002e033      0x29b ./Drivers/STM32H7xx_HAL_Driver/Src/stm32h7xx_hal_gpio.o
 .debug_macro   0x000000000002e2ce      0x2cd ./Drivers/STM32H7xx_HAL_Driver/Src/stm32h7xx_hal_pwr_ex.o
 .debug_macro   0x000000000002e59b      0x2b8 ./Drivers/STM32H7xx_HAL_Driver/Src/stm32h7xx_hal_rcc.o
 .debug_macro   0x000000000002e853      0x2b2 ./Drivers/STM32H7xx_HAL_Driver/Src/stm32h7xx_hal_rcc_ex.o
 .debug_macro   0x000000000002eb05      0x2bf ./Drivers/STM32H7xx_HAL_Driver/Src/stm32h7xx_hal_uart.o
 .debug_macro   0x000000000002edc4      0x2a0 ./Drivers/STM32H7xx_HAL_Driver/Src/stm32h7xx_hal_uart_ex.o

.debug_line     0x0000000000000000     0xe403
 .debug_line    0x0000000000000000      0xd60 ./Core/Src/main.o
 .debug_line    0x0000000000000d60      0x889 ./Core/Src/stm32h7xx_hal_msp.o
 .debug_line    0x00000000000015e9      0x8ec ./Core/Src/stm32h7xx_it.o
 .debug_line    0x0000000000001ed5      0x9d1 ./Core/Src/system_stm32h7xx.o
 .debug_line    0x00000000000028a6       0x89 ./Core/Startup/startup_stm32h7a3zitxq.o
 .debug_line    0x000000000000292f      0xde4 ./Drivers/STM32H7xx_HAL_Driver/Src/stm32h7xx_hal.o
 .debug_line    0x0000000000003713      0xddd ./Drivers/STM32H7xx_HAL_Driver/Src/stm32h7xx_hal_cortex.o
 .debug_line    0x00000000000044f0      0xc9a ./Drivers/STM32H7xx_HAL_Driver/Src/stm32h7xx_hal_gpio.o
 .debug_line    0x000000000000518a      0xf65 ./Drivers/STM32H7xx_HAL_Driver/Src/stm32h7xx_hal_pwr_ex.o
 .debug_line    0x00000000000060ef     0x12e1 ./Drivers/STM32H7xx_HAL_Driver/Src/stm32h7xx_hal_rcc.o
 .debug_line    0x00000000000073d0     0x1a0f ./Drivers/STM32H7xx_HAL_Driver/Src/stm32h7xx_hal_rcc_ex.o
 .debug_line    0x0000000000008ddf     0x3ea1 ./Drivers/STM32H7xx_HAL_Driver/Src/stm32h7xx_hal_uart.o
 .debug_line    0x000000000000cc80      0xeb5 ./Drivers/STM32H7xx_HAL_Driver/Src/stm32h7xx_hal_uart_ex.o
 .debug_line    0x000000000000db35      0x163 C:\Users\chama\STM32CubeIDE\ARM_MATH_CM7_testing\CMSIS_4.5_test_v2\libs\libarm_cortexM7lfdp_math.a(arm_mean_f32.o)
 .debug_line    0x000000000000dc98      0x193 C:\Users\chama\STM32CubeIDE\ARM_MATH_CM7_testing\CMSIS_4.5_test_v2\libs\libarm_cortexM7lfdp_math.a(arm_mat_trans_f32.o)
 .debug_line    0x000000000000de2b      0x176 C:\Users\chama\STM32CubeIDE\ARM_MATH_CM7_testing\CMSIS_4.5_test_v2\libs\libarm_cortexM7lfdp_math.a(arm_mat_scale_f32.o)
 .debug_line    0x000000000000dfa1      0x1bf C:\Users\chama\STM32CubeIDE\ARM_MATH_CM7_testing\CMSIS_4.5_test_v2\libs\libarm_cortexM7lfdp_math.a(arm_mat_mult_f32.o)
 .debug_line    0x000000000000e160      0x143 C:\Users\chama\STM32CubeIDE\ARM_MATH_CM7_testing\CMSIS_4.5_test_v2\libs\libarm_cortexM7lfdp_math.a(arm_mat_init_f32.o)
 .debug_line    0x000000000000e2a3      0x160 C:\Users\chama\STM32CubeIDE\ARM_MATH_CM7_testing\CMSIS_4.5_test_v2\libs\libarm_cortexM7lfdp_math.a(arm_offset_f32.o)

.debug_str      0x0000000000000000   0x13447a
 .debug_str     0x0000000000000000   0x130aaa ./Core/Src/main.o
                                     0x13111c (size before relaxing)
 .debug_str     0x0000000000130aaa      0x33d ./Core/Src/stm32h7xx_hal_msp.o
                                     0x12f5a5 (size before relaxing)
 .debug_str     0x0000000000130de7       0xbd ./Core/Src/stm32h7xx_it.o
                                     0x12eae7 (size before relaxing)
 .debug_str     0x0000000000130ea4      0x2df ./Core/Src/system_stm32h7xx.o
                                     0x12ec3c (size before relaxing)
 .debug_str     0x0000000000131183       0x37 ./Core/Startup/startup_stm32h7a3zitxq.o
                                         0x80 (size before relaxing)
 .debug_str     0x00000000001311ba      0xe17 ./Drivers/STM32H7xx_HAL_Driver/Src/stm32h7xx_hal.o
                                     0x12fa28 (size before relaxing)
 .debug_str     0x0000000000131fd1      0x39f ./Drivers/STM32H7xx_HAL_Driver/Src/stm32h7xx_hal_cortex.o
                                     0x12f53d (size before relaxing)
 .debug_str     0x0000000000132370      0x12a ./Drivers/STM32H7xx_HAL_Driver/Src/stm32h7xx_hal_gpio.o
                                     0x12ec1a (size before relaxing)
 .debug_str     0x000000000013249a      0x752 ./Drivers/STM32H7xx_HAL_Driver/Src/stm32h7xx_hal_pwr_ex.o
                                     0x12f181 (size before relaxing)
 .debug_str     0x0000000000132bec      0x26c ./Drivers/STM32H7xx_HAL_Driver/Src/stm32h7xx_hal_rcc.o
                                     0x12efcf (size before relaxing)
 .debug_str     0x0000000000132e58      0x63d ./Drivers/STM32H7xx_HAL_Driver/Src/stm32h7xx_hal_rcc_ex.o
                                     0x12f43c (size before relaxing)
 .debug_str     0x0000000000133495      0xa0b ./Drivers/STM32H7xx_HAL_Driver/Src/stm32h7xx_hal_uart.o
                                     0x12f9cd (size before relaxing)
 .debug_str     0x0000000000133ea0      0x2e7 ./Drivers/STM32H7xx_HAL_Driver/Src/stm32h7xx_hal_uart_ex.o
                                     0x12efd4 (size before relaxing)
 .debug_str     0x0000000000134187      0x168 C:\Users\chama\STM32CubeIDE\ARM_MATH_CM7_testing\CMSIS_4.5_test_v2\libs\libarm_cortexM7lfdp_math.a(arm_mean_f32.o)
                                        0x228 (size before relaxing)
 .debug_str     0x00000000001342ef       0x4c C:\Users\chama\STM32CubeIDE\ARM_MATH_CM7_testing\CMSIS_4.5_test_v2\libs\libarm_cortexM7lfdp_math.a(arm_mat_trans_f32.o)
                                        0x303 (size before relaxing)
 .debug_str     0x000000000013433b       0x5e C:\Users\chama\STM32CubeIDE\ARM_MATH_CM7_testing\CMSIS_4.5_test_v2\libs\libarm_cortexM7lfdp_math.a(arm_mat_scale_f32.o)
                                        0x32d (size before relaxing)
 .debug_str     0x0000000000134399       0x74 C:\Users\chama\STM32CubeIDE\ARM_MATH_CM7_testing\CMSIS_4.5_test_v2\libs\libarm_cortexM7lfdp_math.a(arm_mat_mult_f32.o)
                                        0x323 (size before relaxing)
 .debug_str     0x000000000013440d       0x37 C:\Users\chama\STM32CubeIDE\ARM_MATH_CM7_testing\CMSIS_4.5_test_v2\libs\libarm_cortexM7lfdp_math.a(arm_mat_init_f32.o)
                                        0x24b (size before relaxing)
 .debug_str     0x0000000000134444       0x36 C:\Users\chama\STM32CubeIDE\ARM_MATH_CM7_testing\CMSIS_4.5_test_v2\libs\libarm_cortexM7lfdp_math.a(arm_offset_f32.o)
                                        0x22f (size before relaxing)

.comment        0x0000000000000000       0xc3
 .comment       0x0000000000000000       0x53 ./Core/Src/main.o
                                         0x54 (size before relaxing)
 .comment       0x0000000000000053       0x54 ./Core/Src/stm32h7xx_hal_msp.o
 .comment       0x0000000000000053       0x54 ./Core/Src/stm32h7xx_it.o
 .comment       0x0000000000000053       0x54 ./Core/Src/system_stm32h7xx.o
 .comment       0x0000000000000053       0x54 ./Drivers/STM32H7xx_HAL_Driver/Src/stm32h7xx_hal.o
 .comment       0x0000000000000053       0x54 ./Drivers/STM32H7xx_HAL_Driver/Src/stm32h7xx_hal_cortex.o
 .comment       0x0000000000000053       0x54 ./Drivers/STM32H7xx_HAL_Driver/Src/stm32h7xx_hal_gpio.o
 .comment       0x0000000000000053       0x54 ./Drivers/STM32H7xx_HAL_Driver/Src/stm32h7xx_hal_pwr_ex.o
 .comment       0x0000000000000053       0x54 ./Drivers/STM32H7xx_HAL_Driver/Src/stm32h7xx_hal_rcc.o
 .comment       0x0000000000000053       0x54 ./Drivers/STM32H7xx_HAL_Driver/Src/stm32h7xx_hal_rcc_ex.o
 .comment       0x0000000000000053       0x54 ./Drivers/STM32H7xx_HAL_Driver/Src/stm32h7xx_hal_uart.o
 .comment       0x0000000000000053       0x54 ./Drivers/STM32H7xx_HAL_Driver/Src/stm32h7xx_hal_uart_ex.o
 .comment       0x0000000000000053       0x70 C:\Users\chama\STM32CubeIDE\ARM_MATH_CM7_testing\CMSIS_4.5_test_v2\libs\libarm_cortexM7lfdp_math.a(arm_mean_f32.o)
                                         0x71 (size before relaxing)
 .comment       0x00000000000000c3       0x71 C:\Users\chama\STM32CubeIDE\ARM_MATH_CM7_testing\CMSIS_4.5_test_v2\libs\libarm_cortexM7lfdp_math.a(arm_mat_trans_f32.o)
 .comment       0x00000000000000c3       0x71 C:\Users\chama\STM32CubeIDE\ARM_MATH_CM7_testing\CMSIS_4.5_test_v2\libs\libarm_cortexM7lfdp_math.a(arm_mat_scale_f32.o)
 .comment       0x00000000000000c3       0x71 C:\Users\chama\STM32CubeIDE\ARM_MATH_CM7_testing\CMSIS_4.5_test_v2\libs\libarm_cortexM7lfdp_math.a(arm_mat_mult_f32.o)
 .comment       0x00000000000000c3       0x71 C:\Users\chama\STM32CubeIDE\ARM_MATH_CM7_testing\CMSIS_4.5_test_v2\libs\libarm_cortexM7lfdp_math.a(arm_mat_init_f32.o)
 .comment       0x00000000000000c3       0x71 C:\Users\chama\STM32CubeIDE\ARM_MATH_CM7_testing\CMSIS_4.5_test_v2\libs\libarm_cortexM7lfdp_math.a(arm_offset_f32.o)

.debug_frame    0x0000000000000000     0x2c10
 .debug_frame   0x0000000000000000      0x224 ./Core/Src/main.o
 .debug_frame   0x0000000000000224       0x84 ./Core/Src/stm32h7xx_hal_msp.o
 .debug_frame   0x00000000000002a8      0x104 ./Core/Src/stm32h7xx_it.o
 .debug_frame   0x00000000000003ac       0x58 ./Core/Src/system_stm32h7xx.o
 .debug_frame   0x0000000000000404      0x6a8 ./Drivers/STM32H7xx_HAL_Driver/Src/stm32h7xx_hal.o
 .debug_frame   0x0000000000000aac      0x4b8 ./Drivers/STM32H7xx_HAL_Driver/Src/stm32h7xx_hal_cortex.o
 .debug_frame   0x0000000000000f64      0x14c ./Drivers/STM32H7xx_HAL_Driver/Src/stm32h7xx_hal_gpio.o
 .debug_frame   0x00000000000010b0      0x660 ./Drivers/STM32H7xx_HAL_Driver/Src/stm32h7xx_hal_pwr_ex.o
 .debug_frame   0x0000000000001710      0x1fc ./Drivers/STM32H7xx_HAL_Driver/Src/stm32h7xx_hal_rcc.o
 .debug_frame   0x000000000000190c      0x3cc ./Drivers/STM32H7xx_HAL_Driver/Src/stm32h7xx_hal_rcc_ex.o
 .debug_frame   0x0000000000001cd8      0xa8c ./Drivers/STM32H7xx_HAL_Driver/Src/stm32h7xx_hal_uart.o
 .debug_frame   0x0000000000002764      0x29c ./Drivers/STM32H7xx_HAL_Driver/Src/stm32h7xx_hal_uart_ex.o
 .debug_frame   0x0000000000002a00       0x30 C:\Users\chama\STM32CubeIDE\ARM_MATH_CM7_testing\CMSIS_4.5_test_v2\libs\libarm_cortexM7lfdp_math.a(arm_mean_f32.o)
 .debug_frame   0x0000000000002a30       0x44 C:\Users\chama\STM32CubeIDE\ARM_MATH_CM7_testing\CMSIS_4.5_test_v2\libs\libarm_cortexM7lfdp_math.a(arm_mat_trans_f32.o)
 .debug_frame   0x0000000000002a74       0x34 C:\Users\chama\STM32CubeIDE\ARM_MATH_CM7_testing\CMSIS_4.5_test_v2\libs\libarm_cortexM7lfdp_math.a(arm_mat_scale_f32.o)
 .debug_frame   0x0000000000002aa8       0x44 C:\Users\chama\STM32CubeIDE\ARM_MATH_CM7_testing\CMSIS_4.5_test_v2\libs\libarm_cortexM7lfdp_math.a(arm_mat_mult_f32.o)
 .debug_frame   0x0000000000002aec       0x20 C:\Users\chama\STM32CubeIDE\ARM_MATH_CM7_testing\CMSIS_4.5_test_v2\libs\libarm_cortexM7lfdp_math.a(arm_mat_init_f32.o)
 .debug_frame   0x0000000000002b0c       0x30 C:\Users\chama\STM32CubeIDE\ARM_MATH_CM7_testing\CMSIS_4.5_test_v2\libs\libarm_cortexM7lfdp_math.a(arm_offset_f32.o)
 .debug_frame   0x0000000000002b3c       0x2c c:/st/stm32cubeide_1.8.0/stm32cubeide/plugins/com.st.stm32cube.ide.mcu.externaltools.gnu-tools-for-stm32.9-2020-q2-update.win32_2.0.0.202105311346/tools/bin/../lib/gcc/arm-none-eabi/9.3.1/../../../../arm-none-eabi/lib/thumb/v7e-m+dp/hard\libc_nano.a(lib_a-init.o)
 .debug_frame   0x0000000000002b68       0x28 c:/st/stm32cubeide_1.8.0/stm32cubeide/plugins/com.st.stm32cube.ide.mcu.externaltools.gnu-tools-for-stm32.9-2020-q2-update.win32_2.0.0.202105311346/tools/bin/../lib/gcc/arm-none-eabi/9.3.1/../../../../arm-none-eabi/lib/thumb/v7e-m+dp/hard\libc_nano.a(lib_a-memcpy-stub.o)
 .debug_frame   0x0000000000002b90       0x20 c:/st/stm32cubeide_1.8.0/stm32cubeide/plugins/com.st.stm32cube.ide.mcu.externaltools.gnu-tools-for-stm32.9-2020-q2-update.win32_2.0.0.202105311346/tools/bin/../lib/gcc/arm-none-eabi/9.3.1/../../../../arm-none-eabi/lib/thumb/v7e-m+dp/hard\libc_nano.a(lib_a-memset.o)
 .debug_frame   0x0000000000002bb0       0x2c c:/st/stm32cubeide_1.8.0/stm32cubeide/plugins/com.st.stm32cube.ide.mcu.externaltools.gnu-tools-for-stm32.9-2020-q2-update.win32_2.0.0.202105311346/tools/bin/../lib/gcc/arm-none-eabi/9.3.1/thumb/v7e-m+dp/hard\libgcc.a(_aeabi_uldivmod.o)
 .debug_frame   0x0000000000002bdc       0x34 c:/st/stm32cubeide_1.8.0/stm32cubeide/plugins/com.st.stm32cube.ide.mcu.externaltools.gnu-tools-for-stm32.9-2020-q2-update.win32_2.0.0.202105311346/tools/bin/../lib/gcc/arm-none-eabi/9.3.1/thumb/v7e-m+dp/hard\libgcc.a(_udivmoddi4.o)

.debug_loc      0x0000000000000000      0xd31
 .debug_loc     0x0000000000000000      0x1ca C:\Users\chama\STM32CubeIDE\ARM_MATH_CM7_testing\CMSIS_4.5_test_v2\libs\libarm_cortexM7lfdp_math.a(arm_mean_f32.o)
 .debug_loc     0x00000000000001ca      0x27f C:\Users\chama\STM32CubeIDE\ARM_MATH_CM7_testing\CMSIS_4.5_test_v2\libs\libarm_cortexM7lfdp_math.a(arm_mat_trans_f32.o)
 .debug_loc     0x0000000000000449      0x275 C:\Users\chama\STM32CubeIDE\ARM_MATH_CM7_testing\CMSIS_4.5_test_v2\libs\libarm_cortexM7lfdp_math.a(arm_mat_scale_f32.o)
 .debug_loc     0x00000000000006be      0x4ae C:\Users\chama\STM32CubeIDE\ARM_MATH_CM7_testing\CMSIS_4.5_test_v2\libs\libarm_cortexM7lfdp_math.a(arm_mat_mult_f32.o)
 .debug_loc     0x0000000000000b6c      0x1c5 C:\Users\chama\STM32CubeIDE\ARM_MATH_CM7_testing\CMSIS_4.5_test_v2\libs\libarm_cortexM7lfdp_math.a(arm_offset_f32.o)
