main.c:81:12:mat_f32_check_equal	40	static
main.c:109:12:mat_mult_f32_test	56	dynamic
main.c:137:12:mat_trans_f32_test	56	dynamic
main.c:157:6:vec_f32_demean	24	static
main.c:172:12:create_data_matrix_f32	84	static
main.c:233:12:create_covariance_matrix_f32	56	static
main.c:299:12:create_data_matrix_f32_test_3_arrays	64	static
main.c:324:12:create_covariance_matrix_f32_test_3_arrays	72	static
main.c:402:5:main	456	static
main.c:504:6:SystemClock_Config	120	static
main.c:561:13:MX_USART3_UART_Init	8	static
main.c:609:13:MX_USB_OTG_HS_USB_Init	4	static
main.c:630:13:MX_GPIO_Init	64	static
main.c:717:6:Error_Handler	8	static,ignoring_inline_asm
