main.c:79:12:mat_f32_check_equal	40	static
main.c:107:12:mat_mult_f32_test	56	dynamic
main.c:135:12:mat_trans_f32_test	56	dynamic
main.c:155:6:vec_f32_demean	24	static
main.c:170:12:create_data_matrix_f32	60	dynamic
main.c:230:12:create_data_matrix_f32_test_3_arrays	64	static
main.c:261:5:main	344	static
main.c:354:6:SystemClock_Config	120	static
main.c:411:13:MX_USART3_UART_Init	8	static
main.c:459:13:MX_USB_OTG_HS_USB_Init	4	static
main.c:480:13:MX_GPIO_Init	64	static
main.c:567:6:Error_Handler	8	static,ignoring_inline_asm
