Archive member included to satisfy reference by file (symbol)

c:/st/stm32cubeide_1.8.0/stm32cubeide/plugins/com.st.stm32cube.ide.mcu.externaltools.gnu-tools-for-stm32.9-2020-q2-update.win32_2.0.0.202105311346/tools/bin/../lib/gcc/arm-none-eabi/9.3.1/../../../../arm-none-eabi/lib/thumb/v7e-m+dp/hard\libc_nano.a(lib_a-errno.o)
                              ./Core/Src/syscalls.o (__errno)
c:/st/stm32cubeide_1.8.0/stm32cubeide/plugins/com.st.stm32cube.ide.mcu.externaltools.gnu-tools-for-stm32.9-2020-q2-update.win32_2.0.0.202105311346/tools/bin/../lib/gcc/arm-none-eabi/9.3.1/../../../../arm-none-eabi/lib/thumb/v7e-m+dp/hard\libc_nano.a(lib_a-exit.o)
                              c:/st/stm32cubeide_1.8.0/stm32cubeide/plugins/com.st.stm32cube.ide.mcu.externaltools.gnu-tools-for-stm32.9-2020-q2-update.win32_2.0.0.202105311346/tools/bin/../lib/gcc/arm-none-eabi/9.3.1/../../../../arm-none-eabi/lib/thumb/v7e-m+dp/hard/crt0.o (exit)
c:/st/stm32cubeide_1.8.0/stm32cubeide/plugins/com.st.stm32cube.ide.mcu.externaltools.gnu-tools-for-stm32.9-2020-q2-update.win32_2.0.0.202105311346/tools/bin/../lib/gcc/arm-none-eabi/9.3.1/../../../../arm-none-eabi/lib/thumb/v7e-m+dp/hard\libc_nano.a(lib_a-impure.o)
                              c:/st/stm32cubeide_1.8.0/stm32cubeide/plugins/com.st.stm32cube.ide.mcu.externaltools.gnu-tools-for-stm32.9-2020-q2-update.win32_2.0.0.202105311346/tools/bin/../lib/gcc/arm-none-eabi/9.3.1/../../../../arm-none-eabi/lib/thumb/v7e-m+dp/hard\libc_nano.a(lib_a-exit.o) (_global_impure_ptr)
c:/st/stm32cubeide_1.8.0/stm32cubeide/plugins/com.st.stm32cube.ide.mcu.externaltools.gnu-tools-for-stm32.9-2020-q2-update.win32_2.0.0.202105311346/tools/bin/../lib/gcc/arm-none-eabi/9.3.1/../../../../arm-none-eabi/lib/thumb/v7e-m+dp/hard\libc_nano.a(lib_a-init.o)
                              c:/st/stm32cubeide_1.8.0/stm32cubeide/plugins/com.st.stm32cube.ide.mcu.externaltools.gnu-tools-for-stm32.9-2020-q2-update.win32_2.0.0.202105311346/tools/bin/../lib/gcc/arm-none-eabi/9.3.1/../../../../arm-none-eabi/lib/thumb/v7e-m+dp/hard/crt0.o (__libc_init_array)
c:/st/stm32cubeide_1.8.0/stm32cubeide/plugins/com.st.stm32cube.ide.mcu.externaltools.gnu-tools-for-stm32.9-2020-q2-update.win32_2.0.0.202105311346/tools/bin/../lib/gcc/arm-none-eabi/9.3.1/../../../../arm-none-eabi/lib/thumb/v7e-m+dp/hard\libc_nano.a(lib_a-memset.o)
                              c:/st/stm32cubeide_1.8.0/stm32cubeide/plugins/com.st.stm32cube.ide.mcu.externaltools.gnu-tools-for-stm32.9-2020-q2-update.win32_2.0.0.202105311346/tools/bin/../lib/gcc/arm-none-eabi/9.3.1/../../../../arm-none-eabi/lib/thumb/v7e-m+dp/hard/crt0.o (memset)
c:/st/stm32cubeide_1.8.0/stm32cubeide/plugins/com.st.stm32cube.ide.mcu.externaltools.gnu-tools-for-stm32.9-2020-q2-update.win32_2.0.0.202105311346/tools/bin/../lib/gcc/arm-none-eabi/9.3.1/thumb/v7e-m+dp/hard\libgcc.a(_aeabi_uldivmod.o)
                              ./Drivers/STM32H7xx_HAL_Driver/Src/stm32h7xx_hal_uart.o (__aeabi_uldivmod)
c:/st/stm32cubeide_1.8.0/stm32cubeide/plugins/com.st.stm32cube.ide.mcu.externaltools.gnu-tools-for-stm32.9-2020-q2-update.win32_2.0.0.202105311346/tools/bin/../lib/gcc/arm-none-eabi/9.3.1/thumb/v7e-m+dp/hard\libgcc.a(_udivmoddi4.o)
                              c:/st/stm32cubeide_1.8.0/stm32cubeide/plugins/com.st.stm32cube.ide.mcu.externaltools.gnu-tools-for-stm32.9-2020-q2-update.win32_2.0.0.202105311346/tools/bin/../lib/gcc/arm-none-eabi/9.3.1/thumb/v7e-m+dp/hard\libgcc.a(_aeabi_uldivmod.o) (__udivmoddi4)
c:/st/stm32cubeide_1.8.0/stm32cubeide/plugins/com.st.stm32cube.ide.mcu.externaltools.gnu-tools-for-stm32.9-2020-q2-update.win32_2.0.0.202105311346/tools/bin/../lib/gcc/arm-none-eabi/9.3.1/thumb/v7e-m+dp/hard\libgcc.a(_dvmd_tls.o)
                              c:/st/stm32cubeide_1.8.0/stm32cubeide/plugins/com.st.stm32cube.ide.mcu.externaltools.gnu-tools-for-stm32.9-2020-q2-update.win32_2.0.0.202105311346/tools/bin/../lib/gcc/arm-none-eabi/9.3.1/thumb/v7e-m+dp/hard\libgcc.a(_aeabi_uldivmod.o) (__aeabi_ldiv0)

Allocating common symbols
Common symbol       size              file

huart3              0x90              ./Core/Src/main.o
uwTick              0x4               ./Drivers/STM32H7xx_HAL_Driver/Src/stm32h7xx_hal.o
pFlash              0x1c              ./Drivers/STM32H7xx_HAL_Driver/Src/stm32h7xx_hal_flash.o

Discarded input sections

 .text          0x0000000000000000        0x0 c:/st/stm32cubeide_1.8.0/stm32cubeide/plugins/com.st.stm32cube.ide.mcu.externaltools.gnu-tools-for-stm32.9-2020-q2-update.win32_2.0.0.202105311346/tools/bin/../lib/gcc/arm-none-eabi/9.3.1/thumb/v7e-m+dp/hard/crti.o
 .data          0x0000000000000000        0x0 c:/st/stm32cubeide_1.8.0/stm32cubeide/plugins/com.st.stm32cube.ide.mcu.externaltools.gnu-tools-for-stm32.9-2020-q2-update.win32_2.0.0.202105311346/tools/bin/../lib/gcc/arm-none-eabi/9.3.1/thumb/v7e-m+dp/hard/crti.o
[...]
Memory Configuration

Name             Origin             Length             Attributes
ITCMRAM          0x0000000000000000 0x0000000000010000 xrw
FLASH            0x0000000008000000 0x0000000000200000 xr
DTCMRAM1         0x0000000020000000 0x0000000000010000 xrw
DTCMRAM2         0x0000000020010000 0x0000000000010000 xrw
RAM              0x0000000024000000 0x0000000000100000 xrw
RAM_CD           0x0000000030000000 0x0000000000020000 xrw
RAM_SRD          0x0000000038000000 0x0000000000008000 xrw
*default*        0x0000000000000000 0xffffffffffffffff

Linker script and memory map

LOAD c:/st/stm32cubeide_1.8.0/stm32cubeide/plugins/com.st.stm32cube.ide.mcu.externaltools.gnu-tools-for-stm32.9-2020-q2-update.win32_2.0.0.202105311346/tools/bin/../lib/gcc/arm-none-eabi/9.3.1/thumb/v7e-m+dp/hard/crti.o
LOAD c:/st/stm32cubeide_1.8.0/stm32cubeide/plugins/com.st.stm32cube.ide.mcu.externaltools.gnu-tools-for-stm32.9-2020-q2-update.win32_2.0.0.202105311346/tools/bin/../lib/gcc/arm-none-eabi/9.3.1/thumb/v7e-m+dp/hard/crtbegin.o
LOAD c:/st/stm32cubeide_1.8.0/stm32cubeide/plugins/com.st.stm32cube.ide.mcu.externaltools.gnu-tools-for-stm32.9-2020-q2-update.win32_2.0.0.202105311346/tools/bin/../lib/gcc/arm-none-eabi/9.3.1/../../../../arm-none-eabi/lib/thumb/v7e-m+dp/hard/crt0.o
LOAD ./Core/Src/main.o
LOAD ./Core/Src/stm32h7xx_hal_msp.o
LOAD ./Core/Src/stm32h7xx_it.o
LOAD ./Core/Src/syscalls.o
LOAD ./Core/Src/sysmem.o
LOAD ./Core/Src/system_stm32h7xx.o
LOAD ./Core/Startup/startup_stm32h7a3zitxq.o
LOAD ./Drivers/STM32H7xx_HAL_Driver/Src/stm32h7xx_hal.o
LOAD ./Drivers/STM32H7xx_HAL_Driver/Src/stm32h7xx_hal_cortex.o
LOAD ./Drivers/STM32H7xx_HAL_Driver/Src/stm32h7xx_hal_dma.o
LOAD ./Drivers/STM32H7xx_HAL_Driver/Src/stm32h7xx_hal_dma_ex.o
LOAD ./Drivers/STM32H7xx_HAL_Driver/Src/stm32h7xx_hal_exti.o
LOAD ./Drivers/STM32H7xx_HAL_Driver/Src/stm32h7xx_hal_flash.o
LOAD ./Drivers/STM32H7xx_HAL_Driver/Src/stm32h7xx_hal_flash_ex.o
LOAD ./Drivers/STM32H7xx_HAL_Driver/Src/stm32h7xx_hal_gpio.o
LOAD ./Drivers/STM32H7xx_HAL_Driver/Src/stm32h7xx_hal_hsem.o
LOAD ./Drivers/STM32H7xx_HAL_Driver/Src/stm32h7xx_hal_i2c.o
LOAD ./Drivers/STM32H7xx_HAL_Driver/Src/stm32h7xx_hal_i2c_ex.o
LOAD ./Drivers/STM32H7xx_HAL_Driver/Src/stm32h7xx_hal_mdma.o
LOAD ./Drivers/STM32H7xx_HAL_Driver/Src/stm32h7xx_hal_pwr.o
LOAD ./Drivers/STM32H7xx_HAL_Driver/Src/stm32h7xx_hal_pwr_ex.o
LOAD ./Drivers/STM32H7xx_HAL_Driver/Src/stm32h7xx_hal_rcc.o
LOAD ./Drivers/STM32H7xx_HAL_Driver/Src/stm32h7xx_hal_rcc_ex.o
LOAD ./Drivers/STM32H7xx_HAL_Driver/Src/stm32h7xx_hal_tim.o
LOAD ./Drivers/STM32H7xx_HAL_Driver/Src/stm32h7xx_hal_tim_ex.o
LOAD ./Drivers/STM32H7xx_HAL_Driver/Src/stm32h7xx_hal_uart.o
LOAD ./Drivers/STM32H7xx_HAL_Driver/Src/stm32h7xx_hal_uart_ex.o
LOAD C:\Users\chama\STM32CubeIDE\ARM_MATH_CM7_testing\HPR_Nuclino_Using_CMSIS_MATH_LIBRARY\libs\libarm_cortexM7lfdp_math.a
START GROUP
LOAD c:/st/stm32cubeide_1.8.0/stm32cubeide/plugins/com.st.stm32cube.ide.mcu.externaltools.gnu-tools-for-stm32.9-2020-q2-update.win32_2.0.0.202105311346/tools/bin/../lib/gcc/arm-none-eabi/9.3.1/../../../../arm-none-eabi/lib/thumb/v7e-m+dp/hard\libc_nano.a
LOAD c:/st/stm32cubeide_1.8.0/stm32cubeide/plugins/com.st.stm32cube.ide.mcu.externaltools.gnu-tools-for-stm32.9-2020-q2-update.win32_2.0.0.202105311346/tools/bin/../lib/gcc/arm-none-eabi/9.3.1/../../../../arm-none-eabi/lib/thumb/v7e-m+dp/hard\libm.a
END GROUP
START GROUP
LOAD c:/st/stm32cubeide_1.8.0/stm32cubeide/plugins/com.st.stm32cube.ide.mcu.externaltools.gnu-tools-for-stm32.9-2020-q2-update.win32_2.0.0.202105311346/tools/bin/../lib/gcc/arm-none-eabi/9.3.1/thumb/v7e-m+dp/hard\libgcc.a
LOAD c:/st/stm32cubeide_1.8.0/stm32cubeide/plugins/com.st.stm32cube.ide.mcu.externaltools.gnu-tools-for-stm32.9-2020-q2-update.win32_2.0.0.202105311346/tools/bin/../lib/gcc/arm-none-eabi/9.3.1/../../../../arm-none-eabi/lib/thumb/v7e-m+dp/hard\libc_nano.a
END GROUP
START GROUP
LOAD c:/st/stm32cubeide_1.8.0/stm32cubeide/plugins/com.st.stm32cube.ide.mcu.externaltools.gnu-tools-for-stm32.9-2020-q2-update.win32_2.0.0.202105311346/tools/bin/../lib/gcc/arm-none-eabi/9.3.1/thumb/v7e-m+dp/hard\libgcc.a
LOAD c:/st/stm32cubeide_1.8.0/stm32cubeide/plugins/com.st.stm32cube.ide.mcu.externaltools.gnu-tools-for-stm32.9-2020-q2-update.win32_2.0.0.202105311346/tools/bin/../lib/gcc/arm-none-eabi/9.3.1/../../../../arm-none-eabi/lib/thumb/v7e-m+dp/hard\libc_nano.a
LOAD c:/st/stm32cubeide_1.8.0/stm32cubeide/plugins/com.st.stm32cube.ide.mcu.externaltools.gnu-tools-for-stm32.9-2020-q2-update.win32_2.0.0.202105311346/tools/bin/../lib/gcc/arm-none-eabi/9.3.1/../../../../arm-none-eabi/lib/thumb/v7e-m+dp/hard\libnosys.a
END GROUP
START GROUP
LOAD c:/st/stm32cubeide_1.8.0/stm32cubeide/plugins/com.st.stm32cube.ide.mcu.externaltools.gnu-tools-for-stm32.9-2020-q2-update.win32_2.0.0.202105311346/tools/bin/../lib/gcc/arm-none-eabi/9.3.1/thumb/v7e-m+dp/hard\libgcc.a
LOAD c:/st/stm32cubeide_1.8.0/stm32cubeide/plugins/com.st.stm32cube.ide.mcu.externaltools.gnu-tools-for-stm32.9-2020-q2-update.win32_2.0.0.202105311346/tools/bin/../lib/gcc/arm-none-eabi/9.3.1/../../../../arm-none-eabi/lib/thumb/v7e-m+dp/hard\libc_nano.a
LOAD c:/st/stm32cubeide_1.8.0/stm32cubeide/plugins/com.st.stm32cube.ide.mcu.externaltools.gnu-tools-for-stm32.9-2020-q2-update.win32_2.0.0.202105311346/tools/bin/../lib/gcc/arm-none-eabi/9.3.1/../../../../arm-none-eabi/lib/thumb/v7e-m+dp/hard\libnosys.a
END GROUP
LOAD c:/st/stm32cubeide_1.8.0/stm32cubeide/plugins/com.st.stm32cube.ide.mcu.externaltools.gnu-tools-for-stm32.9-2020-q2-update.win32_2.0.0.202105311346/tools/bin/../lib/gcc/arm-none-eabi/9.3.1/thumb/v7e-m+dp/hard/crtend.o
LOAD c:/st/stm32cubeide_1.8.0/stm32cubeide/plugins/com.st.stm32cube.ide.mcu.externaltools.gnu-tools-for-stm32.9-2020-q2-update.win32_2.0.0.202105311346/tools/bin/../lib/gcc/arm-none-eabi/9.3.1/thumb/v7e-m+dp/hard/crtn.o
                0x0000000024100000                _estack = (ORIGIN (RAM) + LENGTH (RAM))
                0x0000000000000200                _Min_Heap_Size = 0x200
                0x0000000000000400                _Min_Stack_Size = 0x400

.isr_vector     0x0000000008000000      0x2ac
                0x0000000008000000                . = ALIGN (0x4)
 *(.isr_vector)
 .isr_vector    0x0000000008000000      0x2ac ./Core/Startup/startup_stm32h7a3zitxq.o
                0x0000000008000000                g_pfnVectors
                0x00000000080002ac                . = ALIGN (0x4)

.text           0x00000000080002ac     0x499c
                0x00000000080002ac                . = ALIGN (0x4)
 *(.text)
 .text          0x00000000080002ac       0x40 c:/st/stm32cubeide_1.8.0/stm32cubeide/plugins/com.st.stm32cube.ide.mcu.externaltools.gnu-tools-for-stm32.9-2020-q2-update.win32_2.0.0.202105311346/tools/bin/../lib/gcc/arm-none-eabi/9.3.1/thumb/v7e-m+dp/hard/crtbegin.o
 .text          0x00000000080002ec       0x30 c:/st/stm32cubeide_1.8.0/stm32cubeide/plugins/com.st.stm32cube.ide.mcu.externaltools.gnu-tools-for-stm32.9-2020-q2-update.win32_2.0.0.202105311346/tools/bin/../lib/gcc/arm-none-eabi/9.3.1/thumb/v7e-m+dp/hard\libgcc.a(_aeabi_uldivmod.o)
                0x00000000080002ec                __aeabi_uldivmod
 .text          0x000000000800031c      0x2c4 c:/st/stm32cubeide_1.8.0/stm32cubeide/plugins/com.st.stm32cube.ide.mcu.externaltools.gnu-tools-for-stm32.9-2020-q2-update.win32_2.0.0.202105311346/tools/bin/../lib/gcc/arm-none-eabi/9.3.1/thumb/v7e-m+dp/hard\libgcc.a(_udivmoddi4.o)
                0x000000000800031c                __udivmoddi4
 .text          0x00000000080005e0        0x4 c:/st/stm32cubeide_1.8.0/stm32cubeide/plugins/com.st.stm32cube.ide.mcu.externaltools.gnu-tools-for-stm32.9-2020-q2-update.win32_2.0.0.202105311346/tools/bin/../lib/gcc/arm-none-eabi/9.3.1/thumb/v7e-m+dp/hard\libgcc.a(_dvmd_tls.o)
                0x00000000080005e0                __aeabi_idiv0
                0x00000000080005e0                __aeabi_ldiv0
 *(.text*)
 .text.main     0x00000000080005e4       0x1a ./Core/Src/main.o
                0x00000000080005e4                main
 *fill*         0x00000000080005fe        0x2 
 .text.SystemClock_Config
                0x0000000008000600       0xdc ./Core/Src/main.o
                0x0000000008000600                SystemClock_Config
 .text.MX_USART3_UART_Init
                0x00000000080006dc       0x98 ./Core/Src/main.o
 .text.MX_USB_OTG_HS_USB_Init
                0x0000000008000774        0xe ./Core/Src/main.o
 *fill*         0x0000000008000782        0x2 
 .text.MX_GPIO_Init
                0x0000000008000784      0x234 ./Core/Src/main.o
 .text.Error_Handler
                0x00000000080009b8        0xa ./Core/Src/main.o
                0x00000000080009b8                Error_Handler
 *fill*         0x00000000080009c2        0x2 
 .text.HAL_MspInit
                0x00000000080009c4       0x34 ./Core/Src/stm32h7xx_hal_msp.o
                0x00000000080009c4                HAL_MspInit
 .text.HAL_UART_MspInit
                0x00000000080009f8       0xcc ./Core/Src/stm32h7xx_hal_msp.o
                0x00000000080009f8                HAL_UART_MspInit
 .text.NMI_Handler
                0x0000000008000ac4        0x6 ./Core/Src/stm32h7xx_it.o
                0x0000000008000ac4                NMI_Handler
 .text.HardFault_Handler
                0x0000000008000aca        0x6 ./Core/Src/stm32h7xx_it.o
                0x0000000008000aca                HardFault_Handler
 .text.MemManage_Handler
                0x0000000008000ad0        0x6 ./Core/Src/stm32h7xx_it.o
                0x0000000008000ad0                MemManage_Handler
 .text.BusFault_Handler
                0x0000000008000ad6        0x6 ./Core/Src/stm32h7xx_it.o
                0x0000000008000ad6                BusFault_Handler
 .text.UsageFault_Handler
                0x0000000008000adc        0x6 ./Core/Src/stm32h7xx_it.o
                0x0000000008000adc                UsageFault_Handler
 .text.SVC_Handler
                0x0000000008000ae2        0xe ./Core/Src/stm32h7xx_it.o
                0x0000000008000ae2                SVC_Handler
 .text.DebugMon_Handler
                0x0000000008000af0        0xe ./Core/Src/stm32h7xx_it.o
                0x0000000008000af0                DebugMon_Handler
 .text.PendSV_Handler
                0x0000000008000afe        0xe ./Core/Src/stm32h7xx_it.o
                0x0000000008000afe                PendSV_Handler
 .text.SysTick_Handler
                0x0000000008000b0c        0xc ./Core/Src/stm32h7xx_it.o
                0x0000000008000b0c                SysTick_Handler
 .text.SystemInit
                0x0000000008000b18       0xf0 ./Core/Src/system_stm32h7xx.o
                0x0000000008000b18                SystemInit
 .text.Reset_Handler
                0x0000000008000c08       0x50 ./Core/Startup/startup_stm32h7a3zitxq.o
                0x0000000008000c08                Reset_Handler
 .text.Default_Handler
                0x0000000008000c58        0x2 ./Core/Startup/startup_stm32h7a3zitxq.o
                0x0000000008000c58                RTC_Alarm_IRQHandler
                0x0000000008000c58                EXTI2_IRQHandler
                0x0000000008000c58                TIM8_CC_IRQHandler
                0x0000000008000c58                UART8_IRQHandler
                0x0000000008000c58                BDMA2_Channel1_IRQHandler
                0x0000000008000c58                SPI4_IRQHandler
                0x0000000008000c58                BDMA2_Channel0_IRQHandler
                0x0000000008000c58                TIM1_CC_IRQHandler
                0x0000000008000c58                DMA2_Stream5_IRQHandler
                0x0000000008000c58                JPEG_IRQHandler
                0x0000000008000c58                DMA1_Stream5_IRQHandler
                0x0000000008000c58                EXTI3_IRQHandler
                0x0000000008000c58                LPTIM4_IRQHandler
                0x0000000008000c58                TIM8_TRG_COM_TIM14_IRQHandler
                0x0000000008000c58                LPTIM2_IRQHandler
                0x0000000008000c58                DFSDM1_FLT1_IRQHandler
                0x0000000008000c58                DMAMUX2_OVR_IRQHandler
                0x0000000008000c58                GFXMMU_IRQHandler
                0x0000000008000c58                TIM8_UP_TIM13_IRQHandler
                0x0000000008000c58                I2C3_ER_IRQHandler
                0x0000000008000c58                DFSDM1_FLT2_IRQHandler
                0x0000000008000c58                USART10_IRQHandler
                0x0000000008000c58                MDMA_IRQHandler
                0x0000000008000c58                LPTIM3_IRQHandler
                0x0000000008000c58                BDMA2_Channel3_IRQHandler
                0x0000000008000c58                HSEM1_IRQHandler
                0x0000000008000c58                EXTI0_IRQHandler
                0x0000000008000c58                I2C2_EV_IRQHandler
                0x0000000008000c58                DAC2_IRQHandler
                0x0000000008000c58                DMA1_Stream2_IRQHandler
                0x0000000008000c58                FPU_IRQHandler
                0x0000000008000c58                OTG_HS_WKUP_IRQHandler
                0x0000000008000c58                FDCAN1_IT1_IRQHandler
                0x0000000008000c58                LTDC_ER_IRQHandler
                0x0000000008000c58                DMA2_Stream2_IRQHandler
                0x0000000008000c58                SPI1_IRQHandler
                0x0000000008000c58                OCTOSPI1_IRQHandler
                0x0000000008000c58                TIM6_DAC_IRQHandler
                0x0000000008000c58                BDMA2_Channel6_IRQHandler
                0x0000000008000c58                DMA2_Stream3_IRQHandler
                0x0000000008000c58                OCTOSPI2_IRQHandler
                0x0000000008000c58                SAI2_IRQHandler
                0x0000000008000c58                BDMA1_IRQHandler
                0x0000000008000c58                DFSDM1_FLT3_IRQHandler
                0x0000000008000c58                USART6_IRQHandler
                0x0000000008000c58                TIM17_IRQHandler
                0x0000000008000c58                USART3_IRQHandler
                0x0000000008000c58                LPTIM5_IRQHandler
                0x0000000008000c58                UART5_IRQHandler
                0x0000000008000c58                DMA2_Stream0_IRQHandler
                0x0000000008000c58                TIM4_IRQHandler
                0x0000000008000c58                I2C1_EV_IRQHandler
                0x0000000008000c58                DMA1_Stream6_IRQHandler
                0x0000000008000c58                DMAMUX1_OVR_IRQHandler
                0x0000000008000c58                DMA1_Stream1_IRQHandler
                0x0000000008000c58                TIM16_IRQHandler
                0x0000000008000c58                UART4_IRQHandler
                0x0000000008000c58                TIM3_IRQHandler
                0x0000000008000c58                RCC_IRQHandler
                0x0000000008000c58                UART9_IRQHandler
                0x0000000008000c58                TIM8_BRK_TIM12_IRQHandler
                0x0000000008000c58                TIM1_TRG_COM_IRQHandler
                0x0000000008000c58                Default_Handler
                0x0000000008000c58                ECC_IRQHandler
                0x0000000008000c58                BDMA2_Channel2_IRQHandler
                0x0000000008000c58                CEC_IRQHandler
                0x0000000008000c58                EXTI15_10_IRQHandler
                0x0000000008000c58                DFSDM1_FLT4_IRQHandler
                0x0000000008000c58                ADC_IRQHandler
                0x0000000008000c58                DMA1_Stream7_IRQHandler
                0x0000000008000c58                SPI5_IRQHandler
                0x0000000008000c58                TIM7_IRQHandler
                0x0000000008000c58                SDMMC1_IRQHandler
                0x0000000008000c58                TIM5_IRQHandler
                0x0000000008000c58                DMA2_Stream7_IRQHandler
                0x0000000008000c58                TIM15_IRQHandler
                0x0000000008000c58                I2C3_EV_IRQHandler
                0x0000000008000c58                DFSDM2_IRQHandler
                0x0000000008000c58                EXTI9_5_IRQHandler
                0x0000000008000c58                RTC_WKUP_IRQHandler
                0x0000000008000c58                LTDC_IRQHandler
                0x0000000008000c58                SPDIF_RX_IRQHandler
                0x0000000008000c58                PVD_PVM_IRQHandler
                0x0000000008000c58                SPI2_IRQHandler
                0x0000000008000c58                OTG_HS_EP1_IN_IRQHandler
                0x0000000008000c58                DFSDM1_FLT5_IRQHandler
                0x0000000008000c58                DMA1_Stream0_IRQHandler
                0x0000000008000c58                CRS_IRQHandler
                0x0000000008000c58                EXTI4_IRQHandler
                0x0000000008000c58                DFSDM1_FLT6_IRQHandler
                0x0000000008000c58                RNG_IRQHandler
                0x0000000008000c58                FDCAN2_IT1_IRQHandler
                0x0000000008000c58                COMP_IRQHandler
                0x0000000008000c58                TIM1_UP_IRQHandler
                0x0000000008000c58                OTG_HS_EP1_OUT_IRQHandler
                0x0000000008000c58                WWDG_IRQHandler
                0x0000000008000c58                SPI6_IRQHandler
                0x0000000008000c58                MDIOS_IRQHandler
                0x0000000008000c58                I2C4_EV_IRQHandler
                0x0000000008000c58                FDCAN2_IT0_IRQHandler
                0x0000000008000c58                LPUART1_IRQHandler
                0x0000000008000c58                FDCAN1_IT0_IRQHandler
                0x0000000008000c58                TIM2_IRQHandler
                0x0000000008000c58                BDMA2_Channel5_IRQHandler
                0x0000000008000c58                OTG_HS_IRQHandler
                0x0000000008000c58                DMA2D_IRQHandler
                0x0000000008000c58                TIM1_BRK_IRQHandler
                0x0000000008000c58                EXTI1_IRQHandler
                0x0000000008000c58                SDMMC2_IRQHandler
                0x0000000008000c58                DTS_IRQHandler
                0x0000000008000c58                UART7_IRQHandler
                0x0000000008000c58                MDIOS_WKUP_IRQHandler
                0x0000000008000c58                USART2_IRQHandler
                0x0000000008000c58                DFSDM1_FLT0_IRQHandler
                0x0000000008000c58                I2C2_ER_IRQHandler
                0x0000000008000c58                DMA2_Stream1_IRQHandler
                0x0000000008000c58                DFSDM1_FLT7_IRQHandler
                0x0000000008000c58                FLASH_IRQHandler
                0x0000000008000c58                DMA2_Stream4_IRQHandler
                0x0000000008000c58                USART1_IRQHandler
                0x0000000008000c58                SPI3_IRQHandler
                0x0000000008000c58                WAKEUP_PIN_IRQHandler
                0x0000000008000c58                DMA1_Stream4_IRQHandler
                0x0000000008000c58                I2C1_ER_IRQHandler
                0x0000000008000c58                FMC_IRQHandler
                0x0000000008000c58                BDMA2_Channel7_IRQHandler
                0x0000000008000c58                FDCAN_CAL_IRQHandler
                0x0000000008000c58                SWPMI1_IRQHandler
                0x0000000008000c58                LPTIM1_IRQHandler
                0x0000000008000c58                DCMI_PSSI_IRQHandler
                0x0000000008000c58                I2C4_ER_IRQHandler
                0x0000000008000c58                DMA2_Stream6_IRQHandler
                0x0000000008000c58                SAI1_IRQHandler
                0x0000000008000c58                DMA1_Stream3_IRQHandler
                0x0000000008000c58                RTC_TAMP_STAMP_CSS_LSE_IRQHandler
                0x0000000008000c58                BDMA2_Channel4_IRQHandler
 *fill*         0x0000000008000c5a        0x2 
 .text.HAL_Init
                0x0000000008000c5c       0x78 ./Drivers/STM32H7xx_HAL_Driver/Src/stm32h7xx_hal.o
                0x0000000008000c5c                HAL_Init
 .text.HAL_InitTick
                0x0000000008000cd4       0x6c ./Drivers/STM32H7xx_HAL_Driver/Src/stm32h7xx_hal.o
                0x0000000008000cd4                HAL_InitTick
 .text.HAL_IncTick
                0x0000000008000d40       0x28 ./Drivers/STM32H7xx_HAL_Driver/Src/stm32h7xx_hal.o
                0x0000000008000d40                HAL_IncTick
 .text.HAL_GetTick
                0x0000000008000d68       0x18 ./Drivers/STM32H7xx_HAL_Driver/Src/stm32h7xx_hal.o
                0x0000000008000d68                HAL_GetTick
 .text.__NVIC_SetPriorityGrouping
                0x0000000008000d80       0x48 ./Drivers/STM32H7xx_HAL_Driver/Src/stm32h7xx_hal_cortex.o
 .text.__NVIC_GetPriorityGrouping
                0x0000000008000dc8       0x1c ./Drivers/STM32H7xx_HAL_Driver/Src/stm32h7xx_hal_cortex.o
 .text.__NVIC_SetPriority
                0x0000000008000de4       0x54 ./Drivers/STM32H7xx_HAL_Driver/Src/stm32h7xx_hal_cortex.o
 .text.NVIC_EncodePriority
                0x0000000008000e38       0x66 ./Drivers/STM32H7xx_HAL_Driver/Src/stm32h7xx_hal_cortex.o
 *fill*         0x0000000008000e9e        0x2 
 .text.SysTick_Config
                0x0000000008000ea0       0x44 ./Drivers/STM32H7xx_HAL_Driver/Src/stm32h7xx_hal_cortex.o
 .text.HAL_NVIC_SetPriorityGrouping
                0x0000000008000ee4       0x16 ./Drivers/STM32H7xx_HAL_Driver/Src/stm32h7xx_hal_cortex.o
                0x0000000008000ee4                HAL_NVIC_SetPriorityGrouping
 .text.HAL_NVIC_SetPriority
                0x0000000008000efa       0x34 ./Drivers/STM32H7xx_HAL_Driver/Src/stm32h7xx_hal_cortex.o
                0x0000000008000efa                HAL_NVIC_SetPriority
 .text.HAL_SYSTICK_Config
                0x0000000008000f2e       0x18 ./Drivers/STM32H7xx_HAL_Driver/Src/stm32h7xx_hal_cortex.o
                0x0000000008000f2e                HAL_SYSTICK_Config
 *fill*         0x0000000008000f46        0x2 
 .text.HAL_GPIO_Init
                0x0000000008000f48      0x360 ./Drivers/STM32H7xx_HAL_Driver/Src/stm32h7xx_hal_gpio.o
                0x0000000008000f48                HAL_GPIO_Init
 .text.HAL_GPIO_WritePin
                0x00000000080012a8       0x32 ./Drivers/STM32H7xx_HAL_Driver/Src/stm32h7xx_hal_gpio.o
                0x00000000080012a8                HAL_GPIO_WritePin
 *fill*         0x00000000080012da        0x2 
 .text.HAL_PWREx_ConfigSupply
                0x00000000080012dc       0xb4 ./Drivers/STM32H7xx_HAL_Driver/Src/stm32h7xx_hal_pwr_ex.o
                0x00000000080012dc                HAL_PWREx_ConfigSupply
 .text.HAL_RCC_OscConfig
                0x0000000008001390      0x808 ./Drivers/STM32H7xx_HAL_Driver/Src/stm32h7xx_hal_rcc.o
                0x0000000008001390                HAL_RCC_OscConfig
 .text.HAL_RCC_ClockConfig
                0x0000000008001b98      0x36c ./Drivers/STM32H7xx_HAL_Driver/Src/stm32h7xx_hal_rcc.o
                0x0000000008001b98                HAL_RCC_ClockConfig
 .text.HAL_RCC_GetSysClockFreq
                0x0000000008001f04      0x2f4 ./Drivers/STM32H7xx_HAL_Driver/Src/stm32h7xx_hal_rcc.o
                0x0000000008001f04                HAL_RCC_GetSysClockFreq
 .text.HAL_RCC_GetHCLKFreq
                0x00000000080021f8       0x60 ./Drivers/STM32H7xx_HAL_Driver/Src/stm32h7xx_hal_rcc.o
                0x00000000080021f8                HAL_RCC_GetHCLKFreq
 .text.HAL_RCC_GetPCLK1Freq
                0x0000000008002258       0x2c ./Drivers/STM32H7xx_HAL_Driver/Src/stm32h7xx_hal_rcc.o
                0x0000000008002258                HAL_RCC_GetPCLK1Freq
 .text.HAL_RCC_GetPCLK2Freq
                0x0000000008002284       0x2c ./Drivers/STM32H7xx_HAL_Driver/Src/stm32h7xx_hal_rcc.o
                0x0000000008002284                HAL_RCC_GetPCLK2Freq
 .text.HAL_RCCEx_PeriphCLKConfig
                0x00000000080022b0      0xe18 ./Drivers/STM32H7xx_HAL_Driver/Src/stm32h7xx_hal_rcc_ex.o
                0x00000000080022b0                HAL_RCCEx_PeriphCLKConfig
 .text.HAL_RCCEx_GetD3PCLK1Freq
                0x00000000080030c8       0x2c ./Drivers/STM32H7xx_HAL_Driver/Src/stm32h7xx_hal_rcc_ex.o
                0x00000000080030c8                HAL_RCCEx_GetD3PCLK1Freq
 .text.HAL_RCCEx_GetPLL2ClockFreq
                0x00000000080030f4      0x2a8 ./Drivers/STM32H7xx_HAL_Driver/Src/stm32h7xx_hal_rcc_ex.o
                0x00000000080030f4                HAL_RCCEx_GetPLL2ClockFreq
 .text.HAL_RCCEx_GetPLL3ClockFreq
                0x000000000800339c      0x2a8 ./Drivers/STM32H7xx_HAL_Driver/Src/stm32h7xx_hal_rcc_ex.o
                0x000000000800339c                HAL_RCCEx_GetPLL3ClockFreq
 .text.RCCEx_PLL2_Config
                0x0000000008003644      0x164 ./Drivers/STM32H7xx_HAL_Driver/Src/stm32h7xx_hal_rcc_ex.o
 .text.RCCEx_PLL3_Config
                0x00000000080037a8      0x164 ./Drivers/STM32H7xx_HAL_Driver/Src/stm32h7xx_hal_rcc_ex.o
 .text.HAL_UART_Init
                0x000000000800390c       0xa0 ./Drivers/STM32H7xx_HAL_Driver/Src/stm32h7xx_hal_uart.o
                0x000000000800390c                HAL_UART_Init
 .text.UART_SetConfig
                0x00000000080039ac      0xcbc ./Drivers/STM32H7xx_HAL_Driver/Src/stm32h7xx_hal_uart.o
                0x00000000080039ac                UART_SetConfig
 .text.UART_AdvFeatureConfig
                0x0000000008004668      0x144 ./Drivers/STM32H7xx_HAL_Driver/Src/stm32h7xx_hal_uart.o
                0x0000000008004668                UART_AdvFeatureConfig
 .text.UART_CheckIdleState
                0x00000000080047ac       0x96 ./Drivers/STM32H7xx_HAL_Driver/Src/stm32h7xx_hal_uart.o
                0x00000000080047ac                UART_CheckIdleState
 .text.UART_WaitOnFlagUntilTimeout
                0x0000000008004842      0x190 ./Drivers/STM32H7xx_HAL_Driver/Src/stm32h7xx_hal_uart.o
                0x0000000008004842                UART_WaitOnFlagUntilTimeout
 .text.HAL_UARTEx_DisableFifoMode
                0x00000000080049d2       0x72 ./Drivers/STM32H7xx_HAL_Driver/Src/stm32h7xx_hal_uart_ex.o
                0x00000000080049d2                HAL_UARTEx_DisableFifoMode
 .text.HAL_UARTEx_SetTxFifoThreshold
                0x0000000008004a44       0x7c ./Drivers/STM32H7xx_HAL_Driver/Src/stm32h7xx_hal_uart_ex.o
                0x0000000008004a44                HAL_UARTEx_SetTxFifoThreshold
 .text.HAL_UARTEx_SetRxFifoThreshold
                0x0000000008004ac0       0x7c ./Drivers/STM32H7xx_HAL_Driver/Src/stm32h7xx_hal_uart_ex.o
                0x0000000008004ac0                HAL_UARTEx_SetRxFifoThreshold
 .text.UARTEx_SetNbDataToProcess
                0x0000000008004b3c       0x9c ./Drivers/STM32H7xx_HAL_Driver/Src/stm32h7xx_hal_uart_ex.o
 .text.__libc_init_array
                0x0000000008004bd8       0x48 c:/st/stm32cubeide_1.8.0/stm32cubeide/plugins/com.st.stm32cube.ide.mcu.externaltools.gnu-tools-for-stm32.9-2020-q2-update.win32_2.0.0.202105311346/tools/bin/../lib/gcc/arm-none-eabi/9.3.1/../../../../arm-none-eabi/lib/thumb/v7e-m+dp/hard\libc_nano.a(lib_a-init.o)
                0x0000000008004bd8                __libc_init_array
 .text.memset   0x0000000008004c20       0x10 c:/st/stm32cubeide_1.8.0/stm32cubeide/plugins/com.st.stm32cube.ide.mcu.externaltools.gnu-tools-for-stm32.9-2020-q2-update.win32_2.0.0.202105311346/tools/bin/../lib/gcc/arm-none-eabi/9.3.1/../../../../arm-none-eabi/lib/thumb/v7e-m+dp/hard\libc_nano.a(lib_a-memset.o)
                0x0000000008004c20                memset
 *(.glue_7)
 .glue_7        0x0000000008004c30        0x0 linker stubs
 *(.glue_7t)
 .glue_7t       0x0000000008004c30        0x0 linker stubs
 *(.eh_frame)
 .eh_frame      0x0000000008004c30        0x0 c:/st/stm32cubeide_1.8.0/stm32cubeide/plugins/com.st.stm32cube.ide.mcu.externaltools.gnu-tools-for-stm32.9-2020-q2-update.win32_2.0.0.202105311346/tools/bin/../lib/gcc/arm-none-eabi/9.3.1/thumb/v7e-m+dp/hard/crtbegin.o
 *(.init)
 .init          0x0000000008004c30        0x4 c:/st/stm32cubeide_1.8.0/stm32cubeide/plugins/com.st.stm32cube.ide.mcu.externaltools.gnu-tools-for-stm32.9-2020-q2-update.win32_2.0.0.202105311346/tools/bin/../lib/gcc/arm-none-eabi/9.3.1/thumb/v7e-m+dp/hard/crti.o
                0x0000000008004c30                _init
 .init          0x0000000008004c34        0x8 c:/st/stm32cubeide_1.8.0/stm32cubeide/plugins/com.st.stm32cube.ide.mcu.externaltools.gnu-tools-for-stm32.9-2020-q2-update.win32_2.0.0.202105311346/tools/bin/../lib/gcc/arm-none-eabi/9.3.1/thumb/v7e-m+dp/hard/crtn.o
 *(.fini)
 .fini          0x0000000008004c3c        0x4 c:/st/stm32cubeide_1.8.0/stm32cubeide/plugins/com.st.stm32cube.ide.mcu.externaltools.gnu-tools-for-stm32.9-2020-q2-update.win32_2.0.0.202105311346/tools/bin/../lib/gcc/arm-none-eabi/9.3.1/thumb/v7e-m+dp/hard/crti.o
                0x0000000008004c3c                _fini
 .fini          0x0000000008004c40        0x8 c:/st/stm32cubeide_1.8.0/stm32cubeide/plugins/com.st.stm32cube.ide.mcu.externaltools.gnu-tools-for-stm32.9-2020-q2-update.win32_2.0.0.202105311346/tools/bin/../lib/gcc/arm-none-eabi/9.3.1/thumb/v7e-m+dp/hard/crtn.o
                0x0000000008004c48                . = ALIGN (0x4)
                0x0000000008004c48                _etext = .

.vfp11_veneer   0x0000000008004c48        0x0
 .vfp11_veneer  0x0000000008004c48        0x0 linker stubs

.v4_bx          0x0000000008004c48        0x0
 .v4_bx         0x0000000008004c48        0x0 linker stubs

.iplt           0x0000000008004c48        0x0
 .iplt          0x0000000008004c48        0x0 c:/st/stm32cubeide_1.8.0/stm32cubeide/plugins/com.st.stm32cube.ide.mcu.externaltools.gnu-tools-for-stm32.9-2020-q2-update.win32_2.0.0.202105311346/tools/bin/../lib/gcc/arm-none-eabi/9.3.1/thumb/v7e-m+dp/hard/crtbegin.o

.rodata         0x0000000008004c48       0x38
                0x0000000008004c48                . = ALIGN (0x4)
 *(.rodata)
 *(.rodata*)
 .rodata.D1CorePrescTable
                0x0000000008004c48       0x10 ./Core/Src/system_stm32h7xx.o
                0x0000000008004c48                D1CorePrescTable
 .rodata.UARTPrescTable
                0x0000000008004c58       0x18 ./Drivers/STM32H7xx_HAL_Driver/Src/stm32h7xx_hal_uart.o
                0x0000000008004c58                UARTPrescTable
 .rodata.numerator.10317
                0x0000000008004c70        0x8 ./Drivers/STM32H7xx_HAL_Driver/Src/stm32h7xx_hal_uart_ex.o
 .rodata.denominator.10318
                0x0000000008004c78        0x8 ./Drivers/STM32H7xx_HAL_Driver/Src/stm32h7xx_hal_uart_ex.o
                0x0000000008004c80                . = ALIGN (0x4)

.ARM.extab
 *(.ARM.extab* .gnu.linkonce.armextab.*)

.ARM            0x0000000008004c80        0x8
                0x0000000008004c80                __exidx_start = .
 *(.ARM.exidx*)
 .ARM.exidx     0x0000000008004c80        0x8 c:/st/stm32cubeide_1.8.0/stm32cubeide/plugins/com.st.stm32cube.ide.mcu.externaltools.gnu-tools-for-stm32.9-2020-q2-update.win32_2.0.0.202105311346/tools/bin/../lib/gcc/arm-none-eabi/9.3.1/thumb/v7e-m+dp/hard\libgcc.a(_udivmoddi4.o)
                0x0000000008004c88                __exidx_end = .

.rel.dyn        0x0000000008004c88        0x0
 .rel.iplt      0x0000000008004c88        0x0 c:/st/stm32cubeide_1.8.0/stm32cubeide/plugins/com.st.stm32cube.ide.mcu.externaltools.gnu-tools-for-stm32.9-2020-q2-update.win32_2.0.0.202105311346/tools/bin/../lib/gcc/arm-none-eabi/9.3.1/thumb/v7e-m+dp/hard/crtbegin.o

.preinit_array  0x0000000008004c88        0x0
                0x0000000008004c88                PROVIDE (__preinit_array_start = .)
 *(.preinit_array*)
                0x0000000008004c88                PROVIDE (__preinit_array_end = .)

.init_array     0x0000000008004c88        0x4
                0x0000000008004c88                PROVIDE (__init_array_start = .)
 *(SORT_BY_NAME(.init_array.*))
 *(.init_array*)
 .init_array    0x0000000008004c88        0x4 c:/st/stm32cubeide_1.8.0/stm32cubeide/plugins/com.st.stm32cube.ide.mcu.externaltools.gnu-tools-for-stm32.9-2020-q2-update.win32_2.0.0.202105311346/tools/bin/../lib/gcc/arm-none-eabi/9.3.1/thumb/v7e-m+dp/hard/crtbegin.o
                0x0000000008004c8c                PROVIDE (__init_array_end = .)

.fini_array     0x0000000008004c8c        0x4
                [!provide]                        PROVIDE (__fini_array_start = .)
 *(SORT_BY_NAME(.fini_array.*))
 *(.fini_array*)
 .fini_array    0x0000000008004c8c        0x4 c:/st/stm32cubeide_1.8.0/stm32cubeide/plugins/com.st.stm32cube.ide.mcu.externaltools.gnu-tools-for-stm32.9-2020-q2-update.win32_2.0.0.202105311346/tools/bin/../lib/gcc/arm-none-eabi/9.3.1/thumb/v7e-m+dp/hard/crtbegin.o
                [!provide]                        PROVIDE (__fini_array_end = .)
                0x0000000008004c90                _sidata = LOADADDR (.data)

.data           0x0000000024000000       0x10 load address 0x0000000008004c90
                0x0000000024000000                . = ALIGN (0x4)
                0x0000000024000000                _sdata = .
 *(.data)
 *(.data*)
 .data.SystemCoreClock
                0x0000000024000000        0x4 ./Core/Src/system_stm32h7xx.o
                0x0000000024000000                SystemCoreClock
 .data.SystemD2Clock
                0x0000000024000004        0x4 ./Core/Src/system_stm32h7xx.o
                0x0000000024000004                SystemD2Clock
 .data.uwTickPrio
                0x0000000024000008        0x4 ./Drivers/STM32H7xx_HAL_Driver/Src/stm32h7xx_hal.o
                0x0000000024000008                uwTickPrio
 .data.uwTickFreq
                0x000000002400000c        0x1 ./Drivers/STM32H7xx_HAL_Driver/Src/stm32h7xx_hal.o
                0x000000002400000c                uwTickFreq
 *(.RamFunc)
 *(.RamFunc*)
                0x0000000024000010                . = ALIGN (0x4)
 *fill*         0x000000002400000d        0x3 
                0x0000000024000010                _edata = .

.igot.plt       0x0000000024000010        0x0 load address 0x0000000008004ca0
 .igot.plt      0x0000000024000010        0x0 c:/st/stm32cubeide_1.8.0/stm32cubeide/plugins/com.st.stm32cube.ide.mcu.externaltools.gnu-tools-for-stm32.9-2020-q2-update.win32_2.0.0.202105311346/tools/bin/../lib/gcc/arm-none-eabi/9.3.1/thumb/v7e-m+dp/hard/crtbegin.o
                0x0000000024000010                . = ALIGN (0x4)

.bss            0x0000000024000010       0xb0 load address 0x0000000008004ca0
                0x0000000024000010                _sbss = .
                0x0000000024000010                __bss_start__ = _sbss
 *(.bss)
 .bss           0x0000000024000010       0x1c c:/st/stm32cubeide_1.8.0/stm32cubeide/plugins/com.st.stm32cube.ide.mcu.externaltools.gnu-tools-for-stm32.9-2020-q2-update.win32_2.0.0.202105311346/tools/bin/../lib/gcc/arm-none-eabi/9.3.1/thumb/v7e-m+dp/hard/crtbegin.o
 *(.bss*)
 *(COMMON)
 COMMON         0x000000002400002c       0x90 ./Core/Src/main.o
                0x000000002400002c                huart3
 COMMON         0x00000000240000bc        0x4 ./Drivers/STM32H7xx_HAL_Driver/Src/stm32h7xx_hal.o
                0x00000000240000bc                uwTick
                0x00000000240000c0                . = ALIGN (0x4)
                0x00000000240000c0                _ebss = .
                0x00000000240000c0                __bss_end__ = _ebss

._user_heap_stack
                0x00000000240000c0      0x600 load address 0x0000000008004ca0
                0x00000000240000c0                . = ALIGN (0x8)
                [!provide]                        PROVIDE (end = .)
                0x00000000240000c0                PROVIDE (_end = .)
                0x00000000240002c0                . = (. + _Min_Heap_Size)
 *fill*         0x00000000240000c0      0x200 
                0x00000000240006c0                . = (. + _Min_Stack_Size)
 *fill*         0x00000000240002c0      0x400 
                0x00000000240006c0                . = ALIGN (0x8)

/DISCARD/
 libc.a(*)
 libm.a(*)
 libgcc.a(*)

.ARM.attributes
                0x0000000000000000       0x2e
 *(.ARM.attributes)
 .ARM.attributes
                0x0000000000000000       0x1e c:/st/stm32cubeide_1.8.0/stm32cubeide/plugins/com.st.stm32cube.ide.mcu.externaltools.gnu-tools-for-stm32.9-2020-q2-update.win32_2.0.0.202105311346/tools/bin/../lib/gcc/arm-none-eabi/9.3.1/thumb/v7e-m+dp/hard/crti.o
 .ARM.attributes
                0x000000000000001e       0x32 c:/st/stm32cubeide_1.8.0/stm32cubeide/plugins/com.st.stm32cube.ide.mcu.externaltools.gnu-tools-for-stm32.9-2020-q2-update.win32_2.0.0.202105311346/tools/bin/../lib/gcc/arm-none-eabi/9.3.1/thumb/v7e-m+dp/hard/crtbegin.o
 .ARM.attributes
                0x0000000000000050       0x32 ./Core/Src/main.o
 .ARM.attributes
                0x0000000000000082       0x32 ./Core/Src/stm32h7xx_hal_msp.o
 .ARM.attributes
                0x00000000000000b4       0x32 ./Core/Src/stm32h7xx_it.o
 .ARM.attributes
                0x00000000000000e6       0x32 ./Core/Src/system_stm32h7xx.o
 .ARM.attributes
                0x0000000000000118       0x21 ./Core/Startup/startup_stm32h7a3zitxq.o
 .ARM.attributes
                0x0000000000000139       0x32 ./Drivers/STM32H7xx_HAL_Driver/Src/stm32h7xx_hal.o
 .ARM.attributes
                0x000000000000016b       0x32 ./Drivers/STM32H7xx_HAL_Driver/Src/stm32h7xx_hal_cortex.o
 .ARM.attributes
                0x000000000000019d       0x32 ./Drivers/STM32H7xx_HAL_Driver/Src/stm32h7xx_hal_gpio.o
 .ARM.attributes
                0x00000000000001cf       0x32 ./Drivers/STM32H7xx_HAL_Driver/Src/stm32h7xx_hal_pwr_ex.o
 .ARM.attributes
                0x0000000000000201       0x32 ./Drivers/STM32H7xx_HAL_Driver/Src/stm32h7xx_hal_rcc.o
 .ARM.attributes
                0x0000000000000233       0x32 ./Drivers/STM32H7xx_HAL_Driver/Src/stm32h7xx_hal_rcc_ex.o
 .ARM.attributes
                0x0000000000000265       0x32 ./Drivers/STM32H7xx_HAL_Driver/Src/stm32h7xx_hal_uart.o
 .ARM.attributes
                0x0000000000000297       0x32 ./Drivers/STM32H7xx_HAL_Driver/Src/stm32h7xx_hal_uart_ex.o
 .ARM.attributes
                0x00000000000002c9       0x32 c:/st/stm32cubeide_1.8.0/stm32cubeide/plugins/com.st.stm32cube.ide.mcu.externaltools.gnu-tools-for-stm32.9-2020-q2-update.win32_2.0.0.202105311346/tools/bin/../lib/gcc/arm-none-eabi/9.3.1/../../../../arm-none-eabi/lib/thumb/v7e-m+dp/hard\libc_nano.a(lib_a-init.o)
 .ARM.attributes
                0x00000000000002fb       0x32 c:/st/stm32cubeide_1.8.0/stm32cubeide/plugins/com.st.stm32cube.ide.mcu.externaltools.gnu-tools-for-stm32.9-2020-q2-update.win32_2.0.0.202105311346/tools/bin/../lib/gcc/arm-none-eabi/9.3.1/../../../../arm-none-eabi/lib/thumb/v7e-m+dp/hard\libc_nano.a(lib_a-memset.o)
 .ARM.attributes
                0x000000000000032d       0x1e c:/st/stm32cubeide_1.8.0/stm32cubeide/plugins/com.st.stm32cube.ide.mcu.externaltools.gnu-tools-for-stm32.9-2020-q2-update.win32_2.0.0.202105311346/tools/bin/../lib/gcc/arm-none-eabi/9.3.1/thumb/v7e-m+dp/hard\libgcc.a(_aeabi_uldivmod.o)
 .ARM.attributes
                0x000000000000034b       0x32 c:/st/stm32cubeide_1.8.0/stm32cubeide/plugins/com.st.stm32cube.ide.mcu.externaltools.gnu-tools-for-stm32.9-2020-q2-update.win32_2.0.0.202105311346/tools/bin/../lib/gcc/arm-none-eabi/9.3.1/thumb/v7e-m+dp/hard\libgcc.a(_udivmoddi4.o)
 .ARM.attributes
                0x000000000000037d       0x1e c:/st/stm32cubeide_1.8.0/stm32cubeide/plugins/com.st.stm32cube.ide.mcu.externaltools.gnu-tools-for-stm32.9-2020-q2-update.win32_2.0.0.202105311346/tools/bin/../lib/gcc/arm-none-eabi/9.3.1/thumb/v7e-m+dp/hard\libgcc.a(_dvmd_tls.o)
 .ARM.attributes
                0x000000000000039b       0x1e c:/st/stm32cubeide_1.8.0/stm32cubeide/plugins/com.st.stm32cube.ide.mcu.externaltools.gnu-tools-for-stm32.9-2020-q2-update.win32_2.0.0.202105311346/tools/bin/../lib/gcc/arm-none-eabi/9.3.1/thumb/v7e-m+dp/hard/crtn.o
OUTPUT(HPR_Nuclino_Using_CMSIS_MATH_LIBRARY.elf elf32-littlearm)
LOAD linker stubs
LOAD c:/st/stm32cubeide_1.8.0/stm32cubeide/plugins/com.st.stm32cube.ide.mcu.externaltools.gnu-tools-for-stm32.9-2020-q2-update.win32_2.0.0.202105311346/tools/bin/../lib/gcc/arm-none-eabi/9.3.1/../../../../arm-none-eabi/lib/thumb/v7e-m+dp/hard\libc.a
LOAD c:/st/stm32cubeide_1.8.0/stm32cubeide/plugins/com.st.stm32cube.ide.mcu.externaltools.gnu-tools-for-stm32.9-2020-q2-update.win32_2.0.0.202105311346/tools/bin/../lib/gcc/arm-none-eabi/9.3.1/../../../../arm-none-eabi/lib/thumb/v7e-m+dp/hard\libm.a
LOAD c:/st/stm32cubeide_1.8.0/stm32cubeide/plugins/com.st.stm32cube.ide.mcu.externaltools.gnu-tools-for-stm32.9-2020-q2-update.win32_2.0.0.202105311346/tools/bin/../lib/gcc/arm-none-eabi/9.3.1/thumb/v7e-m+dp/hard\libgcc.a

.debug_info     0x0000000000000000    0x16a5c
 .debug_info    0x0000000000000000     0x1b58 ./Core/Src/main.o
 .debug_info    0x0000000000001b58     0x1a91 ./Core/Src/stm32h7xx_hal_msp.o
 .debug_info    0x00000000000035e9      0xc21 ./Core/Src/stm32h7xx_it.o
 .debug_info    0x000000000000420a     0x170a ./Core/Src/system_stm32h7xx.o
 .debug_info    0x0000000000005914       0x22 ./Core/Startup/startup_stm32h7a3zitxq.o
 .debug_info    0x0000000000005936     0x1e3c ./Drivers/STM32H7xx_HAL_Driver/Src/stm32h7xx_hal.o
 .debug_info    0x0000000000007772     0x1bf5 ./Drivers/STM32H7xx_HAL_Driver/Src/stm32h7xx_hal_cortex.o
 .debug_info    0x0000000000009367     0x16a5 ./Drivers/STM32H7xx_HAL_Driver/Src/stm32h7xx_hal_gpio.o
 .debug_info    0x000000000000aa0c     0x1a62 ./Drivers/STM32H7xx_HAL_Driver/Src/stm32h7xx_hal_pwr_ex.o
 .debug_info    0x000000000000c46e     0x19a3 ./Drivers/STM32H7xx_HAL_Driver/Src/stm32h7xx_hal_rcc.o
 .debug_info    0x000000000000de11     0x1cf0 ./Drivers/STM32H7xx_HAL_Driver/Src/stm32h7xx_hal_rcc_ex.o
 .debug_info    0x000000000000fb01     0x55b2 ./Drivers/STM32H7xx_HAL_Driver/Src/stm32h7xx_hal_uart.o
 .debug_info    0x00000000000150b3     0x19a9 ./Drivers/STM32H7xx_HAL_Driver/Src/stm32h7xx_hal_uart_ex.o

.debug_abbrev   0x0000000000000000     0x2406
 .debug_abbrev  0x0000000000000000      0x2f3 ./Core/Src/main.o
 .debug_abbrev  0x00000000000002f3      0x267 ./Core/Src/stm32h7xx_hal_msp.o
 .debug_abbrev  0x000000000000055a      0x1ef ./Core/Src/stm32h7xx_it.o
 .debug_abbrev  0x0000000000000749      0x262 ./Core/Src/system_stm32h7xx.o
 .debug_abbrev  0x00000000000009ab       0x12 ./Core/Startup/startup_stm32h7a3zitxq.o
 .debug_abbrev  0x00000000000009bd      0x31b ./Drivers/STM32H7xx_HAL_Driver/Src/stm32h7xx_hal.o
 .debug_abbrev  0x0000000000000cd8      0x409 ./Drivers/STM32H7xx_HAL_Driver/Src/stm32h7xx_hal_cortex.o
 .debug_abbrev  0x00000000000010e1      0x2cb ./Drivers/STM32H7xx_HAL_Driver/Src/stm32h7xx_hal_gpio.o
 .debug_abbrev  0x00000000000013ac      0x33f ./Drivers/STM32H7xx_HAL_Driver/Src/stm32h7xx_hal_pwr_ex.o
 .debug_abbrev  0x00000000000016eb      0x322 ./Drivers/STM32H7xx_HAL_Driver/Src/stm32h7xx_hal_rcc.o
 .debug_abbrev  0x0000000000001a0d      0x32e ./Drivers/STM32H7xx_HAL_Driver/Src/stm32h7xx_hal_rcc_ex.o
 .debug_abbrev  0x0000000000001d3b      0x38e ./Drivers/STM32H7xx_HAL_Driver/Src/stm32h7xx_hal_uart.o
 .debug_abbrev  0x00000000000020c9      0x33d ./Drivers/STM32H7xx_HAL_Driver/Src/stm32h7xx_hal_uart_ex.o

.debug_aranges  0x0000000000000000      0xa28
 .debug_aranges
                0x0000000000000000       0x48 ./Core/Src/main.o
 .debug_aranges
                0x0000000000000048       0x30 ./Core/Src/stm32h7xx_hal_msp.o
 .debug_aranges
                0x0000000000000078       0x60 ./Core/Src/stm32h7xx_it.o
 .debug_aranges
                0x00000000000000d8       0x28 ./Core/Src/system_stm32h7xx.o
 .debug_aranges
                0x0000000000000100       0x28 ./Core/Startup/startup_stm32h7a3zitxq.o
 .debug_aranges
                0x0000000000000128      0x1a0 ./Drivers/STM32H7xx_HAL_Driver/Src/stm32h7xx_hal.o
 .debug_aranges
                0x00000000000002c8      0x120 ./Drivers/STM32H7xx_HAL_Driver/Src/stm32h7xx_hal_cortex.o
 .debug_aranges
                0x00000000000003e8       0x58 ./Drivers/STM32H7xx_HAL_Driver/Src/stm32h7xx_hal_gpio.o
 .debug_aranges
                0x0000000000000440      0x188 ./Drivers/STM32H7xx_HAL_Driver/Src/stm32h7xx_hal_pwr_ex.o
 .debug_aranges
                0x00000000000005c8       0x88 ./Drivers/STM32H7xx_HAL_Driver/Src/stm32h7xx_hal_rcc.o
 .debug_aranges
                0x0000000000000650       0xf0 ./Drivers/STM32H7xx_HAL_Driver/Src/stm32h7xx_hal_rcc_ex.o
 .debug_aranges
                0x0000000000000740      0x248 ./Drivers/STM32H7xx_HAL_Driver/Src/stm32h7xx_hal_uart.o
 .debug_aranges
                0x0000000000000988       0xa0 ./Drivers/STM32H7xx_HAL_Driver/Src/stm32h7xx_hal_uart_ex.o

.debug_ranges   0x0000000000000000      0x990
 .debug_ranges  0x0000000000000000       0x38 ./Core/Src/main.o
 .debug_ranges  0x0000000000000038       0x20 ./Core/Src/stm32h7xx_hal_msp.o
 .debug_ranges  0x0000000000000058       0x50 ./Core/Src/stm32h7xx_it.o
 .debug_ranges  0x00000000000000a8       0x18 ./Core/Src/system_stm32h7xx.o
 .debug_ranges  0x00000000000000c0       0x20 ./Core/Startup/startup_stm32h7a3zitxq.o
 .debug_ranges  0x00000000000000e0      0x190 ./Drivers/STM32H7xx_HAL_Driver/Src/stm32h7xx_hal.o
 .debug_ranges  0x0000000000000270      0x110 ./Drivers/STM32H7xx_HAL_Driver/Src/stm32h7xx_hal_cortex.o
 .debug_ranges  0x0000000000000380       0x48 ./Drivers/STM32H7xx_HAL_Driver/Src/stm32h7xx_hal_gpio.o
 .debug_ranges  0x00000000000003c8      0x178 ./Drivers/STM32H7xx_HAL_Driver/Src/stm32h7xx_hal_pwr_ex.o
 .debug_ranges  0x0000000000000540       0x78 ./Drivers/STM32H7xx_HAL_Driver/Src/stm32h7xx_hal_rcc.o
 .debug_ranges  0x00000000000005b8       0xe0 ./Drivers/STM32H7xx_HAL_Driver/Src/stm32h7xx_hal_rcc_ex.o
 .debug_ranges  0x0000000000000698      0x268 ./Drivers/STM32H7xx_HAL_Driver/Src/stm32h7xx_hal_uart.o
 .debug_ranges  0x0000000000000900       0x90 ./Drivers/STM32H7xx_HAL_Driver/Src/stm32h7xx_hal_uart_ex.o

.debug_macro    0x0000000000000000    0x2eb09
 .debug_macro   0x0000000000000000      0x2ee ./Core/Src/main.o
 .debug_macro   0x00000000000002ee      0xac6 ./Core/Src/main.o
 .debug_macro   0x0000000000000db4      0x232 ./Core/Src/main.o
 .debug_macro   0x0000000000000fe6       0x2e ./Core/Src/main.o
 .debug_macro   0x0000000000001014       0x42 ./Core/Src/main.o
 .debug_macro   0x0000000000001056       0x22 ./Core/Src/main.o
 .debug_macro   0x0000000000001078       0x8e ./Core/Src/main.o
 .debug_macro   0x0000000000001106       0x51 ./Core/Src/main.o
 .debug_macro   0x0000000000001157      0x103 ./Core/Src/main.o
 .debug_macro   0x000000000000125a       0x6a ./Core/Src/main.o
 .debug_macro   0x00000000000012c4      0x1df ./Core/Src/main.o
 .debug_macro   0x00000000000014a3       0x1c ./Core/Src/main.o
 .debug_macro   0x00000000000014bf       0x22 ./Core/Src/main.o
 .debug_macro   0x00000000000014e1      0x101 ./Core/Src/main.o
 .debug_macro   0x00000000000015e2     0x1305 ./Core/Src/main.o
 .debug_macro   0x00000000000028e7      0x11f ./Core/Src/main.o
 .debug_macro   0x0000000000002a06       0x27 ./Core/Src/main.o
 .debug_macro   0x0000000000002a2d    0x1e8b9 ./Core/Src/main.o
 .debug_macro   0x00000000000212e6       0x6d ./Core/Src/main.o
 .debug_macro   0x0000000000021353     0x3d25 ./Core/Src/main.o
 .debug_macro   0x0000000000025078      0x174 ./Core/Src/main.o
 .debug_macro   0x00000000000251ec       0x52 ./Core/Src/main.o
 .debug_macro   0x000000000002523e       0x17 ./Core/Src/main.o
 .debug_macro   0x0000000000025255       0x3c ./Core/Src/main.o
 .debug_macro   0x0000000000025291       0x34 ./Core/Src/main.o
 .debug_macro   0x00000000000252c5       0x16 ./Core/Src/main.o
 .debug_macro   0x00000000000252db       0x43 ./Core/Src/main.o
 .debug_macro   0x000000000002531e       0x34 ./Core/Src/main.o
 .debug_macro   0x0000000000025352       0x10 ./Core/Src/main.o
 .debug_macro   0x0000000000025362       0x58 ./Core/Src/main.o
 .debug_macro   0x00000000000253ba       0x71 ./Core/Src/main.o
 .debug_macro   0x000000000002542b       0x1c ./Core/Src/main.o
 .debug_macro   0x0000000000025447      0x12a ./Core/Src/main.o
 .debug_macro   0x0000000000025571      0x333 ./Core/Src/main.o
 .debug_macro   0x00000000000258a4      0x1a9 ./Core/Src/main.o
 .debug_macro   0x0000000000025a4d       0x5d ./Core/Src/main.o
 .debug_macro   0x0000000000025aaa     0x24ee ./Core/Src/main.o
 .debug_macro   0x0000000000027f98     0x1010 ./Core/Src/main.o
 .debug_macro   0x0000000000028fa8      0x14d ./Core/Src/main.o
 .debug_macro   0x00000000000290f5      0x114 ./Core/Src/main.o
 .debug_macro   0x0000000000029209      0x3bf ./Core/Src/main.o
 .debug_macro   0x00000000000295c8       0xac ./Core/Src/main.o
 .debug_macro   0x0000000000029674      0x70a ./Core/Src/main.o
 .debug_macro   0x0000000000029d7e      0x20c ./Core/Src/main.o
 .debug_macro   0x0000000000029f8a       0x66 ./Core/Src/main.o
 .debug_macro   0x0000000000029ff0      0x3c9 ./Core/Src/main.o
 .debug_macro   0x000000000002a3b9      0x3eb ./Core/Src/main.o
 .debug_macro   0x000000000002a7a4      0x275 ./Core/Src/main.o
 .debug_macro   0x000000000002aa19      0x6c8 ./Core/Src/main.o
 .debug_macro   0x000000000002b0e1      0x520 ./Core/Src/main.o
 .debug_macro   0x000000000002b601       0x58 ./Core/Src/main.o
 .debug_macro   0x000000000002b659       0x4a ./Core/Src/main.o
 .debug_macro   0x000000000002b6a3      0x22c ./Core/Src/main.o
 .debug_macro   0x000000000002b8cf       0x67 ./Core/Src/main.o
 .debug_macro   0x000000000002b936       0xa5 ./Core/Src/main.o
 .debug_macro   0x000000000002b9db      0x1bd ./Core/Src/main.o
 .debug_macro   0x000000000002bb98      0x2dc ./Core/Src/main.o
 .debug_macro   0x000000000002be74       0x35 ./Core/Src/main.o
 .debug_macro   0x000000000002bea9      0x67e ./Core/Src/main.o
 .debug_macro   0x000000000002c527       0xa6 ./Core/Src/main.o
 .debug_macro   0x000000000002c5cd      0x5be ./Core/Src/main.o
 .debug_macro   0x000000000002cb8b       0xc4 ./Core/Src/main.o
 .debug_macro   0x000000000002cc4f       0x12 ./Core/Src/main.o
 .debug_macro   0x000000000002cc61       0x16 ./Core/Src/main.o
 .debug_macro   0x000000000002cc77       0x35 ./Core/Src/main.o
 .debug_macro   0x000000000002ccac       0x20 ./Core/Src/main.o
 .debug_macro   0x000000000002cccc       0xd6 ./Core/Src/main.o
 .debug_macro   0x000000000002cda2      0x2a3 ./Core/Src/stm32h7xx_hal_msp.o
 .debug_macro   0x000000000002d045      0x2ad ./Core/Src/stm32h7xx_it.o
 .debug_macro   0x000000000002d2f2      0x294 ./Core/Src/system_stm32h7xx.o
 .debug_macro   0x000000000002d586      0x2be ./Drivers/STM32H7xx_HAL_Driver/Src/stm32h7xx_hal.o
 .debug_macro   0x000000000002d844      0x294 ./Drivers/STM32H7xx_HAL_Driver/Src/stm32h7xx_hal_cortex.o
 .debug_macro   0x000000000002dad8      0x29b ./Drivers/STM32H7xx_HAL_Driver/Src/stm32h7xx_hal_gpio.o
 .debug_macro   0x000000000002dd73      0x2cd ./Drivers/STM32H7xx_HAL_Driver/Src/stm32h7xx_hal_pwr_ex.o
 .debug_macro   0x000000000002e040      0x2b8 ./Drivers/STM32H7xx_HAL_Driver/Src/stm32h7xx_hal_rcc.o
 .debug_macro   0x000000000002e2f8      0x2b2 ./Drivers/STM32H7xx_HAL_Driver/Src/stm32h7xx_hal_rcc_ex.o
 .debug_macro   0x000000000002e5aa      0x2bf ./Drivers/STM32H7xx_HAL_Driver/Src/stm32h7xx_hal_uart.o
 .debug_macro   0x000000000002e869      0x2a0 ./Drivers/STM32H7xx_HAL_Driver/Src/stm32h7xx_hal_uart_ex.o

.debug_line     0x0000000000000000     0xd7c7
 .debug_line    0x0000000000000000      0x9f2 ./Core/Src/main.o
 .debug_line    0x00000000000009f2      0x889 ./Core/Src/stm32h7xx_hal_msp.o
 .debug_line    0x000000000000127b      0x8ec ./Core/Src/stm32h7xx_it.o
 .debug_line    0x0000000000001b67      0x9d1 ./Core/Src/system_stm32h7xx.o
 .debug_line    0x0000000000002538       0x89 ./Core/Startup/startup_stm32h7a3zitxq.o
 .debug_line    0x00000000000025c1      0xde4 ./Drivers/STM32H7xx_HAL_Driver/Src/stm32h7xx_hal.o
 .debug_line    0x00000000000033a5      0xddd ./Drivers/STM32H7xx_HAL_Driver/Src/stm32h7xx_hal_cortex.o
 .debug_line    0x0000000000004182      0xc9a ./Drivers/STM32H7xx_HAL_Driver/Src/stm32h7xx_hal_gpio.o
 .debug_line    0x0000000000004e1c      0xf65 ./Drivers/STM32H7xx_HAL_Driver/Src/stm32h7xx_hal_pwr_ex.o
 .debug_line    0x0000000000005d81     0x12e1 ./Drivers/STM32H7xx_HAL_Driver/Src/stm32h7xx_hal_rcc.o
 .debug_line    0x0000000000007062     0x1a0f ./Drivers/STM32H7xx_HAL_Driver/Src/stm32h7xx_hal_rcc_ex.o
 .debug_line    0x0000000000008a71     0x3ea1 ./Drivers/STM32H7xx_HAL_Driver/Src/stm32h7xx_hal_uart.o
 .debug_line    0x000000000000c912      0xeb5 ./Drivers/STM32H7xx_HAL_Driver/Src/stm32h7xx_hal_uart_ex.o

.debug_str      0x0000000000000000   0x132baa
 .debug_str     0x0000000000000000   0x12f4c7 ./Core/Src/main.o
                                     0x12fa7d (size before relaxing)
 .debug_str     0x000000000012f4c7      0x33d ./Core/Src/stm32h7xx_hal_msp.o
                                     0x12f596 (size before relaxing)
 .debug_str     0x000000000012f804       0xbd ./Core/Src/stm32h7xx_it.o
                                     0x12ead8 (size before relaxing)
 .debug_str     0x000000000012f8c1      0x2df ./Core/Src/system_stm32h7xx.o
                                     0x12ec4f (size before relaxing)
 .debug_str     0x000000000012fba0       0x37 ./Core/Startup/startup_stm32h7a3zitxq.o
                                         0x93 (size before relaxing)
 .debug_str     0x000000000012fbd7      0xe17 ./Drivers/STM32H7xx_HAL_Driver/Src/stm32h7xx_hal.o
                                     0x12fa3b (size before relaxing)
 .debug_str     0x00000000001309ee      0x39f ./Drivers/STM32H7xx_HAL_Driver/Src/stm32h7xx_hal_cortex.o
                                     0x12f550 (size before relaxing)
 .debug_str     0x0000000000130d8d      0x12a ./Drivers/STM32H7xx_HAL_Driver/Src/stm32h7xx_hal_gpio.o
                                     0x12ec2d (size before relaxing)
 .debug_str     0x0000000000130eb7      0x752 ./Drivers/STM32H7xx_HAL_Driver/Src/stm32h7xx_hal_pwr_ex.o
                                     0x12f194 (size before relaxing)
 .debug_str     0x0000000000131609      0x26c ./Drivers/STM32H7xx_HAL_Driver/Src/stm32h7xx_hal_rcc.o
                                     0x12efe2 (size before relaxing)
 .debug_str     0x0000000000131875      0x63d ./Drivers/STM32H7xx_HAL_Driver/Src/stm32h7xx_hal_rcc_ex.o
                                     0x12f44f (size before relaxing)
 .debug_str     0x0000000000131eb2      0xa11 ./Drivers/STM32H7xx_HAL_Driver/Src/stm32h7xx_hal_uart.o
                                     0x12f9e0 (size before relaxing)
 .debug_str     0x00000000001328c3      0x2e7 ./Drivers/STM32H7xx_HAL_Driver/Src/stm32h7xx_hal_uart_ex.o
                                     0x12efe7 (size before relaxing)

.comment        0x0000000000000000       0x53
 .comment       0x0000000000000000       0x53 ./Core/Src/main.o
                                         0x54 (size before relaxing)
 .comment       0x0000000000000053       0x54 ./Core/Src/stm32h7xx_hal_msp.o
 .comment       0x0000000000000053       0x54 ./Core/Src/stm32h7xx_it.o
 .comment       0x0000000000000053       0x54 ./Core/Src/system_stm32h7xx.o
 .comment       0x0000000000000053       0x54 ./Drivers/STM32H7xx_HAL_Driver/Src/stm32h7xx_hal.o
 .comment       0x0000000000000053       0x54 ./Drivers/STM32H7xx_HAL_Driver/Src/stm32h7xx_hal_cortex.o
 .comment       0x0000000000000053       0x54 ./Drivers/STM32H7xx_HAL_Driver/Src/stm32h7xx_hal_gpio.o
 .comment       0x0000000000000053       0x54 ./Drivers/STM32H7xx_HAL_Driver/Src/stm32h7xx_hal_pwr_ex.o
 .comment       0x0000000000000053       0x54 ./Drivers/STM32H7xx_HAL_Driver/Src/stm32h7xx_hal_rcc.o
 .comment       0x0000000000000053       0x54 ./Drivers/STM32H7xx_HAL_Driver/Src/stm32h7xx_hal_rcc_ex.o
 .comment       0x0000000000000053       0x54 ./Drivers/STM32H7xx_HAL_Driver/Src/stm32h7xx_hal_uart.o
 .comment       0x0000000000000053       0x54 ./Drivers/STM32H7xx_HAL_Driver/Src/stm32h7xx_hal_uart_ex.o

.debug_frame    0x0000000000000000     0x2954
 .debug_frame   0x0000000000000000       0xcc ./Core/Src/main.o
 .debug_frame   0x00000000000000cc       0x84 ./Core/Src/stm32h7xx_hal_msp.o
 .debug_frame   0x0000000000000150      0x104 ./Core/Src/stm32h7xx_it.o
 .debug_frame   0x0000000000000254       0x58 ./Core/Src/system_stm32h7xx.o
 .debug_frame   0x00000000000002ac      0x6a8 ./Drivers/STM32H7xx_HAL_Driver/Src/stm32h7xx_hal.o
 .debug_frame   0x0000000000000954      0x4b8 ./Drivers/STM32H7xx_HAL_Driver/Src/stm32h7xx_hal_cortex.o
 .debug_frame   0x0000000000000e0c      0x14c ./Drivers/STM32H7xx_HAL_Driver/Src/stm32h7xx_hal_gpio.o
 .debug_frame   0x0000000000000f58      0x660 ./Drivers/STM32H7xx_HAL_Driver/Src/stm32h7xx_hal_pwr_ex.o
 .debug_frame   0x00000000000015b8      0x1fc ./Drivers/STM32H7xx_HAL_Driver/Src/stm32h7xx_hal_rcc.o
 .debug_frame   0x00000000000017b4      0x3cc ./Drivers/STM32H7xx_HAL_Driver/Src/stm32h7xx_hal_rcc_ex.o
 .debug_frame   0x0000000000001b80      0xa8c ./Drivers/STM32H7xx_HAL_Driver/Src/stm32h7xx_hal_uart.o
 .debug_frame   0x000000000000260c      0x29c ./Drivers/STM32H7xx_HAL_Driver/Src/stm32h7xx_hal_uart_ex.o
 .debug_frame   0x00000000000028a8       0x2c c:/st/stm32cubeide_1.8.0/stm32cubeide/plugins/com.st.stm32cube.ide.mcu.externaltools.gnu-tools-for-stm32.9-2020-q2-update.win32_2.0.0.202105311346/tools/bin/../lib/gcc/arm-none-eabi/9.3.1/../../../../arm-none-eabi/lib/thumb/v7e-m+dp/hard\libc_nano.a(lib_a-init.o)
 .debug_frame   0x00000000000028d4       0x20 c:/st/stm32cubeide_1.8.0/stm32cubeide/plugins/com.st.stm32cube.ide.mcu.externaltools.gnu-tools-for-stm32.9-2020-q2-update.win32_2.0.0.202105311346/tools/bin/../lib/gcc/arm-none-eabi/9.3.1/../../../../arm-none-eabi/lib/thumb/v7e-m+dp/hard\libc_nano.a(lib_a-memset.o)
 .debug_frame   0x00000000000028f4       0x2c c:/st/stm32cubeide_1.8.0/stm32cubeide/plugins/com.st.stm32cube.ide.mcu.externaltools.gnu-tools-for-stm32.9-2020-q2-update.win32_2.0.0.202105311346/tools/bin/../lib/gcc/arm-none-eabi/9.3.1/thumb/v7e-m+dp/hard\libgcc.a(_aeabi_uldivmod.o)
 .debug_frame   0x0000000000002920       0x34 c:/st/stm32cubeide_1.8.0/stm32cubeide/plugins/com.st.stm32cube.ide.mcu.externaltools.gnu-tools-for-stm32.9-2020-q2-update.win32_2.0.0.202105311346/tools/bin/../lib/gcc/arm-none-eabi/9.3.1/thumb/v7e-m+dp/hard\libgcc.a(_udivmoddi4.o)
