14:38:39 **** Incremental Build of configuration Debug for project CMSIS_4.5_test_v2 ****
make -j12 all 
arm-none-eabi-gcc "../Core/Src/main.c" -mcpu=cortex-m7 -std=gnu11 -g3 -DDEBUG -DARM_MATH_CM7 -DUSE_HAL_DRIVER -DSTM32H7A3xxQ -c -I../Core/Inc -I../Drivers/STM32H7xx_HAL_Driver/Inc -I../Drivers/STM32H7xx_HAL_Driver/Inc/Legacy -I../Drivers/CMSIS/Device/ST/STM32H7xx/Include -I../Drivers/CMSIS/Include -O0 -ffunction-sections -fdata-sections -Wall -fstack-usage -MMD -MP -MF"Core/Src/main.d" -MT"Core/Src/main.o" --specs=nano.specs -mfpu=fpv5-d16 -mfloat-abi=hard -mthumb -o "Core/Src/main.o"
../Core/Src/main.c: In function 'create_data_matrix_f32_test_3_arrays':
../Core/Src/main.c:299:11: warning: unused variable 'arrayCols' [-Wunused-variable]
  299 |  uint16_t arrayCols = 3;
      |           ^~~~~~~~~
../Core/Src/main.c:298:11: warning: unused variable 'arrayRows' [-Wunused-variable]
  298 |  uint16_t arrayRows = 1;
      |           ^~~~~~~~~
../Core/Src/main.c: In function 'create_covariance_matrix_f32_test_3_arrays':
../Core/Src/main.c:346:6: warning: variable 'arm_mat_instance_f32' set but not used [-Wunused-but-set-variable]
  346 |  int arm_mat_instance_f32 = sizeof(dataMatrix);
      |      ^~~~~~~~~~~~~~~~~~~~
../Core/Src/main.c: In function 'main':
../Core/Src/main.c:431:13: warning: unused variable 'pDataTrue_create_data_matrix_f32_test_3_arrays' [-Wunused-variable]
  431 |   float32_t pDataTrue_create_data_matrix_f32_test_3_arrays[] = {1,2,3,4,5,6,7,8,9,8,1,3,5,2,4,8,1,5,9,8,7,6,5,4,3,2,1};
      |             ^~~~~~~~~~~~~~~~~~~~~~~~~~~~~~~~~~~~~~~~~~~~~~
../Core/Src/main.c:430:13: warning: unused variable 'pDataC' [-Wunused-variable]
  430 |   float32_t pDataC[] = {9,8,7,6,5,4,3,2,1};
      |             ^~~~~~
arm-none-eabi-gcc -o "CMSIS_4.5_test_v2.elf" @"objects.list"  -larm_cortexM7lfdp_math -mcpu=cortex-m7 -T"C:\Users\chama\STM32CubeIDE\ARM_MATH_CM7_testing\CMSIS_4.5_test_v2\STM32H7A3ZITXQ_FLASH.ld" --specs=nosys.specs -Wl,-Map="CMSIS_4.5_test_v2.map" -Wl,--gc-sections -static -L"C:\Users\chama\STM32CubeIDE\ARM_MATH_CM7_testing\CMSIS_4.5_test_v2\libs" --specs=nano.specs -mfpu=fpv5-d16 -mfloat-abi=hard -mthumb -Wl,--start-group -lc -lm -Wl,--end-group
Finished building target: CMSIS_4.5_test_v2.elf
 
arm-none-eabi-size   CMSIS_4.5_test_v2.elf 
arm-none-eabi-objdump -h -S  CMSIS_4.5_test_v2.elf  > "CMSIS_4.5_test_v2.list"
arm-none-eabi-objcopy  -O binary  CMSIS_4.5_test_v2.elf  "CMSIS_4.5_test_v2.bin"
   text	   data	    bss	    dec	    hex	filename
  22668	     24	   1712	  24404	   5f54	CMSIS_4.5_test_v2.elf
Finished building: default.size.stdout
 
Finished building: CMSIS_4.5_test_v2.bin
 
Finished building: CMSIS_4.5_test_v2.list
 
14:38:46 **** Incremental Build of configuration Debug for project CMSIS_4.5_test_v2 ****
make -j12 all 
arm-none-eabi-size   CMSIS_4.5_test_v2.elf 
   text	   data	    bss	    dec	    hex	filename
  22668	     24	   1712	  24404	   5f54	CMSIS_4.5_test_v2.elf
Finished building: default.size.stdout
 
14:39:25 **** Incremental Build of configuration Debug for project CMSIS_4.5_test_v2 ****
make -j12 all 
arm-none-eabi-size   CMSIS_4.5_test_v2.elf 
   text	   data	    bss	    dec	    hex	filename
  22668	     24	   1712	  24404	   5f54	CMSIS_4.5_test_v2.elf
Finished building: default.size.stdout
 
14:47:34 **** Incremental Build of configuration Debug for project CMSIS_4.5_test_v2 ****
make -j12 all 
arm-none-eabi-size   CMSIS_4.5_test_v2.elf 
   text	   data	    bss	    dec	    hex	filename
  22668	     24	   1712	  24404	   5f54	CMSIS_4.5_test_v2.elf
Finished building: default.size.stdout
 
14:53:38 **** Incremental Build of configuration Debug for project CMSIS_4.5_test_v2 ****
make -j12 all 
arm-none-eabi-gcc "../Core/Src/main.c" -mcpu=cortex-m7 -std=gnu11 -g3 -DDEBUG -DARM_MATH_CM7 -DUSE_HAL_DRIVER -DSTM32H7A3xxQ -c -I../Core/Inc -I../Drivers/STM32H7xx_HAL_Driver/Inc -I../Drivers/STM32H7xx_HAL_Driver/Inc/Legacy -I../Drivers/CMSIS/Device/ST/STM32H7xx/Include -I../Drivers/CMSIS/Include -O0 -ffunction-sections -fdata-sections -Wall -fstack-usage -MMD -MP -MF"Core/Src/main.d" -MT"Core/Src/main.o" --specs=nano.specs -mfpu=fpv5-d16 -mfloat-abi=hard -mthumb -o "Core/Src/main.o"
../Core/Src/main.c: In function 'create_data_matrix_f32_test_3_arrays':
../Core/Src/main.c:301:11: warning: unused variable 'arrayCols' [-Wunused-variable]
  301 |  uint16_t arrayCols = 3;
      |           ^~~~~~~~~
../Core/Src/main.c:300:11: warning: unused variable 'arrayRows' [-Wunused-variable]
  300 |  uint16_t arrayRows = 1;
      |           ^~~~~~~~~
../Core/Src/main.c: In function 'create_covariance_matrix_f32_test_3_arrays':
../Core/Src/main.c:348:6: warning: variable 'size_arm_mat_instance_f32' set but not used [-Wunused-but-set-variable]
  348 |  int size_arm_mat_instance_f32 = sizeof(dataMatrix);
      |      ^~~~~~~~~~~~~~~~~~~~~~~~~
../Core/Src/main.c: In function 'main':
../Core/Src/main.c:433:13: warning: unused variable 'pDataTrue_create_data_matrix_f32_test_3_arrays' [-Wunused-variable]
  433 |   float32_t pDataTrue_create_data_matrix_f32_test_3_arrays[] = {1,2,3,4,5,6,7,8,9,8,1,3,5,2,4,8,1,5,9,8,7,6,5,4,3,2,1};
      |             ^~~~~~~~~~~~~~~~~~~~~~~~~~~~~~~~~~~~~~~~~~~~~~
../Core/Src/main.c:432:13: warning: unused variable 'pDataC' [-Wunused-variable]
  432 |   float32_t pDataC[] = {9,8,7,6,5,4,3,2,1};
      |             ^~~~~~
arm-none-eabi-gcc -o "CMSIS_4.5_test_v2.elf" @"objects.list"  -larm_cortexM7lfdp_math -mcpu=cortex-m7 -T"C:\Users\chama\STM32CubeIDE\ARM_MATH_CM7_testing\CMSIS_4.5_test_v2\STM32H7A3ZITXQ_FLASH.ld" --specs=nosys.specs -Wl,-Map="CMSIS_4.5_test_v2.map" -Wl,--gc-sections -static -L"C:\Users\chama\STM32CubeIDE\ARM_MATH_CM7_testing\CMSIS_4.5_test_v2\libs" --specs=nano.specs -mfpu=fpv5-d16 -mfloat-abi=hard -mthumb -Wl,--start-group -lc -lm -Wl,--end-group
Finished building target: CMSIS_4.5_test_v2.elf
 
arm-none-eabi-size   CMSIS_4.5_test_v2.elf 
arm-none-eabi-objdump -h -S  CMSIS_4.5_test_v2.elf  > "CMSIS_4.5_test_v2.list"
arm-none-eabi-objcopy  -O binary  CMSIS_4.5_test_v2.elf  "CMSIS_4.5_test_v2.bin"
   text	   data	    bss	    dec	    hex	filename
  22324	     24	   1712	  24060	   5dfc	CMSIS_4.5_test_v2.elf
Finished building: default.size.stdout
 
Finished building: CMSIS_4.5_test_v2.bin
 
Finished building: CMSIS_4.5_test_v2.list
 
14:53:55 **** Incremental Build of configuration Debug for project CMSIS_4.5_test_v2 ****
make -j12 all 
arm-none-eabi-size   CMSIS_4.5_test_v2.elf 
   text	   data	    bss	    dec	    hex	filename
  22324	     24	   1712	  24060	   5dfc	CMSIS_4.5_test_v2.elf
Finished building: default.size.stdout
 
