12:00:05 **** Incremental Build of configuration Debug for project CMSIS_4.5_test_v2 ****
make -j12 all 
arm-none-eabi-gcc "../Core/Src/main.c" -mcpu=cortex-m7 -std=gnu11 -g3 -DDEBUG -DARM_MATH_CM7 -DUSE_HAL_DRIVER -DSTM32H7A3xxQ -c -I../Core/Inc -I../Drivers/STM32H7xx_HAL_Driver/Inc -I../Drivers/STM32H7xx_HAL_Driver/Inc/Legacy -I../Drivers/CMSIS/Device/ST/STM32H7xx/Include -I../Drivers/CMSIS/Include -O0 -ffunction-sections -fdata-sections -Wall -fstack-usage -MMD -MP -MF"Core/Src/main.d" -MT"Core/Src/main.o" --specs=nano.specs -mfpu=fpv5-d16 -mfloat-abi=hard -mthumb -o "Core/Src/main.o"
../Core/Src/main.c: In function 'create_covariance_matrix_f32':
../Core/Src/main.c:276:41: warning: passing argument 2 of 'arm_mat_trans_f32' from incompatible pointer type [-Wincompatible-pointer-types]
  276 |  status = arm_mat_trans_f32(dataMatrix, &dataMatrixT);
      |                                         ^~~~~~~~~~~~
      |                                         |
      |                                         arm_matrix_instance_f32 ** {aka struct <anonymous> **}
In file included from ../Core/Src/main.c:28:
../Core/Inc/arm_math.h:1502:29: note: expected 'arm_matrix_instance_f32 *' {aka 'struct <anonymous> *'} but argument is of type 'arm_matrix_instance_f32 **' {aka 'struct <anonymous> **'}
 1502 |   arm_matrix_instance_f32 * pDst);
      |   ~~~~~~~~~~~~~~~~~~~~~~~~~~^~~~
../Core/Src/main.c:283:40: warning: passing argument 2 of 'arm_mat_mult_f32' from incompatible pointer type [-Wincompatible-pointer-types]
  283 |  status = arm_mat_mult_f32(dataMatrix, &dataMatrixT, &tempMatrix);
      |                                        ^~~~~~~~~~~~
      |                                        |
      |                                        arm_matrix_instance_f32 ** {aka struct <anonymous> **}
In file included from ../Core/Src/main.c:28:
../Core/Inc/arm_math.h:1539:35: note: expected 'const arm_matrix_instance_f32 *' {aka 'const struct <anonymous> *'} but argument is of type 'arm_matrix_instance_f32 **' {aka 'struct <anonymous> **'}
 1539 |   const arm_matrix_instance_f32 * pSrcB,
      |   ~~~~~~~~~~~~~~~~~~~~~~~~~~~~~~~~^~~~~
../Core/Src/main.c:283:54: warning: passing argument 3 of 'arm_mat_mult_f32' from incompatible pointer type [-Wincompatible-pointer-types]
  283 |  status = arm_mat_mult_f32(dataMatrix, &dataMatrixT, &tempMatrix);
      |                                                      ^~~~~~~~~~~
      |                                                      |
      |                                                      arm_matrix_instance_f32 ** {aka struct <anonymous> **}
In file included from ../Core/Src/main.c:28:
../Core/Inc/arm_math.h:1540:29: note: expected 'arm_matrix_instance_f32 *' {aka 'struct <anonymous> *'} but argument is of type 'arm_matrix_instance_f32 **' {aka 'struct <anonymous> **'}
 1540 |   arm_matrix_instance_f32 * pDst);
      |   ~~~~~~~~~~~~~~~~~~~~~~~~~~^~~~
../Core/Src/main.c:291:29: warning: passing argument 1 of 'arm_mat_scale_f32' from incompatible pointer type [-Wincompatible-pointer-types]
  291 |  status = arm_mat_scale_f32(&tempMatrix, scaleFactor, covarianceMatrix);
      |                             ^~~~~~~~~~~
      |                             |
      |                             arm_matrix_instance_f32 ** {aka struct <anonymous> **}
In file included from ../Core/Src/main.c:28:
../Core/Inc/arm_math.h:1654:35: note: expected 'const arm_matrix_instance_f32 *' {aka 'const struct <anonymous> *'} but argument is of type 'arm_matrix_instance_f32 **' {aka 'struct <anonymous> **'}
 1654 |   const arm_matrix_instance_f32 * pSrc,
      |   ~~~~~~~~~~~~~~~~~~~~~~~~~~~~~~~~^~~~
../Core/Src/main.c: In function 'create_data_matrix_f32_test_3_arrays':
../Core/Src/main.c:304:11: warning: unused variable 'arrayCols' [-Wunused-variable]
  304 |  uint16_t arrayCols = 3;
      |           ^~~~~~~~~
../Core/Src/main.c:303:11: warning: unused variable 'arrayRows' [-Wunused-variable]
  303 |  uint16_t arrayRows = 1;
      |           ^~~~~~~~~
../Core/Src/main.c: In function 'create_covariance_matrix_f32_test_3_arrays':
../Core/Src/main.c:351:6: warning: variable 'size_arm_mat_instance_f32' set but not used [-Wunused-but-set-variable]
  351 |  int size_arm_mat_instance_f32 = sizeof(dataMatrix);
      |      ^~~~~~~~~~~~~~~~~~~~~~~~~
../Core/Src/main.c: In function 'main':
../Core/Src/main.c:444:13: warning: unused variable 'pDataTrue_create_data_matrix_f32_test_3_arrays' [-Wunused-variable]
  444 |   float32_t pDataTrue_create_data_matrix_f32_test_3_arrays[] = {1,2,3,4,5,6,7,8,9,8,1,3,5,2,4,8,1,5,9,8,7,6,5,4,3,2,1};
      |             ^~~~~~~~~~~~~~~~~~~~~~~~~~~~~~~~~~~~~~~~~~~~~~
../Core/Src/main.c:443:13: warning: unused variable 'pDataC' [-Wunused-variable]
  443 |   float32_t pDataC[] = {9,8,7,6,5,4,3,2,1};
      |             ^~~~~~
arm-none-eabi-gcc -o "CMSIS_4.5_test_v2.elf" @"objects.list"  -larm_cortexM7lfdp_math -mcpu=cortex-m7 -T"C:\Users\chama\STM32CubeIDE\ARM_MATH_CM7_testing\CMSIS_4.5_test_v2\STM32H7A3ZITXQ_FLASH.ld" --specs=nosys.specs -Wl,-Map="CMSIS_4.5_test_v2.map" -Wl,--gc-sections -static -L"C:\Users\chama\STM32CubeIDE\ARM_MATH_CM7_testing\CMSIS_4.5_test_v2\libs" --specs=nano.specs -mfpu=fpv5-d16 -mfloat-abi=hard -mthumb -Wl,--start-group -lc -lm -Wl,--end-group
Finished building target: CMSIS_4.5_test_v2.elf
 
arm-none-eabi-size   CMSIS_4.5_test_v2.elf 
arm-none-eabi-objdump -h -S  CMSIS_4.5_test_v2.elf  > "CMSIS_4.5_test_v2.list"
arm-none-eabi-objcopy  -O binary  CMSIS_4.5_test_v2.elf  "CMSIS_4.5_test_v2.bin"
   text	   data	    bss	    dec	    hex	filename
  22316	     24	   1712	  24052	   5df4	CMSIS_4.5_test_v2.elf
Finished building: default.size.stdout
 
Finished building: CMSIS_4.5_test_v2.bin
 
Finished building: CMSIS_4.5_test_v2.list
 
12:00:21 **** Incremental Build of configuration Debug for project CMSIS_4.5_test_v2 ****
make -j12 all 
arm-none-eabi-size   CMSIS_4.5_test_v2.elf 
   text	   data	    bss	    dec	    hex	filename
  22316	     24	   1712	  24052	   5df4	CMSIS_4.5_test_v2.elf
Finished building: default.size.stdout
 
12:03:36 **** Incremental Build of configuration Debug for project CMSIS_4.5_test_v2 ****
make -j12 all 
arm-none-eabi-gcc "../Core/Src/main.c" -mcpu=cortex-m7 -std=gnu11 -g3 -DDEBUG -DARM_MATH_CM7 -DUSE_HAL_DRIVER -DSTM32H7A3xxQ -c -I../Core/Inc -I../Drivers/STM32H7xx_HAL_Driver/Inc -I../Drivers/STM32H7xx_HAL_Driver/Inc/Legacy -I../Drivers/CMSIS/Device/ST/STM32H7xx/Include -I../Drivers/CMSIS/Include -O0 -ffunction-sections -fdata-sections -Wall -fstack-usage -MMD -MP -MF"Core/Src/main.d" -MT"Core/Src/main.o" --specs=nano.specs -mfpu=fpv5-d16 -mfloat-abi=hard -mthumb -o "Core/Src/main.o"
../Core/Src/main.c: In function 'create_covariance_matrix_f32':
../Core/Src/main.c:276:41: warning: passing argument 2 of 'arm_mat_trans_f32' from incompatible pointer type [-Wincompatible-pointer-types]
  276 |  status = arm_mat_trans_f32(dataMatrix, &dataMatrixT);
      |                                         ^~~~~~~~~~~~
      |                                         |
      |                                         arm_matrix_instance_f32 ** {aka struct <anonymous> **}
In file included from ../Core/Src/main.c:28:
../Core/Inc/arm_math.h:1502:29: note: expected 'arm_matrix_instance_f32 *' {aka 'struct <anonymous> *'} but argument is of type 'arm_matrix_instance_f32 **' {aka 'struct <anonymous> **'}
 1502 |   arm_matrix_instance_f32 * pDst);
      |   ~~~~~~~~~~~~~~~~~~~~~~~~~~^~~~
../Core/Src/main.c:283:40: warning: passing argument 2 of 'arm_mat_mult_f32' from incompatible pointer type [-Wincompatible-pointer-types]
  283 |  status = arm_mat_mult_f32(dataMatrix, &dataMatrixT, &tempMatrix);
      |                                        ^~~~~~~~~~~~
      |                                        |
      |                                        arm_matrix_instance_f32 ** {aka struct <anonymous> **}
In file included from ../Core/Src/main.c:28:
../Core/Inc/arm_math.h:1539:35: note: expected 'const arm_matrix_instance_f32 *' {aka 'const struct <anonymous> *'} but argument is of type 'arm_matrix_instance_f32 **' {aka 'struct <anonymous> **'}
 1539 |   const arm_matrix_instance_f32 * pSrcB,
      |   ~~~~~~~~~~~~~~~~~~~~~~~~~~~~~~~~^~~~~
../Core/Src/main.c:283:54: warning: passing argument 3 of 'arm_mat_mult_f32' from incompatible pointer type [-Wincompatible-pointer-types]
  283 |  status = arm_mat_mult_f32(dataMatrix, &dataMatrixT, &tempMatrix);
      |                                                      ^~~~~~~~~~~
      |                                                      |
      |                                                      arm_matrix_instance_f32 ** {aka struct <anonymous> **}
In file included from ../Core/Src/main.c:28:
../Core/Inc/arm_math.h:1540:29: note: expected 'arm_matrix_instance_f32 *' {aka 'struct <anonymous> *'} but argument is of type 'arm_matrix_instance_f32 **' {aka 'struct <anonymous> **'}
 1540 |   arm_matrix_instance_f32 * pDst);
      |   ~~~~~~~~~~~~~~~~~~~~~~~~~~^~~~
../Core/Src/main.c:291:29: warning: passing argument 1 of 'arm_mat_scale_f32' from incompatible pointer type [-Wincompatible-pointer-types]
  291 |  status = arm_mat_scale_f32(&tempMatrix, scaleFactor, covarianceMatrix);
      |                             ^~~~~~~~~~~
      |                             |
      |                             arm_matrix_instance_f32 ** {aka struct <anonymous> **}
In file included from ../Core/Src/main.c:28:
../Core/Inc/arm_math.h:1654:35: note: expected 'const arm_matrix_instance_f32 *' {aka 'const struct <anonymous> *'} but argument is of type 'arm_matrix_instance_f32 **' {aka 'struct <anonymous> **'}
 1654 |   const arm_matrix_instance_f32 * pSrc,
      |   ~~~~~~~~~~~~~~~~~~~~~~~~~~~~~~~~^~~~
../Core/Src/main.c: In function 'create_data_matrix_f32_test_3_arrays':
../Core/Src/main.c:304:11: warning: unused variable 'arrayCols' [-Wunused-variable]
  304 |  uint16_t arrayCols = 3;
      |           ^~~~~~~~~
../Core/Src/main.c:303:11: warning: unused variable 'arrayRows' [-Wunused-variable]
  303 |  uint16_t arrayRows = 1;
      |           ^~~~~~~~~
../Core/Src/main.c: In function 'create_covariance_matrix_f32_test_3_arrays':
../Core/Src/main.c:355:6: warning: variable 'size_arm_mat_instance_f32' set but not used [-Wunused-but-set-variable]
  355 |  int size_arm_mat_instance_f32 = sizeof(dataMatrix);
      |      ^~~~~~~~~~~~~~~~~~~~~~~~~
../Core/Src/main.c: In function 'main':
../Core/Src/main.c:446:13: warning: unused variable 'pDataTrue_create_data_matrix_f32_test_3_arrays' [-Wunused-variable]
  446 |   float32_t pDataTrue_create_data_matrix_f32_test_3_arrays[] = {1,2,3,4,5,6,7,8,9,8,1,3,5,2,4,8,1,5,9,8,7,6,5,4,3,2,1};
      |             ^~~~~~~~~~~~~~~~~~~~~~~~~~~~~~~~~~~~~~~~~~~~~~
../Core/Src/main.c:445:13: warning: unused variable 'pDataC' [-Wunused-variable]
  445 |   float32_t pDataC[] = {9,8,7,6,5,4,3,2,1};
      |             ^~~~~~
arm-none-eabi-gcc -o "CMSIS_4.5_test_v2.elf" @"objects.list"  -larm_cortexM7lfdp_math -mcpu=cortex-m7 -T"C:\Users\chama\STM32CubeIDE\ARM_MATH_CM7_testing\CMSIS_4.5_test_v2\STM32H7A3ZITXQ_FLASH.ld" --specs=nosys.specs -Wl,-Map="CMSIS_4.5_test_v2.map" -Wl,--gc-sections -static -L"C:\Users\chama\STM32CubeIDE\ARM_MATH_CM7_testing\CMSIS_4.5_test_v2\libs" --specs=nano.specs -mfpu=fpv5-d16 -mfloat-abi=hard -mthumb -Wl,--start-group -lc -lm -Wl,--end-group
Finished building target: CMSIS_4.5_test_v2.elf
 
arm-none-eabi-size   CMSIS_4.5_test_v2.elf 
arm-none-eabi-objdump -h -S  CMSIS_4.5_test_v2.elf  > "CMSIS_4.5_test_v2.list"
arm-none-eabi-objcopy  -O binary  CMSIS_4.5_test_v2.elf  "CMSIS_4.5_test_v2.bin"
   text	   data	    bss	    dec	    hex	filename
  22316	     24	   1712	  24052	   5df4	CMSIS_4.5_test_v2.elf
Finished building: default.size.stdout
 
Finished building: CMSIS_4.5_test_v2.bin
 
Finished building: CMSIS_4.5_test_v2.list
 
